******************************************************************************
                  TI ARM Linker PC v18.1.2                     
******************************************************************************
>> Linked Tue Feb 26 21:44:05 2019

OUTPUT FILE NAME:   <Lab3.out>
ENTRY POINT SYMBOL: "_c_int00_noargs"  address: 000025ad


MEMORY CONFIGURATION

         name            origin    length      used     unused   attr    fill
----------------------  --------  ---------  --------  --------  ----  --------
  FLASH                 00000000   00040000  0000293d  0003d6c3  R  X
  SRAM                  20000000   00008000  000022d5  00005d2b  RW X


SEGMENT ALLOCATION MAP

run origin  load origin   length   init length attrs members
----------  ----------- ---------- ----------- ----- -------
00000000    00000000    00002940   00002940    r-x
  00000000    00000000    0000026c   0000026c    r-- .intvecs
  0000026c    0000026c    00002524   00002524    r-x .text
  00002790    00002790    0000016d   0000016d    r-- .const
  00002900    00002900    00000040   00000040    r-- .cinit
20000000    20000000    000022d9   00000000    rw-
  20000000    20000000    0000026c   00000000    rw- .vtable
  20000270    20000270    00001000   00000000    rw- .stack
  20001270    20001270    00001000   00000000    rw- .sysmem
  20002270    20002270    0000005c   00000000    rw- .bss
  200022cc    200022cc    0000000d   00000000    rw- .data


SECTION ALLOCATION MAP

 output                                  attributes/
section   page    origin      length       input sections
--------  ----  ----------  ----------   ----------------
.intvecs   0    00000000    0000026c     
                  00000000    0000026c     tm4c123gh6pm_startup_ccs.obj (.intvecs)

.text      0    0000026c    00002524     
                  0000026c    00000a5e     rtsv7M4_T_le_v4SPD16_eabi.lib : _printfi.c.obj (.text:__TI_printfi)
                  00000cca    00000002                                   : div0.asm.obj (.text)
                  00000ccc    0000038c     lcd.obj (.text)
                  00001058    00000270     rtsv7M4_T_le_v4SPD16_eabi.lib : _printfi.c.obj (.text:_pconv_a)
                  000012c8    000001d0                                   : _printfi.c.obj (.text:_pconv_g)
                  00001498    000001b6                                   : fd_add_t2.asm.obj (.text)
                  0000164e    00000002     --HOLE-- [fill = 0]
                  00001650    00000158     timer.obj (.text)
                  000017a8    0000013c     rtsv7M4_T_le_v4SPD16_eabi.lib : _printfi.c.obj (.text:_pconv_e)
                  000018e4    00000136                                   : fd_div_t2.asm.obj (.text)
                  00001a1a    00000002     --HOLE-- [fill = 0]
                  00001a1c    00000128     button.obj (.text)
                  00001b44    00000120     rtsv7M4_T_le_v4SPD16_eabi.lib : _printfi.c.obj (.text:fcvt)
                  00001c64    00000110                                   : s_scalbn.c.obj (.text:scalbn)
                  00001d74    000000fc                                   : fd_mul_t2.asm.obj (.text)
                  00001e70    000000b1                                   : _printfi.c.obj (.text:_ltostr)
                  00001f21    00000001     --HOLE-- [fill = 0]
                  00001f22    0000009c                                   : memcpy_t2.asm.obj (.text)
                  00001fbe    00000096                                   : ull_div_t2.asm.obj (.text)
                  00002054    00000086                                   : fd_cmp_t2.asm.obj (.text:__aeabi_cdcmple)
                  000020da    00000086                                   : fd_cmp_t2.asm.obj (.text:__aeabi_cdrcmple)
                  00002160    0000007a                                   : memset_t2.asm.obj (.text)
                  000021da    0000006e                                   : _printfi.c.obj (.text:_mcpy)
                  00002248    00000068                                   : copy_decompress_lzss.c.obj (.text:decompress:lzss:__TI_decompress_lzss)
                  000022b0    00000064                                   : s_frexp.c.obj (.text:frexp)
                  00002314    00000056                                   : _printfi.c.obj (.text:_pconv_f)
                  0000236a    00000054                                   : ltoa.c.obj (.text:ltoa)
                  000023be    00000052                                   : _printfi.c.obj (.text:_ecpy)
                  00002410    0000004c                                   : atoi.c.obj (.text:atoi)
                  0000245c    00000048                                   : fd_toi_t2.asm.obj (.text)
                  000024a4    00000044                                   : autoinit.c.obj (.text:__TI_auto_init_nobinit_nopinit:__TI_auto_init_nobinit_nopinit)
                  000024e8    00000044     l3_main.obj (.text)
                  0000252c    00000040     rtsv7M4_T_le_v4SPD16_eabi.lib : vsnprintf.c.obj (.text:vsnprintf)
                  0000256c    0000003e                                   : _printfi.c.obj (.text:_fcpy)
                  000025aa    00000002     --HOLE-- [fill = 0]
                  000025ac    00000038                                   : boot_cortex_m.c.obj (.text:_c_int00_noargs:_c_int00_noargs)
                  000025e4    00000034     driverlib.lib : interrupt.obj (.text:IntRegister)
                  00002618    00000030     rtsv7M4_T_le_v4SPD16_eabi.lib : vsnprintf.c.obj (.text:_outs)
                  00002648    0000002e                                   : i_tofd_t2.asm.obj (.text)
                  00002676    0000001e                                   : strcat.c.obj (.text:strcat)
                  00002694    0000001c                                   : memccpy.c.obj (.text:memccpy)
                  000026b0    00000018                                   : vsnprintf.c.obj (.text:_outc)
                  000026c8    00000018                                   : strcmp.c.obj (.text:strcmp)
                  000026e0    00000016                                   : strchr.c.obj (.text:strchr)
                  000026f6    00000014                                   : s_copysign.c.obj (.text:copysign)
                  0000270a    00000014                                   : strcpy.c.obj (.text:strcpy)
                  0000271e    00000014                                   : strlen.c.obj (.text:strlen)
                  00002732    00000012                                   : copy_zero_init.c.obj (.text:decompress:ZI:__TI_zero_init_nomemset:__TI_zero_init_nomemset)
                  00002744    00000012                                   : wcslen.c.obj (.text:wcslen)
                  00002756    00000010     lcd.obj (.text:lcd_clear)
                  00002766    0000000e     rtsv7M4_T_le_v4SPD16_eabi.lib : copy_decompress_none.c.obj (.text:decompress:none:__TI_decompress_none)
                  00002774    0000000c     tm4c123gh6pm_startup_ccs.obj (.text)
                  00002780    00000008     rtsv7M4_T_le_v4SPD16_eabi.lib : errno.c.obj (.text:__aeabi_errno_addr)
                  00002788    00000004                                   : pre_init.c.obj (.text:_system_pre_init)
                  0000278c    00000004                                   : exit.c.obj (.text:abort:abort)

.const     0    00002790    0000016d     
                  00002790    00000101     rtsv7M4_T_le_v4SPD16_eabi.lib : ctype.c.obj (.const:.string:_ctypes_)
                  00002891    00000064     lcd.obj (.const:.string:$P$T0$4)
                  000028f5    00000004     lcd.obj (.const:.string:lineAddress$1)
                  000028f9    00000004     lcd.obj (.const:.string:lineAddresses$2)

.cinit     0    00002900    00000040     
                  00002900    0000000c     (__TI_handler_table)
                  0000290c    00000004     --HOLE-- [fill = 0]
                  00002910    00000008     (.cinit..bss.load) [load image, compression = zero_init]
                  00002918    00000008     (.cinit..vtable.load) [load image, compression = zero_init]
                  00002920    00000007     (.cinit..data.load) [load image, compression = lzss]
                  00002927    00000001     --HOLE-- [fill = 0]
                  00002928    00000018     (__TI_cinit_table)

.init_array 
*          0    00000000    00000000     UNINITIALIZED

.vtable    0    20000000    0000026c     UNINITIALIZED
                  20000000    0000026c     driverlib.lib : interrupt.obj (.vtable)

.stack     0    20000270    00001000     UNINITIALIZED
                  20000270    00000004     rtsv7M4_T_le_v4SPD16_eabi.lib : boot_cortex_m.c.obj (.stack)
                  20000274    00000ffc     --HOLE--

.sysmem    0    20001270    00001000     UNINITIALIZED
                  20001270    00000008     rtsv7M4_T_le_v4SPD16_eabi.lib : memory.c.obj (.sysmem)
                  20001278    00000ff8     --HOLE--

.bss       0    20002270    0000005c     UNINITIALIZED
                  20002270    00000054     lcd.obj (.bss:lastbuffer$3)
                  200022c4    00000004     (.common:button_event_ptr)
                  200022c8    00000004     (.common:button_num_ptr)

.data      0    200022cc    0000000d     UNINITIALIZED
                  200022cc    00000008     l3_main.obj (.data)
                  200022d4    00000004     rtsv7M4_T_le_v4SPD16_eabi.lib : errno.c.obj (.data)
                  200022d8    00000001     button.obj (.data)

MODULE SUMMARY

       Module                         code   ro data   rw data
       ------                         ----   -------   -------
    .\
       lcd.obj                        924    108       84     
       tm4c123gh6pm_startup_ccs.obj   12     620       0      
       timer.obj                      344    0         0      
       button.obj                     296    0         9      
       l3_main.obj                    68     0         8      
    +--+------------------------------+------+---------+---------+
       Total:                         1644   728       101    
                                                              
    C:/ti/TivaWare_C_Series-2.1.4.178/driverlib/ccs/Debug/driverlib.lib
       interrupt.obj                  52     0         620    
    +--+------------------------------+------+---------+---------+
       Total:                         52     0         620    
                                                              
    C:\ti\ccsv8\tools\compiler\ti-cgt-arm_18.1.2.LTS\lib\rtsv7M4_T_le_v4SPD16_eabi.lib
       _printfi.c.obj                 4863   0         0      
       fd_add_t2.asm.obj              438    0         0      
       fd_div_t2.asm.obj              310    0         0      
       s_scalbn.c.obj                 272    0         0      
       fd_cmp_t2.asm.obj              268    0         0      
       ctype.c.obj                    0      257       0      
       fd_mul_t2.asm.obj              252    0         0      
       memcpy_t2.asm.obj              156    0         0      
       ull_div_t2.asm.obj             150    0         0      
       vsnprintf.c.obj                136    0         0      
       memset_t2.asm.obj              122    0         0      
       copy_decompress_lzss.c.obj     104    0         0      
       s_frexp.c.obj                  100    0         0      
       ltoa.c.obj                     84     0         0      
       atoi.c.obj                     76     0         0      
       fd_toi_t2.asm.obj              72     0         0      
       autoinit.c.obj                 68     0         0      
       boot_cortex_m.c.obj            56     0         0      
       i_tofd_t2.asm.obj              46     0         0      
       strcat.c.obj                   30     0         0      
       memccpy.c.obj                  28     0         0      
       strcmp.c.obj                   24     0         0      
       strchr.c.obj                   22     0         0      
       s_copysign.c.obj               20     0         0      
       strcpy.c.obj                   20     0         0      
       strlen.c.obj                   20     0         0      
       copy_zero_init.c.obj           18     0         0      
       wcslen.c.obj                   18     0         0      
       copy_decompress_none.c.obj     14     0         0      
       errno.c.obj                    8      0         4      
       exit.c.obj                     4      0         0      
       pre_init.c.obj                 4      0         0      
       div0.asm.obj                   2      0         0      
    +--+------------------------------+------+---------+---------+
       Total:                         7805   257       4      
                                                              
       Heap:                          0      0         4096   
       Stack:                         0      0         4096   
       Linker Generated:              0      59        0      
    +--+------------------------------+------+---------+---------+
       Grand Total:                   9501   1044      8917   


LINKER GENERATED COPY TABLES

__TI_cinit_table @ 00002928 records: 3, size/record: 8, table size: 24
	.bss: load addr=00002910, load size=00000008 bytes, run addr=20002270, run size=0000005c bytes, compression=zero_init
	.vtable: load addr=00002918, load size=00000008 bytes, run addr=20000000, run size=0000026c bytes, compression=zero_init
	.data: load addr=00002920, load size=00000007 bytes, run addr=200022cc, run size=0000000d bytes, compression=lzss


LINKER GENERATED HANDLER TABLE

__TI_handler_table @ 00002900 records: 3, size/record: 4, table size: 12
	index: 0, handler: __TI_zero_init
	index: 1, handler: __TI_decompress_lzss
	index: 2, handler: __TI_decompress_none


GLOBAL SYMBOLS: SORTED ALPHABETICALLY BY Name 

address   name                          
-------   ----                          
0000278d  C$$EXIT                       
000025e5  IntRegister                   
00002775  ResetISR                      
20001270  __STACK_END                   
00001000  __STACK_SIZE                  
20000470  __STACK_TOP                   
00001000  __SYSMEM_SIZE                 
00002928  __TI_CINIT_Base               
00002940  __TI_CINIT_Limit              
00002900  __TI_Handler_Table_Base       
0000290c  __TI_Handler_Table_Limit      
000024a5  __TI_auto_init_nobinit_nopinit
00002249  __TI_decompress_lzss          
00002767  __TI_decompress_none          
ffffffff  __TI_pprof_out_hndl           
0000026d  __TI_printfi                  
ffffffff  __TI_prof_data_size           
ffffffff  __TI_prof_data_start          
00000000  __TI_static_base__            
00002733  __TI_zero_init_nomemset       
00002055  __aeabi_cdcmpeq               
00002055  __aeabi_cdcmple               
000020db  __aeabi_cdrcmple              
0000245d  __aeabi_d2iz                  
000014a3  __aeabi_dadd                  
000018e5  __aeabi_ddiv                  
00001d75  __aeabi_dmul                  
00001499  __aeabi_dsub                  
00002781  __aeabi_errno_addr            
00002649  __aeabi_i2d                   
00000ccb  __aeabi_idiv0                 
00000ccb  __aeabi_ldiv0                 
00002161  __aeabi_memclr                
00002161  __aeabi_memclr4               
00002161  __aeabi_memclr8               
00001f23  __aeabi_memcpy                
00001f23  __aeabi_memcpy4               
00001f23  __aeabi_memcpy8               
00002163  __aeabi_memset                
00002163  __aeabi_memset4               
00002163  __aeabi_memset8               
00001fbf  __aeabi_uldivmod              
ffffffff  __binit__                     
ffffffff  __c_args__                    
UNDEFED   __mpu_init                    
20000270  __stack                       
000025ad  _c_int00_noargs               
00002790  _ctypes_                      
20001270  _sys_memory                   
UNDEFED   _system_post_cinit            
00002789  _system_pre_init              
0000278d  abort                         
00002411  atoi                          
ffffffff  binit                         
00001ab9  button_checkButtons           
200022cc  button_event                  
200022c4  button_event_ptr              
00001ac3  button_getButton              
00001a1d  button_init                   
200022d0  button_num                    
200022c8  button_num_ptr                
000026f7  copysign                      
000026f7  copysignl                     
200022d4  errno                         
000022b1  frexp                         
000022b1  frexpl                        
20000000  g_pfnRAMVectors               
00000000  g_pfnVectors                  
00001a9d  gpioe_handler                 
00001a49  init_button_interrupts        
00002757  lcd_clear                     
00000e65  lcd_gotoLine                  
00000ccd  lcd_init                      
00000ecb  lcd_printf                    
00000d8d  lcd_putc                      
00000dc5  lcd_puts                      
00000fa9  lcd_rotatingBanner            
00000de3  lcd_sendCommand               
00000e21  lcd_sendNibble                
00000e8d  lcd_setCursorPos              
00001c65  ldexp                         
00001c65  ldexpl                        
0000236b  ltoa                          
000024e9  main                          
00002695  memccpy                       
00001f23  memcpy                        
00002169  memset                        
00001c65  scalbn                        
00001c65  scalbnl                       
00002677  strcat                        
000026e1  strchr                        
000026c9  strcmp                        
0000270b  strcpy                        
0000271f  strlen                        
00001761  timer_getClock                
00001715  timer_startClock              
000016af  timer_startTimer              
00001767  timer_stopClock               
000016ff  timer_stopTimer               
00001685  timer_waitMicros              
00001651  timer_waitMillis              
0000252d  vsnprintf                     
00002745  wcslen                        


GLOBAL SYMBOLS: SORTED BY Symbol Address 

address   name                          
-------   ----                          
00000000  __TI_static_base__            
00000000  g_pfnVectors                  
0000026d  __TI_printfi                  
00000ccb  __aeabi_idiv0                 
00000ccb  __aeabi_ldiv0                 
00000ccd  lcd_init                      
00000d8d  lcd_putc                      
00000dc5  lcd_puts                      
00000de3  lcd_sendCommand               
00000e21  lcd_sendNibble                
00000e65  lcd_gotoLine                  
00000e8d  lcd_setCursorPos              
00000ecb  lcd_printf                    
00000fa9  lcd_rotatingBanner            
00001000  __STACK_SIZE                  
00001000  __SYSMEM_SIZE                 
00001499  __aeabi_dsub                  
000014a3  __aeabi_dadd                  
00001651  timer_waitMillis              
00001685  timer_waitMicros              
000016af  timer_startTimer              
000016ff  timer_stopTimer               
00001715  timer_startClock              
00001761  timer_getClock                
00001767  timer_stopClock               
000018e5  __aeabi_ddiv                  
00001a1d  button_init                   
00001a49  init_button_interrupts        
00001a9d  gpioe_handler                 
00001ab9  button_checkButtons           
00001ac3  button_getButton              
00001c65  ldexp                         
00001c65  ldexpl                        
00001c65  scalbn                        
00001c65  scalbnl                       
00001d75  __aeabi_dmul                  
00001f23  __aeabi_memcpy                
00001f23  __aeabi_memcpy4               
00001f23  __aeabi_memcpy8               
00001f23  memcpy                        
00001fbf  __aeabi_uldivmod              
00002055  __aeabi_cdcmpeq               
00002055  __aeabi_cdcmple               
000020db  __aeabi_cdrcmple              
00002161  __aeabi_memclr                
00002161  __aeabi_memclr4               
00002161  __aeabi_memclr8               
00002163  __aeabi_memset                
00002163  __aeabi_memset4               
00002163  __aeabi_memset8               
00002169  memset                        
00002249  __TI_decompress_lzss          
000022b1  frexp                         
000022b1  frexpl                        
0000236b  ltoa                          
00002411  atoi                          
0000245d  __aeabi_d2iz                  
000024a5  __TI_auto_init_nobinit_nopinit
000024e9  main                          
0000252d  vsnprintf                     
000025ad  _c_int00_noargs               
000025e5  IntRegister                   
00002649  __aeabi_i2d                   
00002677  strcat                        
00002695  memccpy                       
000026c9  strcmp                        
000026e1  strchr                        
000026f7  copysign                      
000026f7  copysignl                     
0000270b  strcpy                        
0000271f  strlen                        
00002733  __TI_zero_init_nomemset       
00002745  wcslen                        
00002757  lcd_clear                     
00002767  __TI_decompress_none          
00002775  ResetISR                      
00002781  __aeabi_errno_addr            
00002789  _system_pre_init              
0000278d  C$$EXIT                       
0000278d  abort                         
00002790  _ctypes_                      
00002900  __TI_Handler_Table_Base       
0000290c  __TI_Handler_Table_Limit      
00002928  __TI_CINIT_Base               
00002940  __TI_CINIT_Limit              
20000000  g_pfnRAMVectors               
20000270  __stack                       
20000470  __STACK_TOP                   
20001270  __STACK_END                   
20001270  _sys_memory                   
200022c4  button_event_ptr              
200022c8  button_num_ptr                
200022cc  button_event                  
200022d0  button_num                    
200022d4  errno                         
ffffffff  __TI_pprof_out_hndl           
ffffffff  __TI_prof_data_size           
ffffffff  __TI_prof_data_start          
ffffffff  __binit__                     
ffffffff  __c_args__                    
ffffffff  binit                         
UNDEFED   __mpu_init                    
UNDEFED   _system_post_cinit            

[103 symbols]
