******************************************************************************
                  TI ARM Linker PC v18.1.2                     
******************************************************************************
>> Linked Thu Feb 28 11:50:50 2019

OUTPUT FILE NAME:   <Lab4.out>
ENTRY POINT SYMBOL: "_c_int00_noargs"  address: 00003625


MEMORY CONFIGURATION

         name            origin    length      used     unused   attr    fill
----------------------  --------  ---------  --------  --------  ----  --------
  FLASH                 00000000   00040000  00003ad2  0003c52e  R  X
  SRAM                  20000000   00008000  00002310  00005cf0  RW X


SEGMENT ALLOCATION MAP

run origin  load origin   length   init length attrs members
----------  ----------- ---------- ----------- ----- -------
00000000    00000000    00003ad8   00003ad8    r-x
  00000000    00000000    0000026c   0000026c    r-- .intvecs
  0000026c    0000026c    00003690   00003690    r-x .text
  000038fc    000038fc    0000017e   0000017e    r-- .const
  00003a80    00003a80    00000058   00000058    r-- .cinit
20000000    20000000    00002314   00000000    rw-
  20000000    20000000    0000026c   00000000    rw- .vtable
  20000270    20000270    00001000   00000000    rw- .stack
  20001270    20001270    00001000   00000000    rw- .sysmem
  20002270    20002270    00000074   00000000    rw- .bss
  200022e4    200022e4    00000030   00000000    rw- .data


SECTION ALLOCATION MAP

 output                                  attributes/
section   page    origin      length       input sections
--------  ----  ----------  ----------   ----------------
.intvecs   0    00000000    0000026c     
                  00000000    0000026c     tm4c123gh6pm_startup_ccs.obj (.intvecs)

.text      0    0000026c    00003690     
                  0000026c    00000a88     open_interface.obj (.text)
                  00000cf4    00000a5e     rtsv7M4_T_le_v4SPD16_eabi.lib : _printfi.c.obj (.text:__TI_printfi)
                  00001752    00000002                                   : _lock.c.obj (.text:_nop)
                  00001754    0000038c     lcd.obj (.text)
                  00001ae0    0000027c     movement.obj (.text)
                  00001d5c    00000270     rtsv7M4_T_le_v4SPD16_eabi.lib : _printfi.c.obj (.text:_pconv_a)
                  00001fcc    000001e4     uart.obj (.text)
                  000021b0    000001d0     rtsv7M4_T_le_v4SPD16_eabi.lib : _printfi.c.obj (.text:_pconv_g)
                  00002380    000001b6                                   : fd_add_t2.asm.obj (.text)
                  00002536    00000002                                   : div0.asm.obj (.text)
                  00002538    0000016c     l4_main.obj (.text)
                  000026a4    00000158     timer.obj (.text)
                  000027fc    0000013c     rtsv7M4_T_le_v4SPD16_eabi.lib : _printfi.c.obj (.text:_pconv_e)
                  00002938    00000136                                   : fd_div_t2.asm.obj (.text)
                  00002a6e    00000002     --HOLE-- [fill = 0]
                  00002a70    00000120                                   : _printfi.c.obj (.text:fcvt)
                  00002b90    00000110                                   : s_scalbn.c.obj (.text:scalbn)
                  00002ca0    000000fc                                   : fd_mul_t2.asm.obj (.text)
                  00002d9c    000000d8                                   : memory.c.obj (.text:free)
                  00002e74    000000b1                                   : _printfi.c.obj (.text:_ltostr)
                  00002f25    00000001     --HOLE-- [fill = 0]
                  00002f26    0000009c                                   : memcpy_t2.asm.obj (.text)
                  00002fc2    00000096                                   : ull_div_t2.asm.obj (.text)
                  00003058    00000086                                   : fd_cmp_t2.asm.obj (.text:__aeabi_cdcmple)
                  000030de    00000086                                   : fd_cmp_t2.asm.obj (.text:__aeabi_cdrcmple)
                  00003164    0000007a                                   : memset_t2.asm.obj (.text)
                  000031de    00000002     --HOLE-- [fill = 0]
                  000031e0    00000078                                   : memory.c.obj (.text:malloc)
                  00003258    0000006e                                   : _printfi.c.obj (.text:_mcpy)
                  000032c6    00000068                                   : copy_decompress_lzss.c.obj (.text:decompress:lzss:__TI_decompress_lzss)
                  0000332e    00000002     --HOLE-- [fill = 0]
                  00003330    00000064                                   : s_frexp.c.obj (.text:frexp)
                  00003394    00000056                                   : _printfi.c.obj (.text:_pconv_f)
                  000033ea    00000054                                   : ltoa.c.obj (.text:ltoa)
                  0000343e    00000052                                   : _printfi.c.obj (.text:_ecpy)
                  00003490    0000004c                                   : atoi.c.obj (.text:atoi)
                  000034dc    00000048                                   : fd_toi_t2.asm.obj (.text)
                  00003524    00000044                                   : autoinit.c.obj (.text:__TI_auto_init_nobinit_nopinit:__TI_auto_init_nobinit_nopinit)
                  00003568    00000040                                   : vsnprintf.c.obj (.text:vsnprintf)
                  000035a8    0000003e                                   : _printfi.c.obj (.text:_fcpy)
                  000035e6    00000002     --HOLE-- [fill = 0]
                  000035e8    0000003c                                   : memory.c.obj (.text:minsert)
                  00003624    00000038                                   : boot_cortex_m.c.obj (.text:_c_int00_noargs:_c_int00_noargs)
                  0000365c    00000038                                   : memory.c.obj (.text:minit)
                  00003694    00000034     driverlib.lib : interrupt.obj (.text:IntRegister)
                  000036c8    00000034     triggers.obj (.text)
                  000036fc    00000030     rtsv7M4_T_le_v4SPD16_eabi.lib : vsnprintf.c.obj (.text:_outs)
                  0000372c    0000002e                                   : i_tofd_t2.asm.obj (.text)
                  0000375a    0000002a                                   : memory.c.obj (.text:calloc)
                  00003784    00000028                                   : memory.c.obj (.text:mremove)
                  000037ac    0000001e                                   : strcat.c.obj (.text:strcat)
                  000037ca    0000001c                                   : memccpy.c.obj (.text:memccpy)
                  000037e6    00000018                                   : vsnprintf.c.obj (.text:_outc)
                  000037fe    00000018     open_interface.obj (.text:oi_parseInt)
                  00003816    00000018     rtsv7M4_T_le_v4SPD16_eabi.lib : strcmp.c.obj (.text:strcmp)
                  0000382e    00000016                                   : strchr.c.obj (.text:strchr)
                  00003844    00000014                                   : s_copysign.c.obj (.text:copysign)
                  00003858    00000014                                   : strcpy.c.obj (.text:strcpy)
                  0000386c    00000014                                   : strlen.c.obj (.text:strlen)
                  00003880    00000012                                   : copy_zero_init.c.obj (.text:decompress:ZI:__TI_zero_init_nomemset:__TI_zero_init_nomemset)
                  00003892    00000012                                   : wcslen.c.obj (.text:wcslen)
                  000038a4    00000010     driverlib.lib : interrupt.obj (.text:IntMasterEnable)
                  000038b4    00000010     lcd.obj (.text:lcd_clear)
                  000038c4    0000000e     rtsv7M4_T_le_v4SPD16_eabi.lib : copy_decompress_none.c.obj (.text:decompress:none:__TI_decompress_none)
                  000038d2    0000000c     driverlib.lib : cpu.obj (.text:CPUcpsie)
                  000038de    0000000c     tm4c123gh6pm_startup_ccs.obj (.text)
                  000038ea    00000002     --HOLE-- [fill = 0]
                  000038ec    00000008     rtsv7M4_T_le_v4SPD16_eabi.lib : errno.c.obj (.text:__aeabi_errno_addr)
                  000038f4    00000004                                   : pre_init.c.obj (.text:_system_pre_init)
                  000038f8    00000004                                   : exit.c.obj (.text:abort:abort)

.const     0    000038fc    0000017e     
                  000038fc    00000101     rtsv7M4_T_le_v4SPD16_eabi.lib : ctype.c.obj (.const:.string:_ctypes_)
                  000039fd    00000064     lcd.obj (.const:.string:$P$T0$4)
                  00003a61    0000000f     open_interface.obj (.const:.string:$P$T0$3)
                  00003a70    00000004     lcd.obj (.const:.string:lineAddress$1)
                  00003a74    00000004     lcd.obj (.const:.string:lineAddresses$2)
                  00003a78    00000002     l4_main.obj (.const:.string)

.cinit     0    00003a80    00000058     
                  00003a80    0000001d     (.cinit..data.load) [load image, compression = lzss]
                  00003a9d    00000003     --HOLE-- [fill = 0]
                  00003aa0    0000000c     (__TI_handler_table)
                  00003aac    00000004     --HOLE-- [fill = 0]
                  00003ab0    00000008     (.cinit..bss.load) [load image, compression = zero_init]
                  00003ab8    00000008     (.cinit..vtable.load) [load image, compression = zero_init]
                  00003ac0    00000018     (__TI_cinit_table)

.init_array 
*          0    00000000    00000000     UNINITIALIZED

.vtable    0    20000000    0000026c     UNINITIALIZED
                  20000000    0000026c     driverlib.lib : interrupt.obj (.vtable)

.stack     0    20000270    00001000     UNINITIALIZED
                  20000270    00000004     rtsv7M4_T_le_v4SPD16_eabi.lib : boot_cortex_m.c.obj (.stack)
                  20000274    00000ffc     --HOLE--

.sysmem    0    20001270    00001000     UNINITIALIZED
                  20001270    00000008     rtsv7M4_T_le_v4SPD16_eabi.lib : memory.c.obj (.sysmem)
                  20001278    00000ff8     --HOLE--

.bss       0    20002270    00000074     UNINITIALIZED
                  20002270    00000054     lcd.obj (.bss:lastbuffer$3)
                  200022c4    00000018     open_interface.obj (.bss:firmware$2)
                  200022dc    00000004     (.common:uart_char_ptr)
                  200022e0    00000004     (.common:uart_event_ptr)

.data      0    200022e4    00000030     UNINITIALIZED
                  200022e4    00000010     open_interface.obj (.data)
                  200022f4    0000000c     rtsv7M4_T_le_v4SPD16_eabi.lib : memory.c.obj (.data:$O1$$)
                  20002300    00000008                                   : _lock.c.obj (.data:$O1$$)
                  20002308    00000008     l4_main.obj (.data)
                  20002310    00000004     rtsv7M4_T_le_v4SPD16_eabi.lib : errno.c.obj (.data)

MODULE SUMMARY

       Module                         code    ro data   rw data
       ------                         ----    -------   -------
    .\
       open_interface.obj             2720    15        40     
       lcd.obj                        924     108       84     
       movement.obj                   636     0         0      
       tm4c123gh6pm_startup_ccs.obj   12      620       0      
       uart.obj                       484     0         8      
       l4_main.obj                    364     2         8      
       timer.obj                      344     0         0      
       triggers.obj                   52      0         0      
    +--+------------------------------+-------+---------+---------+
       Total:                         5536    745       140    
                                                               
    C:/ti/TivaWare_C_Series-2.1.4.178/driverlib/ccs/Debug/driverlib.lib
       interrupt.obj                  68      0         620    
       cpu.obj                        12      0         0      
    +--+------------------------------+-------+---------+---------+
       Total:                         80      0         620    
                                                               
    C:\ti\ccsv8\tools\compiler\ti-cgt-arm_18.1.2.LTS\lib\rtsv7M4_T_le_v4SPD16_eabi.lib
       _printfi.c.obj                 4863    0         0      
       memory.c.obj                   534     0         12     
       fd_add_t2.asm.obj              438     0         0      
       fd_div_t2.asm.obj              310     0         0      
       s_scalbn.c.obj                 272     0         0      
       fd_cmp_t2.asm.obj              268     0         0      
       ctype.c.obj                    0       257       0      
       fd_mul_t2.asm.obj              252     0         0      
       memcpy_t2.asm.obj              156     0         0      
       ull_div_t2.asm.obj             150     0         0      
       vsnprintf.c.obj                136     0         0      
       memset_t2.asm.obj              122     0         0      
       copy_decompress_lzss.c.obj     104     0         0      
       s_frexp.c.obj                  100     0         0      
       ltoa.c.obj                     84      0         0      
       atoi.c.obj                     76      0         0      
       fd_toi_t2.asm.obj              72      0         0      
       autoinit.c.obj                 68      0         0      
       boot_cortex_m.c.obj            56      0         0      
       i_tofd_t2.asm.obj              46      0         0      
       strcat.c.obj                   30      0         0      
       memccpy.c.obj                  28      0         0      
       strcmp.c.obj                   24      0         0      
       strchr.c.obj                   22      0         0      
       s_copysign.c.obj               20      0         0      
       strcpy.c.obj                   20      0         0      
       strlen.c.obj                   20      0         0      
       copy_zero_init.c.obj           18      0         0      
       wcslen.c.obj                   18      0         0      
       copy_decompress_none.c.obj     14      0         0      
       errno.c.obj                    8       0         4      
       _lock.c.obj                    2       0         8      
       exit.c.obj                     4       0         0      
       pre_init.c.obj                 4       0         0      
       div0.asm.obj                   2       0         0      
    +--+------------------------------+-------+---------+---------+
       Total:                         8341    257       24     
                                                               
       Heap:                          0       0         4096   
       Stack:                         0       0         4096   
       Linker Generated:              0       81        0      
    +--+------------------------------+-------+---------+---------+
       Grand Total:                   13957   1083      8976   


LINKER GENERATED COPY TABLES

__TI_cinit_table @ 00003ac0 records: 3, size/record: 8, table size: 24
	.data: load addr=00003a80, load size=0000001d bytes, run addr=200022e4, run size=00000030 bytes, compression=lzss
	.bss: load addr=00003ab0, load size=00000008 bytes, run addr=20002270, run size=00000074 bytes, compression=zero_init
	.vtable: load addr=00003ab8, load size=00000008 bytes, run addr=20000000, run size=0000026c bytes, compression=zero_init


LINKER GENERATED HANDLER TABLE

__TI_handler_table @ 00003aa0 records: 3, size/record: 4, table size: 12
	index: 0, handler: __TI_zero_init
	index: 1, handler: __TI_decompress_lzss
	index: 2, handler: __TI_decompress_none


GLOBAL SYMBOLS: SORTED ALPHABETICALLY BY Name 

address   name                          
-------   ----                          
000038f9  C$$EXIT                       
000038d3  CPUcpsie                      
00000b65  GPIOF_Handler                 
000038a5  IntMasterEnable               
00003695  IntRegister                   
000038df  ResetISR                      
000020f9  UART1_Handler                 
20001270  __STACK_END                   
00001000  __STACK_SIZE                  
20000470  __STACK_TOP                   
00001000  __SYSMEM_SIZE                 
00003ac0  __TI_CINIT_Base               
00003ad8  __TI_CINIT_Limit              
00003aa0  __TI_Handler_Table_Base       
00003aac  __TI_Handler_Table_Limit      
00003525  __TI_auto_init_nobinit_nopinit
000032c7  __TI_decompress_lzss          
000038c5  __TI_decompress_none          
ffffffff  __TI_pprof_out_hndl           
00000cf5  __TI_printfi                  
ffffffff  __TI_prof_data_size           
ffffffff  __TI_prof_data_start          
00000000  __TI_static_base__            
00003881  __TI_zero_init_nomemset       
00003059  __aeabi_cdcmpeq               
00003059  __aeabi_cdcmple               
000030df  __aeabi_cdrcmple              
000034dd  __aeabi_d2iz                  
0000238b  __aeabi_dadd                  
00002939  __aeabi_ddiv                  
00002ca1  __aeabi_dmul                  
00002381  __aeabi_dsub                  
000038ed  __aeabi_errno_addr            
0000372d  __aeabi_i2d                   
00002537  __aeabi_idiv0                 
00002537  __aeabi_ldiv0                 
00003165  __aeabi_memclr                
00003165  __aeabi_memclr4               
00003165  __aeabi_memclr8               
00002f27  __aeabi_memcpy                
00002f27  __aeabi_memcpy4               
00002f27  __aeabi_memcpy8               
00003167  __aeabi_memset                
00003167  __aeabi_memset4               
00003167  __aeabi_memset8               
00002fc3  __aeabi_uldivmod              
ffffffff  __binit__                     
ffffffff  __c_args__                    
UNDEFED   __mpu_init                    
20000270  __stack                       
00003625  _c_int00_noargs               
000038fc  _ctypes_                      
20002300  _lock                         
00001753  _nop                          
20001270  _sys_memory                   
UNDEFED   _system_post_cinit            
000038f5  _system_pre_init              
20002304  _unlock                       
000038f9  abort                         
00003491  atoi                          
ffffffff  binit                         
000036c9  bump_left                     
000036e3  bump_right                    
0000375b  calloc                        
00003845  copysign                      
00003845  copysignl                     
20002310  errno                         
00002d9d  free                          
00003331  frexp                         
00003331  frexpl                        
20000000  g_pfnRAMVectors               
00000000  g_pfnVectors                  
00000b7f  getDegrees                    
00000921  go_charge                     
000038b5  lcd_clear                     
000018ed  lcd_gotoLine                  
00001755  lcd_init                      
00001953  lcd_printf                    
00001815  lcd_putc                      
0000184d  lcd_puts                      
00001a31  lcd_rotatingBanner            
0000186b  lcd_sendCommand               
000018a9  lcd_sendNibble                
00001915  lcd_setCursorPos              
00002b91  ldexp                         
00002b91  ldexpl                        
00001cab  left_bump_avoidance           
000033eb  ltoa                          
00002539  main                          
000031e1  malloc                        
000037cb  memccpy                       
00002f27  memcpy                        
0000316d  memset                        
0000365d  minit                         
00001b97  move_backwards                
00001ae1  move_forward                  
00001be7  move_turn_clockwise           
00001c49  move_turn_counter_clockwise   
0000026d  oi_alloc                      
00000a4b  oi_checkFirmware              
000002c3  oi_close                      
00000279  oi_free                       
000002ad  oi_init                       
00000289  oi_init_noupdate              
000008b7  oi_loadSong                   
000037ff  oi_parseInt                   
00000327  oi_parsePacket                
0000090d  oi_play_song                  
00000831  oi_setLeds                    
00000875  oi_setWheels                  
00000af3  oi_shutoff_init               
0000092f  oi_uartInit                   
000009d3  oi_uartReceive                
00000a19  oi_uartSendBuff               
000009b7  oi_uartSendChar               
000009fb  oi_uartSendStr                
000002d5  oi_update                     
00001cff  right_bump_avoidance          
00002b91  scalbn                        
00002b91  scalbnl                       
000037ad  strcat                        
0000382f  strchr                        
00003817  strcmp                        
00003859  strcpy                        
0000386d  strlen                        
000027b5  timer_getClock                
00002769  timer_startClock              
00002703  timer_startTimer              
000027bb  timer_stopClock               
00002753  timer_stopTimer               
000026d9  timer_waitMicros              
000026a5  timer_waitMillis              
2000230c  uart_char                     
200022dc  uart_char_ptr                 
20002308  uart_event                    
200022e0  uart_event_ptr                
00002023  uart_init                     
00001fcd  uart_interrupts_init          
000020d3  uart_receive                  
000020b7  uart_sendChar                 
00002135  uart_sendStr                  
00003569  vsnprintf                     
00003893  wcslen                        


GLOBAL SYMBOLS: SORTED BY Symbol Address 

address   name                          
-------   ----                          
00000000  __TI_static_base__            
00000000  g_pfnVectors                  
0000026d  oi_alloc                      
00000279  oi_free                       
00000289  oi_init_noupdate              
000002ad  oi_init                       
000002c3  oi_close                      
000002d5  oi_update                     
00000327  oi_parsePacket                
00000831  oi_setLeds                    
00000875  oi_setWheels                  
000008b7  oi_loadSong                   
0000090d  oi_play_song                  
00000921  go_charge                     
0000092f  oi_uartInit                   
000009b7  oi_uartSendChar               
000009d3  oi_uartReceive                
000009fb  oi_uartSendStr                
00000a19  oi_uartSendBuff               
00000a4b  oi_checkFirmware              
00000af3  oi_shutoff_init               
00000b65  GPIOF_Handler                 
00000b7f  getDegrees                    
00000cf5  __TI_printfi                  
00001000  __STACK_SIZE                  
00001000  __SYSMEM_SIZE                 
00001753  _nop                          
00001755  lcd_init                      
00001815  lcd_putc                      
0000184d  lcd_puts                      
0000186b  lcd_sendCommand               
000018a9  lcd_sendNibble                
000018ed  lcd_gotoLine                  
00001915  lcd_setCursorPos              
00001953  lcd_printf                    
00001a31  lcd_rotatingBanner            
00001ae1  move_forward                  
00001b97  move_backwards                
00001be7  move_turn_clockwise           
00001c49  move_turn_counter_clockwise   
00001cab  left_bump_avoidance           
00001cff  right_bump_avoidance          
00001fcd  uart_interrupts_init          
00002023  uart_init                     
000020b7  uart_sendChar                 
000020d3  uart_receive                  
000020f9  UART1_Handler                 
00002135  uart_sendStr                  
00002381  __aeabi_dsub                  
0000238b  __aeabi_dadd                  
00002537  __aeabi_idiv0                 
00002537  __aeabi_ldiv0                 
00002539  main                          
000026a5  timer_waitMillis              
000026d9  timer_waitMicros              
00002703  timer_startTimer              
00002753  timer_stopTimer               
00002769  timer_startClock              
000027b5  timer_getClock                
000027bb  timer_stopClock               
00002939  __aeabi_ddiv                  
00002b91  ldexp                         
00002b91  ldexpl                        
00002b91  scalbn                        
00002b91  scalbnl                       
00002ca1  __aeabi_dmul                  
00002d9d  free                          
00002f27  __aeabi_memcpy                
00002f27  __aeabi_memcpy4               
00002f27  __aeabi_memcpy8               
00002f27  memcpy                        
00002fc3  __aeabi_uldivmod              
00003059  __aeabi_cdcmpeq               
00003059  __aeabi_cdcmple               
000030df  __aeabi_cdrcmple              
00003165  __aeabi_memclr                
00003165  __aeabi_memclr4               
00003165  __aeabi_memclr8               
00003167  __aeabi_memset                
00003167  __aeabi_memset4               
00003167  __aeabi_memset8               
0000316d  memset                        
000031e1  malloc                        
000032c7  __TI_decompress_lzss          
00003331  frexp                         
00003331  frexpl                        
000033eb  ltoa                          
00003491  atoi                          
000034dd  __aeabi_d2iz                  
00003525  __TI_auto_init_nobinit_nopinit
00003569  vsnprintf                     
00003625  _c_int00_noargs               
0000365d  minit                         
00003695  IntRegister                   
000036c9  bump_left                     
000036e3  bump_right                    
0000372d  __aeabi_i2d                   
0000375b  calloc                        
000037ad  strcat                        
000037cb  memccpy                       
000037ff  oi_parseInt                   
00003817  strcmp                        
0000382f  strchr                        
00003845  copysign                      
00003845  copysignl                     
00003859  strcpy                        
0000386d  strlen                        
00003881  __TI_zero_init_nomemset       
00003893  wcslen                        
000038a5  IntMasterEnable               
000038b5  lcd_clear                     
000038c5  __TI_decompress_none          
000038d3  CPUcpsie                      
000038df  ResetISR                      
000038ed  __aeabi_errno_addr            
000038f5  _system_pre_init              
000038f9  C$$EXIT                       
000038f9  abort                         
000038fc  _ctypes_                      
00003aa0  __TI_Handler_Table_Base       
00003aac  __TI_Handler_Table_Limit      
00003ac0  __TI_CINIT_Base               
00003ad8  __TI_CINIT_Limit              
20000000  g_pfnRAMVectors               
20000270  __stack                       
20000470  __STACK_TOP                   
20001270  __STACK_END                   
20001270  _sys_memory                   
200022dc  uart_char_ptr                 
200022e0  uart_event_ptr                
20002300  _lock                         
20002304  _unlock                       
20002308  uart_event                    
2000230c  uart_char                     
20002310  errno                         
ffffffff  __TI_pprof_out_hndl           
ffffffff  __TI_prof_data_size           
ffffffff  __TI_prof_data_start          
ffffffff  __binit__                     
ffffffff  __c_args__                    
ffffffff  binit                         
UNDEFED   __mpu_init                    
UNDEFED   _system_post_cinit            

[143 symbols]
