******************************************************************************
                  TI ARM Linker PC v18.1.2                     
******************************************************************************
>> Linked Thu Apr 11 11:08:05 2019

OUTPUT FILE NAME:   <Lab9.out>
ENTRY POINT SYMBOL: "_c_int00_noargs"  address: 000054f1


MEMORY CONFIGURATION

         name            origin    length      used     unused   attr    fill
----------------------  --------  ---------  --------  --------  ----  --------
  FLASH                 00000000   00040000  00005d70  0003a290  R  X
  SRAM                  20000000   00008000  00002c61  0000539f  RW X


SEGMENT ALLOCATION MAP

run origin  load origin   length   init length attrs members
----------  ----------- ---------- ----------- ----- -------
00000000    00000000    00005d70   00005d70    r-x
  00000000    00000000    0000026c   0000026c    r-- .intvecs
  0000026c    0000026c    000056dc   000056dc    r-x .text
  00005948    00005948    00000378   00000378    r-- .const
  00005cc0    00005cc0    000000b0   000000b0    r-- .cinit
20000000    20000000    00002c68   00000000    rw-
  20000000    20000000    0000026c   00000000    rw- .vtable
  20000270    20000270    00001000   00000000    rw- .stack
  20001270    20001270    00001000   00000000    rw- .sysmem
  20002270    20002270    000007d5   00000000    rw- .bss
  20002a48    20002a48    00000220   00000000    rw- .data


SECTION ALLOCATION MAP

 output                                  attributes/
section   page    origin      length       input sections
--------  ----  ----------  ----------   ----------------
.intvecs   0    00000000    0000026c     
                  00000000    0000026c     tm4c123gh6pm_startup_ccs.obj (.intvecs)

.text      0    0000026c    000056dc     
                  0000026c    00000a5e     rtsv7M4_T_le_v4SPD16_eabi.lib : _printfi.c.obj (.text:__TI_printfi)
                  00000cca    00000002                                   : _lock.c.obj (.text:_nop)
                  00000ccc    000009c0                                   : e_pow.c.obj (.text:pow)
                  0000168c    00000738                                   : k_rem_pio2.c.obj (.text:__kernel_rem_pio2)
                  00001dc4    00000508                                   : s_tan.c.obj (.text:tan)
                  000022cc    000004f0     scan.obj (.text)
                  000027bc    0000038c     lcd.obj (.text)
                  00002b48    00000318     rtsv7M4_T_le_v4SPD16_eabi.lib : k_tan.c.obj (.text:__kernel_tan)
                  00002e60    00000270                                   : _printfi.c.obj (.text:_pconv_a)
                  000030d0    00000224     ping.obj (.text)
                  000032f4    000001ec     uart.obj (.text)
                  000034e0    000001d0     rtsv7M4_T_le_v4SPD16_eabi.lib : _printfi.c.obj (.text:_pconv_g)
                  000036b0    000001b6                                   : fd_add_t2.asm.obj (.text)
                  00003866    00000002                                   : div0.asm.obj (.text)
                  00003868    00000158                                   : e_sqrt.c.obj (.text:sqrt)
                  000039c0    00000158     timer.obj (.text)
                  00003b18    0000013c     rtsv7M4_T_le_v4SPD16_eabi.lib : _printfi.c.obj (.text:_pconv_e)
                  00003c54    00000136                                   : fd_div_t2.asm.obj (.text)
                  00003d8a    00000002     --HOLE-- [fill = 0]
                  00003d8c    00000124     servo.obj (.text)
                  00003eb0    00000120     rtsv7M4_T_le_v4SPD16_eabi.lib : _printfi.c.obj (.text:fcvt)
                  00003fd0    00000114                                   : fputs.c.obj (.text:fputs)
                  000040e4    00000110                                   : s_scalbn.c.obj (.text:scalbn)
                  000041f4    000000fc                                   : fd_mul_t2.asm.obj (.text)
                  000042f0    000000f8                                   : s_floor.c.obj (.text:floor)
                  000043e8    000000f4     adc.obj (.text)
                  000044dc    000000dc     rtsv7M4_T_le_v4SPD16_eabi.lib : setvbuf.c.obj (.text:setvbuf)
                  000045b8    000000d8                                   : memory.c.obj (.text:free)
                  00004690    000000b1                                   : _printfi.c.obj (.text:_ltostr)
                  00004741    00000001     --HOLE-- [fill = 0]
                  00004742    0000009c                                   : memcpy_t2.asm.obj (.text)
                  000047de    00000096                                   : ull_div_t2.asm.obj (.text)
                  00004874    0000008c                                   : fputc.c.obj (.text:fputc)
                  00004900    00000086                                   : fd_cmp_t2.asm.obj (.text:__aeabi_cdcmple)
                  00004986    00000086                                   : fd_cmp_t2.asm.obj (.text:__aeabi_cdrcmple)
                  00004a0c    0000007a                                   : memset_t2.asm.obj (.text)
                  00004a86    00000002     --HOLE-- [fill = 0]
                  00004a88    00000078                                   : memory.c.obj (.text:malloc)
                  00004b00    00000074                                   : fclose.c.obj (.text:__TI_closefile)
                  00004b74    0000006e                                   : _printfi.c.obj (.text:_mcpy)
                  00004be2    0000006e                                   : fd_tos_t2.asm.obj (.text)
                  00004c50    00000068                                   : hostlseek.c.obj (.text:HOSTlseek)
                  00004cb8    00000068                                   : hostrename.c.obj (.text:HOSTrename)
                  00004d20    00000068                                   : copy_decompress_lzss.c.obj (.text:decompress:lzss:__TI_decompress_lzss)
                  00004d88    00000068                                   : printf.c.obj (.text:printf)
                  00004df0    00000064                                   : s_frexp.c.obj (.text:frexp)
                  00004e54    00000064                                   : fseek.c.obj (.text:fseek)
                  00004eb8    00000062                                   : _io_perm.c.obj (.text:__TI_wrt_ok)
                  00004f1a    00000002     --HOLE-- [fill = 0]
                  00004f1c    00000060                                   : hostopen.c.obj (.text:HOSTopen)
                  00004f7c    0000005c                                   : close.c.obj (.text:close)
                  00004fd8    00000058                                   : hostread.c.obj (.text:HOSTread)
                  00005030    00000058                                   : hostwrite.c.obj (.text:HOSTwrite)
                  00005088    00000056                                   : _printfi.c.obj (.text:_pconv_f)
                  000050de    00000054                                   : ltoa.c.obj (.text:ltoa)
                  00005132    00000052                                   : _printfi.c.obj (.text:_ecpy)
                  00005184    0000004c                                   : fflush.c.obj (.text:__TI_doflush)
                  000051d0    0000004c                                   : atoi.c.obj (.text:atoi)
                  0000521c    00000048                                   : exit.c.obj (.text:exit)
                  00005264    00000048                                   : fd_toi_t2.asm.obj (.text)
                  000052ac    00000044                                   : hostclose.c.obj (.text:HOSTclose)
                  000052f0    00000044                                   : hostunlink.c.obj (.text:HOSTunlink)
                  00005334    00000044                                   : autoinit.c.obj (.text:__TI_auto_init_nobinit_nopinit:__TI_auto_init_nobinit_nopinit)
                  00005378    00000044                                   : getdevice.c.obj (.text:getdevice)
                  000053bc    00000040                                   : sprintf.c.obj (.text:sprintf)
                  000053fc    00000040                                   : vsnprintf.c.obj (.text:vsnprintf)
                  0000543c    0000003e                                   : _printfi.c.obj (.text:_fcpy)
                  0000547a    00000002     --HOLE-- [fill = 0]
                  0000547c    0000003c                                   : memory.c.obj (.text:minsert)
                  000054b8    00000038                                   : trgmsg.c.obj (.text:__TI_writemsg)
                  000054f0    00000038                                   : boot_cortex_m.c.obj (.text:_c_int00_noargs:_c_int00_noargs)
                  00005528    00000038                                   : memory.c.obj (.text:minit)
                  00005560    00000038                                   : fs_tod_t2.asm.obj (.text)
                  00005598    00000036                                   : strncpy.c.obj (.text:strncpy)
                  000055ce    00000002     --HOLE-- [fill = 0]
                  000055d0    00000034     driverlib.lib : interrupt.obj (.text:IntRegister)
                  00005604    00000034     rtsv7M4_T_le_v4SPD16_eabi.lib : fopen.c.obj (.text:__TI_cleanup)
                  00005638    00000034                                   : trgmsg.c.obj (.text:__TI_readmsg)
                  0000566c    00000030                                   : vsnprintf.c.obj (.text:_outs)
                  0000569c    00000030                                   : getdevice.c.obj (.text:finddevice)
                  000056cc    0000002e                                   : i_tofd_t2.asm.obj (.text)
                  000056fa    00000002     --HOLE-- [fill = 0]
                  000056fc    0000002c                                   : unlink.c.obj (.text:unlink)
                  00005728    0000002a     l9_main.obj (.text)
                  00005752    00000002     --HOLE-- [fill = 0]
                  00005754    00000028     rtsv7M4_T_le_v4SPD16_eabi.lib : lseek.c.obj (.text:lseek)
                  0000577c    00000028                                   : memory.c.obj (.text:mremove)
                  000057a4    00000028                                   : write.c.obj (.text:write)
                  000057cc    00000020                                   : memchr.c.obj (.text:memchr)
                  000057ec    0000001e                                   : strcat.c.obj (.text:strcat)
                  0000580a    0000001c                                   : memccpy.c.obj (.text:memccpy)
                  00005826    00000018                                   : vsnprintf.c.obj (.text:_outc)
                  0000583e    00000018                                   : sprintf.c.obj (.text:_outs)
                  00005856    00000018                                   : strcmp.c.obj (.text:strcmp)
                  0000586e    00000016                                   : strchr.c.obj (.text:strchr)
                  00005884    00000014                                   : s_copysign.c.obj (.text:copysign)
                  00005898    00000014                                   : strcpy.c.obj (.text:strcpy)
                  000058ac    00000014                                   : strlen.c.obj (.text:strlen)
                  000058c0    00000012                                   : wcslen.c.obj (.text:wcslen)
                  000058d2    00000010     driverlib.lib : interrupt.obj (.text:IntMasterEnable)
                  000058e2    00000010     lcd.obj (.text:lcd_clear)
                  000058f2    0000000e     rtsv7M4_T_le_v4SPD16_eabi.lib : copy_decompress_none.c.obj (.text:decompress:none:__TI_decompress_none)
                  00005900    0000000c     driverlib.lib : cpu.obj (.text:CPUcpsie)
                  0000590c    0000000c     rtsv7M4_T_le_v4SPD16_eabi.lib : copy_zero_init.c.obj (.text:decompress:ZI:__TI_zero_init)
                  00005918    0000000c     tm4c123gh6pm_startup_ccs.obj (.text)
                  00005924    0000000a     rtsv7M4_T_le_v4SPD16_eabi.lib : sprintf.c.obj (.text:_outc)
                  0000592e    00000002     --HOLE-- [fill = 0]
                  00005930    00000008                                   : errno.c.obj (.text:__aeabi_errno_addr)
                  00005938    00000004                                   : printf.c.obj (.text:_outc)
                  0000593c    00000004                                   : printf.c.obj (.text:_outs)
                  00005940    00000004                                   : pre_init.c.obj (.text:_system_pre_init)
                  00005944    00000004                                   : exit.c.obj (.text:abort:abort)

.const     0    00005948    00000378     
                  00005948    00000158     rtsv7M4_T_le_v4SPD16_eabi.lib : k_rem_pio2.c.obj (.const:$O1$$)
                  00005aa0    00000101                                   : ctype.c.obj (.const:.string:_ctypes_)
                  00005ba1    00000004     lcd.obj (.const:.string:lineAddress$1)
                  00005ba5    00000003     --HOLE-- [fill = 0]
                  00005ba8    00000080     rtsv7M4_T_le_v4SPD16_eabi.lib : k_tan.c.obj (.const:xxx)
                  00005c28    00000064     lcd.obj (.const:.string:$P$T0$4)
                  00005c8c    00000004     lcd.obj (.const:.string:lineAddresses$2)
                  00005c90    00000030     rtsv7M4_T_le_v4SPD16_eabi.lib : e_pow.c.obj (.const:$O1$$)

.cinit     0    00005cc0    000000b0     
                  00005cc0    0000007c     (.cinit..data.load) [load image, compression = lzss]
                  00005d3c    0000000c     (__TI_handler_table)
                  00005d48    00000008     (.cinit..bss.load) [load image, compression = zero_init]
                  00005d50    00000008     (.cinit..vtable.load) [load image, compression = zero_init]
                  00005d58    00000018     (__TI_cinit_table)

.init_array 
*          0    00000000    00000000     UNINITIALIZED

.vtable    0    20000000    0000026c     UNINITIALIZED
                  20000000    0000026c     driverlib.lib : interrupt.obj (.vtable)

.stack     0    20000270    00001000     UNINITIALIZED
                  20000270    00000004     rtsv7M4_T_le_v4SPD16_eabi.lib : boot_cortex_m.c.obj (.stack)
                  20000274    00000ffc     --HOLE--

.sysmem    0    20001270    00001000     UNINITIALIZED
                  20001270    00000008     rtsv7M4_T_le_v4SPD16_eabi.lib : memory.c.obj (.sysmem)
                  20001278    00000ff8     --HOLE--

.bss       0    20002270    000007d5     UNINITIALIZED
                  20002270    000002d4     (.common:adc_Readings)
                  20002544    000002d4     (.common:ping_Readings)
                  20002818    00000120     rtsv7M4_T_le_v4SPD16_eabi.lib : trgmsg.c.obj (.bss:_CIOBUF_)
                  20002938    000000a0     (.common:__TI_tmpnams)
                  200029d8    00000054     lcd.obj (.bss:lastbuffer$3)
                  20002a2c    00000008     (.common:parmbuf)
                  20002a34    00000004     (.common:falling_edge)
                  20002a38    00000004     (.common:rising_edge)
                  20002a3c    00000004     (.common:uart_char_ptr)
                  20002a40    00000004     (.common:uart_event_ptr)
                  20002a44    00000001     (.common:state)

.data      0    20002a48    00000220     UNINITIALIZED
                  20002a48    000000f0     rtsv7M4_T_le_v4SPD16_eabi.lib : defs.c.obj (.data:_ftable)
                  20002b38    00000078                                   : write.c.obj (.data:_device)
                  20002bb0    00000050                                   : write.c.obj (.data:_stream)
                  20002c00    00000028     scan.obj (.data:sendstr)
                  20002c28    00000010     rtsv7M4_T_le_v4SPD16_eabi.lib : defs.c.obj (.data)
                  20002c38    0000000c                                   : exit.c.obj (.data:$O1$$)
                  20002c44    0000000c                                   : memory.c.obj (.data:$O1$$)
                  20002c50    0000000c     servo.obj (.data)
                  20002c5c    00000008     rtsv7M4_T_le_v4SPD16_eabi.lib : _lock.c.obj (.data:$O1$$)
                  20002c64    00000004                                   : errno.c.obj (.data)

MODULE SUMMARY

       Module                         code    ro data   rw data
       ------                         ----    -------   -------
    .\
       scan.obj                       1264    0         1488   
       lcd.obj                        924     108       84     
       tm4c123gh6pm_startup_ccs.obj   12      620       0      
       ping.obj                       548     0         9      
       uart.obj                       492     0         8      
       timer.obj                      344     0         0      
       servo.obj                      292     0         12     
       adc.obj                        244     0         0      
       l9_main.obj                    42      0         0      
    +--+------------------------------+-------+---------+---------+
       Total:                         4162    728       1601   
                                                               
    C:/ti/TivaWare_C_Series-2.1.4.178/driverlib/ccs/Debug/driverlib.lib
       interrupt.obj                  68      0         620    
       cpu.obj                        12      0         0      
    +--+------------------------------+-------+---------+---------+
       Total:                         80      0         620    
                                                               
    C:\ti\ccsv8\tools\compiler\ti-cgt-arm_18.1.2.LTS\lib\rtsv7M4_T_le_v4SPD16_eabi.lib
       _printfi.c.obj                 4863    0         0      
       e_pow.c.obj                    2496    48        0      
       k_rem_pio2.c.obj               1848    344       0      
       s_tan.c.obj                    1288    0         0      
       k_tan.c.obj                    792     128       0      
       memory.c.obj                   492     0         12     
       fd_add_t2.asm.obj              438     0         0      
       defs.c.obj                     0       0         416    
       trgmsg.c.obj                   108     0         288    
       e_sqrt.c.obj                   344     0         0      
       fd_div_t2.asm.obj              310     0         0      
       fputs.c.obj                    276     0         0      
       s_scalbn.c.obj                 272     0         0      
       fd_cmp_t2.asm.obj              268     0         0      
       ctype.c.obj                    0       257       0      
       fd_mul_t2.asm.obj              252     0         0      
       s_floor.c.obj                  248     0         0      
       write.c.obj                    40      0         200    
       setvbuf.c.obj                  220     0         0      
       memcpy_t2.asm.obj              156     0         0      
       ull_div_t2.asm.obj             150     0         0      
       fputc.c.obj                    140     0         0      
       vsnprintf.c.obj                136     0         0      
       memset_t2.asm.obj              122     0         0      
       fclose.c.obj                   116     0         0      
       getdevice.c.obj                116     0         0      
       printf.c.obj                   112     0         0      
       fd_tos_t2.asm.obj              110     0         0      
       copy_decompress_lzss.c.obj     104     0         0      
       hostlseek.c.obj                104     0         0      
       hostopen.c.obj                 96      0         8      
       hostrename.c.obj               104     0         0      
       fseek.c.obj                    100     0         0      
       s_frexp.c.obj                  100     0         0      
       _io_perm.c.obj                 98      0         0      
       sprintf.c.obj                  98      0         0      
       close.c.obj                    92      0         0      
       exit.c.obj                     76      0         12     
       hostread.c.obj                 88      0         0      
       hostwrite.c.obj                88      0         0      
       ltoa.c.obj                     84      0         0      
       atoi.c.obj                     76      0         0      
       fflush.c.obj                   76      0         0      
       fd_toi_t2.asm.obj              72      0         0      
       autoinit.c.obj                 68      0         0      
       hostclose.c.obj                68      0         0      
       hostunlink.c.obj               68      0         0      
       boot_cortex_m.c.obj            56      0         0      
       fs_tod_t2.asm.obj              56      0         0      
       strncpy.c.obj                  54      0         0      
       fopen.c.obj                    52      0         0      
       i_tofd_t2.asm.obj              46      0         0      
       unlink.c.obj                   44      0         0      
       lseek.c.obj                    40      0         0      
       memchr.c.obj                   32      0         0      
       strcat.c.obj                   30      0         0      
       memccpy.c.obj                  28      0         0      
       strcmp.c.obj                   24      0         0      
       strchr.c.obj                   22      0         0      
       s_copysign.c.obj               20      0         0      
       strcpy.c.obj                   20      0         0      
       strlen.c.obj                   20      0         0      
       wcslen.c.obj                   18      0         0      
       copy_decompress_none.c.obj     14      0         0      
       copy_zero_init.c.obj           12      0         0      
       errno.c.obj                    8       0         4      
       _lock.c.obj                    2       0         8      
       pre_init.c.obj                 4       0         0      
       div0.asm.obj                   2       0         0      
    +--+------------------------------+-------+---------+---------+
       Total:                         17977   777       948    
                                                               
       Heap:                          0       0         4096   
       Stack:                         0       0         4096   
       Linker Generated:              0       176       0      
    +--+------------------------------+-------+---------+---------+
       Grand Total:                   22219   1681      11361  


LINKER GENERATED COPY TABLES

__TI_cinit_table @ 00005d58 records: 3, size/record: 8, table size: 24
	.data: load addr=00005cc0, load size=0000007c bytes, run addr=20002a48, run size=00000220 bytes, compression=lzss
	.bss: load addr=00005d48, load size=00000008 bytes, run addr=20002270, run size=000007d5 bytes, compression=zero_init
	.vtable: load addr=00005d50, load size=00000008 bytes, run addr=20000000, run size=0000026c bytes, compression=zero_init


LINKER GENERATED HANDLER TABLE

__TI_handler_table @ 00005d3c records: 3, size/record: 4, table size: 12
	index: 0, handler: __TI_zero_init
	index: 1, handler: __TI_decompress_lzss
	index: 2, handler: __TI_decompress_none


GLOBAL SYMBOLS: SORTED ALPHABETICALLY BY Name 

address   name                           
-------   ----                           
00005945  C$$EXIT                        
000054e7  C$$IO$$                        
00005901  CPUcpsie                       
000052ad  HOSTclose                      
00004c51  HOSTlseek                      
00004f1d  HOSTopen                       
00004fd9  HOSTread                       
00004cb9  HOSTrename                     
000052f1  HOSTunlink                     
00005031  HOSTwrite                      
000058d3  IntMasterEnable                
000055d1  IntRegister                    
00005919  ResetISR                       
00003429  UART1_Handler                  
20002818  __CIOBUF_                      
20001270  __STACK_END                    
00001000  __STACK_SIZE                   
20000470  __STACK_TOP                    
00001000  __SYSMEM_SIZE                  
00005d58  __TI_CINIT_Base                
00005d70  __TI_CINIT_Limit               
00005d3c  __TI_Handler_Table_Base        
00005d48  __TI_Handler_Table_Limit       
00005335  __TI_auto_init_nobinit_nopinit 
00005605  __TI_cleanup                   
20002c38  __TI_cleanup_ptr               
00004b01  __TI_closefile                 
00004d21  __TI_decompress_lzss           
000058f3  __TI_decompress_none           
00005185  __TI_doflush                   
20002c3c  __TI_dtors_ptr                 
20002c40  __TI_enable_exit_profile_output
20002c28  __TI_ft_end                    
ffffffff  __TI_pprof_out_hndl            
0000026d  __TI_printfi                   
ffffffff  __TI_prof_data_size            
ffffffff  __TI_prof_data_start           
00005639  __TI_readmsg                   
00000000  __TI_static_base__             
20002938  __TI_tmpnams                   
000054b9  __TI_writemsg                  
00004eb9  __TI_wrt_ok                    
0000590d  __TI_zero_init                 
00004901  __aeabi_cdcmpeq                
00004901  __aeabi_cdcmple                
00004987  __aeabi_cdrcmple               
00004be3  __aeabi_d2f                    
00005265  __aeabi_d2iz                   
000036bb  __aeabi_dadd                   
00003c55  __aeabi_ddiv                   
000041f5  __aeabi_dmul                   
000036b1  __aeabi_dsub                   
00005931  __aeabi_errno_addr             
00005561  __aeabi_f2d                    
000056cd  __aeabi_i2d                    
00003867  __aeabi_idiv0                  
00003867  __aeabi_ldiv0                  
00004a0d  __aeabi_memclr                 
00004a0d  __aeabi_memclr4                
00004a0d  __aeabi_memclr8                
00004743  __aeabi_memcpy                 
00004743  __aeabi_memcpy4                
00004743  __aeabi_memcpy8                
00004a0f  __aeabi_memset                 
00004a0f  __aeabi_memset4                
00004a0f  __aeabi_memset8                
20002c34  __aeabi_stderr                 
20002c2c  __aeabi_stdin                  
20002c30  __aeabi_stdout                 
000047df  __aeabi_uldivmod               
ffffffff  __binit__                      
ffffffff  __c_args__                     
0000168d  __kernel_rem_pio2              
00002b49  __kernel_tan                   
UNDEFED   __mpu_init                     
20000270  __stack                        
000054f1  _c_int00_noargs                
00005aa0  _ctypes_                       
20002b38  _device                        
20002a48  _ftable                        
20002c5c  _lock                          
00000ccb  _nop                           
20002bb0  _stream                        
20001270  _sys_memory                    
UNDEFED   _system_post_cinit             
00005941  _system_pre_init               
20002c60  _unlock                        
00005945  abort                          
20002270  adc_Readings                   
000043e9  adc_init                       
00004473  adc_read                       
000051d1  atoi                           
ffffffff  binit                          
00004f7d  close                          
00005885  copysign                       
00005885  copysignl                      
20002c64  errno                          
0000521d  exit                           
20002a34  falling_edge                   
0000244d  find_smallest                  
0000569d  finddevice                     
000042f1  floor                          
000042f1  floorl                         
00004875  fputc                          
00003fd1  fputs                          
000045b9  free                           
00004df1  frexp                          
00004df1  frexpl                         
00004e55  fseek                          
000022fd  full_scan                      
20000000  g_pfnRAMVectors                
00000000  g_pfnVectors                   
000022cd  getDistance                    
00005379  getdevice                      
000058e3  lcd_clear                      
00002955  lcd_gotoLine                   
000027bd  lcd_init                       
000029bb  lcd_printf                     
0000287d  lcd_putc                       
000028b5  lcd_puts                       
00002a99  lcd_rotatingBanner             
000028d3  lcd_sendCommand                
00002911  lcd_sendNibble                 
0000297d  lcd_setCursorPos               
000040e5  ldexp                          
000040e5  ldexpl                         
00005755  lseek                          
000050df  ltoa                           
00005729  main                           
00004a89  malloc                         
0000580b  memccpy                        
000057cd  memchr                         
00004743  memcpy                         
00004a15  memset                         
00005529  minit                          
20002c50  modifier                       
20002a2c  parmbuf                        
20002544  ping_Readings                  
000030d1  ping_TIMER3B_Handler           
00003115  ping_init                      
00003209  ping_read                      
000031b3  ping_send                      
00000ccd  pow                            
00000ccd  powl                           
0000237f  print_UART                     
00004d89  printf                         
00004875  putc                           
000056fd  remove                         
20002a38  rising_edge                    
000040e5  scalbn                         
000040e5  scalbnl                        
20002c00  sendstr                        
00003d8d  servo_init                     
00003e11  servo_move                     
000044dd  setvbuf                        
000053bd  sprintf                        
00003869  sqrt                           
00003869  sqrtl                          
20002c58  start                          
20002a44  state                          
000057ed  strcat                         
0000586f  strchr                         
00005857  strcmp                         
00005899  strcpy                         
000058ad  strlen                         
00005599  strncpy                        
00001dc5  tan                            
00001dc5  tanl                           
00003ad1  timer_getClock                 
00003a85  timer_startClock               
00003a1f  timer_startTimer               
00003ad7  timer_stopClock                
00003a6f  timer_stopTimer                
000039f5  timer_waitMicros               
000039c1  timer_waitMillis               
20002a3c  uart_char_ptr                  
20002a40  uart_event_ptr                 
0000334b  uart_init                      
000032f5  uart_interrupts_init           
00003403  uart_receive                   
000033df  uart_sendChar                  
00003465  uart_sendStr                   
000056fd  unlink                         
000053fd  vsnprintf                      
000058c1  wcslen                         
000057a5  write                          


GLOBAL SYMBOLS: SORTED BY Symbol Address 

address   name                           
-------   ----                           
00000000  __TI_static_base__             
00000000  g_pfnVectors                   
0000026d  __TI_printfi                   
00000ccb  _nop                           
00000ccd  pow                            
00000ccd  powl                           
00001000  __STACK_SIZE                   
00001000  __SYSMEM_SIZE                  
0000168d  __kernel_rem_pio2              
00001dc5  tan                            
00001dc5  tanl                           
000022cd  getDistance                    
000022fd  full_scan                      
0000237f  print_UART                     
0000244d  find_smallest                  
000027bd  lcd_init                       
0000287d  lcd_putc                       
000028b5  lcd_puts                       
000028d3  lcd_sendCommand                
00002911  lcd_sendNibble                 
00002955  lcd_gotoLine                   
0000297d  lcd_setCursorPos               
000029bb  lcd_printf                     
00002a99  lcd_rotatingBanner             
00002b49  __kernel_tan                   
000030d1  ping_TIMER3B_Handler           
00003115  ping_init                      
000031b3  ping_send                      
00003209  ping_read                      
000032f5  uart_interrupts_init           
0000334b  uart_init                      
000033df  uart_sendChar                  
00003403  uart_receive                   
00003429  UART1_Handler                  
00003465  uart_sendStr                   
000036b1  __aeabi_dsub                   
000036bb  __aeabi_dadd                   
00003867  __aeabi_idiv0                  
00003867  __aeabi_ldiv0                  
00003869  sqrt                           
00003869  sqrtl                          
000039c1  timer_waitMillis               
000039f5  timer_waitMicros               
00003a1f  timer_startTimer               
00003a6f  timer_stopTimer                
00003a85  timer_startClock               
00003ad1  timer_getClock                 
00003ad7  timer_stopClock                
00003c55  __aeabi_ddiv                   
00003d8d  servo_init                     
00003e11  servo_move                     
00003fd1  fputs                          
000040e5  ldexp                          
000040e5  ldexpl                         
000040e5  scalbn                         
000040e5  scalbnl                        
000041f5  __aeabi_dmul                   
000042f1  floor                          
000042f1  floorl                         
000043e9  adc_init                       
00004473  adc_read                       
000044dd  setvbuf                        
000045b9  free                           
00004743  __aeabi_memcpy                 
00004743  __aeabi_memcpy4                
00004743  __aeabi_memcpy8                
00004743  memcpy                         
000047df  __aeabi_uldivmod               
00004875  fputc                          
00004875  putc                           
00004901  __aeabi_cdcmpeq                
00004901  __aeabi_cdcmple                
00004987  __aeabi_cdrcmple               
00004a0d  __aeabi_memclr                 
00004a0d  __aeabi_memclr4                
00004a0d  __aeabi_memclr8                
00004a0f  __aeabi_memset                 
00004a0f  __aeabi_memset4                
00004a0f  __aeabi_memset8                
00004a15  memset                         
00004a89  malloc                         
00004b01  __TI_closefile                 
00004be3  __aeabi_d2f                    
00004c51  HOSTlseek                      
00004cb9  HOSTrename                     
00004d21  __TI_decompress_lzss           
00004d89  printf                         
00004df1  frexp                          
00004df1  frexpl                         
00004e55  fseek                          
00004eb9  __TI_wrt_ok                    
00004f1d  HOSTopen                       
00004f7d  close                          
00004fd9  HOSTread                       
00005031  HOSTwrite                      
000050df  ltoa                           
00005185  __TI_doflush                   
000051d1  atoi                           
0000521d  exit                           
00005265  __aeabi_d2iz                   
000052ad  HOSTclose                      
000052f1  HOSTunlink                     
00005335  __TI_auto_init_nobinit_nopinit 
00005379  getdevice                      
000053bd  sprintf                        
000053fd  vsnprintf                      
000054b9  __TI_writemsg                  
000054e7  C$$IO$$                        
000054f1  _c_int00_noargs                
00005529  minit                          
00005561  __aeabi_f2d                    
00005599  strncpy                        
000055d1  IntRegister                    
00005605  __TI_cleanup                   
00005639  __TI_readmsg                   
0000569d  finddevice                     
000056cd  __aeabi_i2d                    
000056fd  remove                         
000056fd  unlink                         
00005729  main                           
00005755  lseek                          
000057a5  write                          
000057cd  memchr                         
000057ed  strcat                         
0000580b  memccpy                        
00005857  strcmp                         
0000586f  strchr                         
00005885  copysign                       
00005885  copysignl                      
00005899  strcpy                         
000058ad  strlen                         
000058c1  wcslen                         
000058d3  IntMasterEnable                
000058e3  lcd_clear                      
000058f3  __TI_decompress_none           
00005901  CPUcpsie                       
0000590d  __TI_zero_init                 
00005919  ResetISR                       
00005931  __aeabi_errno_addr             
00005941  _system_pre_init               
00005945  C$$EXIT                        
00005945  abort                          
00005aa0  _ctypes_                       
00005d3c  __TI_Handler_Table_Base        
00005d48  __TI_Handler_Table_Limit       
00005d58  __TI_CINIT_Base                
00005d70  __TI_CINIT_Limit               
20000000  g_pfnRAMVectors                
20000270  __stack                        
20000470  __STACK_TOP                    
20001270  __STACK_END                    
20001270  _sys_memory                    
20002270  adc_Readings                   
20002544  ping_Readings                  
20002818  __CIOBUF_                      
20002938  __TI_tmpnams                   
20002a2c  parmbuf                        
20002a34  falling_edge                   
20002a38  rising_edge                    
20002a3c  uart_char_ptr                  
20002a40  uart_event_ptr                 
20002a44  state                          
20002a48  _ftable                        
20002b38  _device                        
20002bb0  _stream                        
20002c00  sendstr                        
20002c28  __TI_ft_end                    
20002c2c  __aeabi_stdin                  
20002c30  __aeabi_stdout                 
20002c34  __aeabi_stderr                 
20002c38  __TI_cleanup_ptr               
20002c3c  __TI_dtors_ptr                 
20002c40  __TI_enable_exit_profile_output
20002c50  modifier                       
20002c58  start                          
20002c5c  _lock                          
20002c60  _unlock                        
20002c64  errno                          
ffffffff  __TI_pprof_out_hndl            
ffffffff  __TI_prof_data_size            
ffffffff  __TI_prof_data_start           
ffffffff  __binit__                      
ffffffff  __c_args__                     
ffffffff  binit                          
UNDEFED   __mpu_init                     
UNDEFED   _system_post_cinit             

[186 symbols]
