******************************************************************************
                  TI ARM Linker PC v18.1.2                     
******************************************************************************
>> Linked Thu Feb 28 13:36:41 2019

OUTPUT FILE NAME:   <Lab5.out>
ENTRY POINT SYMBOL: "_c_int00_noargs"  address: 000046fd


MEMORY CONFIGURATION

         name            origin    length      used     unused   attr    fill
----------------------  --------  ---------  --------  --------  ----  --------
  FLASH                 00000000   00040000  00004dc6  0003b23a  R  X
  SRAM                  20000000   00008000  00002630  000059d0  RW X


SEGMENT ALLOCATION MAP

run origin  load origin   length   init length attrs members
----------  ----------- ---------- ----------- ----- -------
00000000    00000000    00004dc8   00004dc8    r-x
  00000000    00000000    0000026c   0000026c    r-- .intvecs
  0000026c    0000026c    000048d2   000048d2    r-x .text
  00004b40    00004b40    000001e0   000001e0    r-- .const
  00004d20    00004d20    000000a8   000000a8    r-- .cinit
20000000    20000000    00002634   00000000    rw-
  20000000    20000000    0000026c   00000000    rw- .vtable
  20000270    20000270    00001000   00000000    rw- .stack
  20001270    20001270    00001000   00000000    rw- .sysmem
  20002270    20002270    000001f4   00000000    rw- .data
  20002464    20002464    000001d0   00000000    rw- .bss


SECTION ALLOCATION MAP

 output                                  attributes/
section   page    origin      length       input sections
--------  ----  ----------  ----------   ----------------
.intvecs   0    00000000    0000026c     
                  00000000    0000026c     tm4c123gh6pm_startup_ccs.obj (.intvecs)

.text      0    0000026c    000048d2     
                  0000026c    00000af0     rtsv7M4_T_le_v4SPD16_eabi.lib : _scanfi.c.obj (.text:__TI_scanfi)
                  00000d5c    00000a5e                                   : _printfi.c.obj (.text:__TI_printfi)
                  000017ba    00000002                                   : _lock.c.obj (.text:_nop)
                  000017bc    00000460                                   : strtod.c.obj (.text:strtod)
                  00001c1c    00000270                                   : _printfi.c.obj (.text:_pconv_a)
                  00001e8c    000001ec     uart.obj (.text)
                  00002078    000001dc     rtsv7M4_T_le_v4SPD16_eabi.lib : strtoll.c.obj (.text:strtoll)
                  00002254    000001d0                                   : _printfi.c.obj (.text:_pconv_g)
                  00002424    000001b6                                   : fd_add_t2.asm.obj (.text)
                  000025da    00000002                                   : div0.asm.obj (.text)
                  000025dc    0000015c                                   : strtoull.c.obj (.text:strtoull)
                  00002738    0000013c                                   : _printfi.c.obj (.text:_pconv_e)
                  00002874    00000136                                   : fd_div_t2.asm.obj (.text)
                  000029aa    00000002     --HOLE-- [fill = 0]
                  000029ac    00000130                                   : strtol.c.obj (.text:strtol)
                  00002adc    00000120                                   : _printfi.c.obj (.text:fcvt)
                  00002bfc    00000114                                   : fputs.c.obj (.text:fputs)
                  00002d10    00000114     l5_main.obj (.text)
                  00002e24    00000110     rtsv7M4_T_le_v4SPD16_eabi.lib : s_scalbn.c.obj (.text:scalbn)
                  00002f34    00000110                                   : strtoul.c.obj (.text:strtoul)
                  00003044    000000fc                                   : fd_mul_t2.asm.obj (.text)
                  00003140    000000dc                                   : setvbuf.c.obj (.text:setvbuf)
                  0000321c    000000d8                                   : memory.c.obj (.text:free)
                  000032f4    000000d0                                   : fopen.c.obj (.text:_openfile)
                  000033c4    000000c8                                   : perror.c.obj (.text:perror)
                  0000348c    000000bc                                   : open.c.obj (.text:open)
                  00003548    000000b1                                   : _printfi.c.obj (.text:_ltostr)
                  000035f9    00000003     --HOLE-- [fill = 0]
                  000035fc    0000009c                                   : _bufread.c.obj (.text:__TI_buff_read)
                  00003698    0000009c                                   : fopen.c.obj (.text:fopen)
                  00003734    0000009c                                   : memcpy_t2.asm.obj (.text)
                  000037d0    00000096                                   : ull_div_t2.asm.obj (.text)
                  00003866    00000002     --HOLE-- [fill = 0]
                  00003868    0000008c                                   : fputc.c.obj (.text:fputc)
                  000038f4    00000088                                   : fscanf.c.obj (.text:_chkmbc)
                  0000397c    00000086                                   : fd_cmp_t2.asm.obj (.text:__aeabi_cdcmple)
                  00003a02    00000086                                   : fd_cmp_t2.asm.obj (.text:__aeabi_cdrcmple)
                  00003a88    00000084                                   : fgetc.c.obj (.text:fgetc)
                  00003b0c    00000080     lab5_scan_data.lib : lab5_scan_data.obj (.text)
                  00003b8c    00000080     rtsv7M4_T_le_v4SPD16_eabi.lib : ungetc.c.obj (.text:ungetc)
                  00003c0c    0000007a                                   : memset_t2.asm.obj (.text)
                  00003c86    00000002     --HOLE-- [fill = 0]
                  00003c88    00000078                                   : memory.c.obj (.text:malloc)
                  00003d00    00000074                                   : fclose.c.obj (.text:__TI_closefile)
                  00003d74    0000006e                                   : _printfi.c.obj (.text:_mcpy)
                  00003de2    0000006e                                   : fd_tos_t2.asm.obj (.text)
                  00003e50    00000068                                   : hostlseek.c.obj (.text:HOSTlseek)
                  00003eb8    00000068                                   : hostrename.c.obj (.text:HOSTrename)
                  00003f20    00000068                                   : copy_decompress_lzss.c.obj (.text:decompress:lzss:__TI_decompress_lzss)
                  00003f88    00000068                                   : fscanf.c.obj (.text:fscanf)
                  00003ff0    00000064                                   : s_frexp.c.obj (.text:frexp)
                  00004054    00000064                                   : fseek.c.obj (.text:fseek)
                  000040b8    00000062                                   : _io_perm.c.obj (.text:__TI_wrt_ok)
                  0000411a    00000002     --HOLE-- [fill = 0]
                  0000411c    00000060                                   : hostopen.c.obj (.text:HOSTopen)
                  0000417c    0000005c                                   : close.c.obj (.text:close)
                  000041d8    00000058                                   : hostread.c.obj (.text:HOSTread)
                  00004230    00000058                                   : hostwrite.c.obj (.text:HOSTwrite)
                  00004288    00000056                                   : _printfi.c.obj (.text:_pconv_f)
                  000042de    00000054                                   : ltoa.c.obj (.text:ltoa)
                  00004332    00000052                                   : _printfi.c.obj (.text:_ecpy)
                  00004384    0000004c                                   : fflush.c.obj (.text:__TI_doflush)
                  000043d0    0000004c                                   : atoi.c.obj (.text:atoi)
                  0000441c    0000004a                                   : _io_perm.c.obj (.text:__TI_rd_ok)
                  00004466    00000002     --HOLE-- [fill = 0]
                  00004468    00000048                                   : exit.c.obj (.text:exit)
                  000044b0    00000048                                   : fd_toi_t2.asm.obj (.text)
                  000044f8    00000044                                   : hostclose.c.obj (.text:HOSTclose)
                  0000453c    00000044                                   : hostunlink.c.obj (.text:HOSTunlink)
                  00004580    00000044                                   : autoinit.c.obj (.text:__TI_auto_init_nobinit_nopinit:__TI_auto_init_nobinit_nopinit)
                  000045c4    00000044                                   : getdevice.c.obj (.text:getdevice)
                  00004608    00000040                                   : sprintf.c.obj (.text:sprintf)
                  00004648    0000003e                                   : _printfi.c.obj (.text:_fcpy)
                  00004686    00000002     --HOLE-- [fill = 0]
                  00004688    0000003c                                   : memory.c.obj (.text:minsert)
                  000046c4    00000038                                   : trgmsg.c.obj (.text:__TI_writemsg)
                  000046fc    00000038                                   : boot_cortex_m.c.obj (.text:_c_int00_noargs:_c_int00_noargs)
                  00004734    00000038                                   : memory.c.obj (.text:minit)
                  0000476c    00000038                                   : fs_tod_t2.asm.obj (.text)
                  000047a4    00000036                                   : strncpy.c.obj (.text:strncpy)
                  000047da    00000002     --HOLE-- [fill = 0]
                  000047dc    00000034     driverlib.lib : interrupt.obj (.text:IntRegister)
                  00004810    00000034     rtsv7M4_T_le_v4SPD16_eabi.lib : fopen.c.obj (.text:__TI_cleanup)
                  00004844    00000034                                   : trgmsg.c.obj (.text:__TI_readmsg)
                  00004878    00000030                                   : getdevice.c.obj (.text:finddevice)
                  000048a8    0000002e                                   : i_tofd_t2.asm.obj (.text)
                  000048d6    00000002     --HOLE-- [fill = 0]
                  000048d8    0000002c                                   : fclose.c.obj (.text:fclose)
                  00004904    0000002c                                   : unlink.c.obj (.text:unlink)
                  00004930    00000028                                   : lseek.c.obj (.text:lseek)
                  00004958    00000028                                   : memory.c.obj (.text:mremove)
                  00004980    00000028                                   : read.c.obj (.text:read)
                  000049a8    00000028                                   : write.c.obj (.text:write)
                  000049d0    00000020                                   : memchr.c.obj (.text:memchr)
                  000049f0    0000001c                                   : memccpy.c.obj (.text:memccpy)
                  00004a0c    00000018                                   : sprintf.c.obj (.text:_outs)
                  00004a24    00000018                                   : ll_mul_t2.asm.obj (.text)
                  00004a3c    00000018                                   : strcmp.c.obj (.text:strcmp)
                  00004a54    00000018                                   : strrchr.c.obj (.text:strrchr)
                  00004a6c    00000016                                   : strchr.c.obj (.text:strchr)
                  00004a82    00000014                                   : s_copysign.c.obj (.text:copysign)
                  00004a96    00000014                                   : strcpy.c.obj (.text:strcpy)
                  00004aaa    00000014                                   : strlen.c.obj (.text:strlen)
                  00004abe    00000012                                   : wcslen.c.obj (.text:wcslen)
                  00004ad0    00000010     driverlib.lib : interrupt.obj (.text:IntMasterEnable)
                  00004ae0    0000000e     rtsv7M4_T_le_v4SPD16_eabi.lib : copy_decompress_none.c.obj (.text:decompress:none:__TI_decompress_none)
                  00004aee    0000000c     driverlib.lib : cpu.obj (.text:CPUcpsie)
                  00004afa    0000000c     rtsv7M4_T_le_v4SPD16_eabi.lib : copy_zero_init.c.obj (.text:decompress:ZI:__TI_zero_init)
                  00004b06    0000000c     tm4c123gh6pm_startup_ccs.obj (.text)
                  00004b12    0000000a     rtsv7M4_T_le_v4SPD16_eabi.lib : sprintf.c.obj (.text:_outc)
                  00004b1c    0000000a                                   : fscanf.c.obj (.text:_uninpchar)
                  00004b26    00000002     --HOLE-- [fill = 0]
                  00004b28    00000008                                   : errno.c.obj (.text:__aeabi_errno_addr)
                  00004b30    00000006                                   : fscanf.c.obj (.text:_inpchar)
                  00004b36    00000004                                   : pre_init.c.obj (.text:_system_pre_init)
                  00004b3a    00000004                                   : exit.c.obj (.text:abort:abort)

.const     0    00004b40    000001e0     
                  00004b40    00000101     rtsv7M4_T_le_v4SPD16_eabi.lib : ctype.c.obj (.const:.string:_ctypes_)
                  00004c41    00000007     --HOLE-- [fill = 0]
                  00004c48    000000c8                                   : strtod.c.obj (.const:$O1$$)
                  00004d10    00000010                                   : _scanfi.c.obj (.const:$O1$$)

.cinit     0    00004d20    000000a8     
                  00004d20    00000072     (.cinit..data.load) [load image, compression = lzss]
                  00004d92    00000002     --HOLE-- [fill = 0]
                  00004d94    0000000c     (__TI_handler_table)
                  00004da0    00000008     (.cinit..bss.load) [load image, compression = zero_init]
                  00004da8    00000008     (.cinit..vtable.load) [load image, compression = zero_init]
                  00004db0    00000018     (__TI_cinit_table)

.init_array 
*          0    00000000    00000000     UNINITIALIZED

.vtable    0    20000000    0000026c     UNINITIALIZED
                  20000000    0000026c     driverlib.lib : interrupt.obj (.vtable)

.stack     0    20000270    00001000     UNINITIALIZED
                  20000270    00000004     rtsv7M4_T_le_v4SPD16_eabi.lib : boot_cortex_m.c.obj (.stack)
                  20000274    00000ffc     --HOLE--

.sysmem    0    20001270    00001000     UNINITIALIZED
                  20001270    00000008     rtsv7M4_T_le_v4SPD16_eabi.lib : memory.c.obj (.sysmem)
                  20001278    00000ff8     --HOLE--

.data      0    20002270    000001f4     UNINITIALIZED
                  20002270    000000f0     rtsv7M4_T_le_v4SPD16_eabi.lib : defs.c.obj (.data:_ftable)
                  20002360    00000078                                   : write.c.obj (.data:_device)
                  200023d8    00000050                                   : write.c.obj (.data:_stream)
                  20002428    00000010                                   : defs.c.obj (.data)
                  20002438    0000000c                                   : exit.c.obj (.data:$O1$$)
                  20002444    0000000c                                   : memory.c.obj (.data:$O1$$)
                  20002450    00000008                                   : _lock.c.obj (.data:$O1$$)
                  20002458    00000004                                   : errno.c.obj (.data)
                  2000245c    00000004                                   : fopen.c.obj (.data)
                  20002460    00000004                                   : open.c.obj (.data)

.bss       0    20002464    000001d0     UNINITIALIZED
                  20002464    00000120     rtsv7M4_T_le_v4SPD16_eabi.lib : trgmsg.c.obj (.bss:_CIOBUF_)
                  20002584    000000a0     (.common:__TI_tmpnams)
                  20002624    00000008     (.common:parmbuf)
                  2000262c    00000004     (.common:uart_char_ptr)
                  20002630    00000004     (.common:uart_event_ptr)

MODULE SUMMARY

       Module                         code    ro data   rw data
       ------                         ----    -------   -------
    .\
       tm4c123gh6pm_startup_ccs.obj   12      620       0      
       uart.obj                       492     0         8      
       l5_main.obj                    276     0         0      
    +--+------------------------------+-------+---------+---------+
       Total:                         780     620       8      
                                                               
    ../lab5_scan_data.lib
       lab5_scan_data.obj             128     0         0      
    +--+------------------------------+-------+---------+---------+
       Total:                         128     0         0      
                                                               
    C:/ti/TivaWare_C_Series-2.1.4.178/driverlib/ccs/Debug/driverlib.lib
       interrupt.obj                  68      0         620    
       cpu.obj                        12      0         0      
    +--+------------------------------+-------+---------+---------+
       Total:                         80      0         620    
                                                               
    C:\ti\ccsv8\tools\compiler\ti-cgt-arm_18.1.2.LTS\lib\rtsv7M4_T_le_v4SPD16_eabi.lib
       _printfi.c.obj                 4863    0         0      
       _scanfi.c.obj                  2800    16        0      
       strtod.c.obj                   1120    200       0      
       memory.c.obj                   492     0         12     
       strtoll.c.obj                  476     0         0      
       fd_add_t2.asm.obj              438     0         0      
       fopen.c.obj                    416     0         4      
       defs.c.obj                     0       0         416    
       trgmsg.c.obj                   108     0         288    
       strtoull.c.obj                 348     0         0      
       fd_div_t2.asm.obj              310     0         0      
       strtol.c.obj                   304     0         0      
       fputs.c.obj                    276     0         0      
       s_scalbn.c.obj                 272     0         0      
       strtoul.c.obj                  272     0         0      
       fd_cmp_t2.asm.obj              268     0         0      
       ctype.c.obj                    0       257       0      
       fscanf.c.obj                   256     0         0      
       fd_mul_t2.asm.obj              252     0         0      
       write.c.obj                    40      0         200    
       setvbuf.c.obj                  220     0         0      
       perror.c.obj                   200     0         0      
       open.c.obj                     188     0         4      
       _io_perm.c.obj                 172     0         0      
       fclose.c.obj                   160     0         0      
       _bufread.c.obj                 156     0         0      
       memcpy_t2.asm.obj              156     0         0      
       ull_div_t2.asm.obj             150     0         0      
       fputc.c.obj                    140     0         0      
       fgetc.c.obj                    132     0         0      
       ungetc.c.obj                   128     0         0      
       memset_t2.asm.obj              122     0         0      
       getdevice.c.obj                116     0         0      
       fd_tos_t2.asm.obj              110     0         0      
       copy_decompress_lzss.c.obj     104     0         0      
       hostlseek.c.obj                104     0         0      
       hostopen.c.obj                 96      0         8      
       hostrename.c.obj               104     0         0      
       fseek.c.obj                    100     0         0      
       s_frexp.c.obj                  100     0         0      
       sprintf.c.obj                  98      0         0      
       close.c.obj                    92      0         0      
       exit.c.obj                     76      0         12     
       hostread.c.obj                 88      0         0      
       hostwrite.c.obj                88      0         0      
       ltoa.c.obj                     84      0         0      
       atoi.c.obj                     76      0         0      
       fflush.c.obj                   76      0         0      
       fd_toi_t2.asm.obj              72      0         0      
       autoinit.c.obj                 68      0         0      
       hostclose.c.obj                68      0         0      
       hostunlink.c.obj               68      0         0      
       boot_cortex_m.c.obj            56      0         0      
       fs_tod_t2.asm.obj              56      0         0      
       strncpy.c.obj                  54      0         0      
       i_tofd_t2.asm.obj              46      0         0      
       unlink.c.obj                   44      0         0      
       lseek.c.obj                    40      0         0      
       read.c.obj                     40      0         0      
       memchr.c.obj                   32      0         0      
       memccpy.c.obj                  28      0         0      
       ll_mul_t2.asm.obj              24      0         0      
       strcmp.c.obj                   24      0         0      
       strrchr.c.obj                  24      0         0      
       strchr.c.obj                   22      0         0      
       s_copysign.c.obj               20      0         0      
       strcpy.c.obj                   20      0         0      
       strlen.c.obj                   20      0         0      
       wcslen.c.obj                   18      0         0      
       copy_decompress_none.c.obj     14      0         0      
       copy_zero_init.c.obj           12      0         0      
       errno.c.obj                    8       0         4      
       _lock.c.obj                    2       0         8      
       pre_init.c.obj                 4       0         0      
       div0.asm.obj                   2       0         0      
    +--+------------------------------+-------+---------+---------+
       Total:                         17633   473       956    
                                                               
       Heap:                          0       0         4096   
       Stack:                         0       0         4096   
       Linker Generated:              0       166       0      
    +--+------------------------------+-------+---------+---------+
       Grand Total:                   18621   1259      9776   


LINKER GENERATED COPY TABLES

__TI_cinit_table @ 00004db0 records: 3, size/record: 8, table size: 24
	.data: load addr=00004d20, load size=00000072 bytes, run addr=20002270, run size=000001f4 bytes, compression=lzss
	.bss: load addr=00004da0, load size=00000008 bytes, run addr=20002464, run size=000001d0 bytes, compression=zero_init
	.vtable: load addr=00004da8, load size=00000008 bytes, run addr=20000000, run size=0000026c bytes, compression=zero_init


LINKER GENERATED HANDLER TABLE

__TI_handler_table @ 00004d94 records: 3, size/record: 4, table size: 12
	index: 0, handler: __TI_zero_init
	index: 1, handler: __TI_decompress_lzss
	index: 2, handler: __TI_decompress_none


GLOBAL SYMBOLS: SORTED ALPHABETICALLY BY Name 

address   name                           
-------   ----                           
00004b3b  C$$EXIT                        
000046f3  C$$IO$$                        
00004aef  CPUcpsie                       
000044f9  HOSTclose                      
00003e51  HOSTlseek                      
0000411d  HOSTopen                       
000041d9  HOSTread                       
00003eb9  HOSTrename                     
0000453d  HOSTunlink                     
00004231  HOSTwrite                      
00004ad1  IntMasterEnable                
000047dd  IntRegister                    
00004b07  ResetISR                       
00001fc1  UART1_Handler                  
20002464  __CIOBUF_                      
20001270  __STACK_END                    
00001000  __STACK_SIZE                   
20000470  __STACK_TOP                    
00001000  __SYSMEM_SIZE                  
00004db0  __TI_CINIT_Base                
00004dc8  __TI_CINIT_Limit               
00004d94  __TI_Handler_Table_Base        
00004da0  __TI_Handler_Table_Limit       
00004581  __TI_auto_init_nobinit_nopinit 
000035fd  __TI_buff_read                 
00004811  __TI_cleanup                   
20002438  __TI_cleanup_ptr               
00003d01  __TI_closefile                 
00003f21  __TI_decompress_lzss           
00004ae1  __TI_decompress_none           
00004385  __TI_doflush                   
2000243c  __TI_dtors_ptr                 
20002440  __TI_enable_exit_profile_output
20002428  __TI_ft_end                    
ffffffff  __TI_pprof_out_hndl            
00000d5d  __TI_printfi                   
ffffffff  __TI_prof_data_size            
ffffffff  __TI_prof_data_start           
0000441d  __TI_rd_ok                     
00004845  __TI_readmsg                   
0000026d  __TI_scanfi                    
00000000  __TI_static_base__             
20002584  __TI_tmpnams                   
000046c5  __TI_writemsg                  
000040b9  __TI_wrt_ok                    
00004afb  __TI_zero_init                 
0000397d  __aeabi_cdcmpeq                
0000397d  __aeabi_cdcmple                
00003a03  __aeabi_cdrcmple               
00003de3  __aeabi_d2f                    
000044b1  __aeabi_d2iz                   
0000242f  __aeabi_dadd                   
00002875  __aeabi_ddiv                   
00003045  __aeabi_dmul                   
00002425  __aeabi_dsub                   
00004b29  __aeabi_errno_addr             
0000476d  __aeabi_f2d                    
000048a9  __aeabi_i2d                    
000025db  __aeabi_idiv0                  
000025db  __aeabi_ldiv0                  
00004a25  __aeabi_lmul                   
00003c0d  __aeabi_memclr                 
00003c0d  __aeabi_memclr4                
00003c0d  __aeabi_memclr8                
00003735  __aeabi_memcpy                 
00003735  __aeabi_memcpy4                
00003735  __aeabi_memcpy8                
00003c0f  __aeabi_memset                 
00003c0f  __aeabi_memset4                
00003c0f  __aeabi_memset8                
20002434  __aeabi_stderr                 
2000242c  __aeabi_stdin                  
20002430  __aeabi_stdout                 
000037d1  __aeabi_uldivmod               
ffffffff  __binit__                      
ffffffff  __c_args__                     
UNDEFED   __mpu_init                     
20000270  __stack                        
000046fd  _c_int00_noargs                
00004b40  _ctypes_                       
20002360  _device                        
20002270  _ftable                        
20002450  _lock                          
000017bb  _nop                           
200023d8  _stream                        
20001270  _sys_memory                    
UNDEFED   _system_post_cinit             
00004b37  _system_pre_init               
20002454  _unlock                        
00004b3b  abort                          
000043d1  atoi                           
ffffffff  binit                          
0000417d  close                          
00004a83  copysign                       
00004a83  copysignl                      
20002458  errno                          
00004469  exit                           
000048d9  fclose                         
00003a89  fgetc                          
00004879  finddevice                     
00003699  fopen                          
00003869  fputc                          
00002bfd  fputs                          
0000321d  free                           
00003ff1  frexp                          
00003ff1  frexpl                         
00003f89  fscanf                         
00004055  fseek                          
20000000  g_pfnRAMVectors                
00000000  g_pfnVectors                   
00003b0d  get_reading                    
00003a89  getc                           
000045c5  getdevice                      
00002e25  ldexp                          
00002e25  ldexpl                         
00004931  lseek                          
000042df  ltoa                           
00002d11  main                           
00003c89  malloc                         
000049f1  memccpy                        
000049d1  memchr                         
00003735  memcpy                         
00003c15  memset                         
00004735  minit                          
0000348d  open                           
20002624  parmbuf                        
000033c5  perror                         
00003869  putc                           
00004981  read                           
00004905  remove                         
00002e25  scalbn                         
00002e25  scalbnl                        
00003141  setvbuf                        
00004609  sprintf                        
00004a6d  strchr                         
00004a3d  strcmp                         
00004a97  strcpy                         
00004aab  strlen                         
000047a5  strncpy                        
00004a55  strrchr                        
000017bd  strtod                         
000029ad  strtol                         
000017bd  strtold                        
00002079  strtoll                        
00002f35  strtoul                        
000025dd  strtoull                       
2000262c  uart_char_ptr                  
20002630  uart_event_ptr                 
00001ee3  uart_init                      
00001e8d  uart_interrupts_init           
00001f9b  uart_receive                   
00001f77  uart_sendChar                  
00001ffd  uart_sendStr                   
00003b8d  ungetc                         
00004905  unlink                         
00004abf  wcslen                         
000049a9  write                          


GLOBAL SYMBOLS: SORTED BY Symbol Address 

address   name                           
-------   ----                           
00000000  __TI_static_base__             
00000000  g_pfnVectors                   
0000026d  __TI_scanfi                    
00000d5d  __TI_printfi                   
00001000  __STACK_SIZE                   
00001000  __SYSMEM_SIZE                  
000017bb  _nop                           
000017bd  strtod                         
000017bd  strtold                        
00001e8d  uart_interrupts_init           
00001ee3  uart_init                      
00001f77  uart_sendChar                  
00001f9b  uart_receive                   
00001fc1  UART1_Handler                  
00001ffd  uart_sendStr                   
00002079  strtoll                        
00002425  __aeabi_dsub                   
0000242f  __aeabi_dadd                   
000025db  __aeabi_idiv0                  
000025db  __aeabi_ldiv0                  
000025dd  strtoull                       
00002875  __aeabi_ddiv                   
000029ad  strtol                         
00002bfd  fputs                          
00002d11  main                           
00002e25  ldexp                          
00002e25  ldexpl                         
00002e25  scalbn                         
00002e25  scalbnl                        
00002f35  strtoul                        
00003045  __aeabi_dmul                   
00003141  setvbuf                        
0000321d  free                           
000033c5  perror                         
0000348d  open                           
000035fd  __TI_buff_read                 
00003699  fopen                          
00003735  __aeabi_memcpy                 
00003735  __aeabi_memcpy4                
00003735  __aeabi_memcpy8                
00003735  memcpy                         
000037d1  __aeabi_uldivmod               
00003869  fputc                          
00003869  putc                           
0000397d  __aeabi_cdcmpeq                
0000397d  __aeabi_cdcmple                
00003a03  __aeabi_cdrcmple               
00003a89  fgetc                          
00003a89  getc                           
00003b0d  get_reading                    
00003b8d  ungetc                         
00003c0d  __aeabi_memclr                 
00003c0d  __aeabi_memclr4                
00003c0d  __aeabi_memclr8                
00003c0f  __aeabi_memset                 
00003c0f  __aeabi_memset4                
00003c0f  __aeabi_memset8                
00003c15  memset                         
00003c89  malloc                         
00003d01  __TI_closefile                 
00003de3  __aeabi_d2f                    
00003e51  HOSTlseek                      
00003eb9  HOSTrename                     
00003f21  __TI_decompress_lzss           
00003f89  fscanf                         
00003ff1  frexp                          
00003ff1  frexpl                         
00004055  fseek                          
000040b9  __TI_wrt_ok                    
0000411d  HOSTopen                       
0000417d  close                          
000041d9  HOSTread                       
00004231  HOSTwrite                      
000042df  ltoa                           
00004385  __TI_doflush                   
000043d1  atoi                           
0000441d  __TI_rd_ok                     
00004469  exit                           
000044b1  __aeabi_d2iz                   
000044f9  HOSTclose                      
0000453d  HOSTunlink                     
00004581  __TI_auto_init_nobinit_nopinit 
000045c5  getdevice                      
00004609  sprintf                        
000046c5  __TI_writemsg                  
000046f3  C$$IO$$                        
000046fd  _c_int00_noargs                
00004735  minit                          
0000476d  __aeabi_f2d                    
000047a5  strncpy                        
000047dd  IntRegister                    
00004811  __TI_cleanup                   
00004845  __TI_readmsg                   
00004879  finddevice                     
000048a9  __aeabi_i2d                    
000048d9  fclose                         
00004905  remove                         
00004905  unlink                         
00004931  lseek                          
00004981  read                           
000049a9  write                          
000049d1  memchr                         
000049f1  memccpy                        
00004a25  __aeabi_lmul                   
00004a3d  strcmp                         
00004a55  strrchr                        
00004a6d  strchr                         
00004a83  copysign                       
00004a83  copysignl                      
00004a97  strcpy                         
00004aab  strlen                         
00004abf  wcslen                         
00004ad1  IntMasterEnable                
00004ae1  __TI_decompress_none           
00004aef  CPUcpsie                       
00004afb  __TI_zero_init                 
00004b07  ResetISR                       
00004b29  __aeabi_errno_addr             
00004b37  _system_pre_init               
00004b3b  C$$EXIT                        
00004b3b  abort                          
00004b40  _ctypes_                       
00004d94  __TI_Handler_Table_Base        
00004da0  __TI_Handler_Table_Limit       
00004db0  __TI_CINIT_Base                
00004dc8  __TI_CINIT_Limit               
20000000  g_pfnRAMVectors                
20000270  __stack                        
20000470  __STACK_TOP                    
20001270  __STACK_END                    
20001270  _sys_memory                    
20002270  _ftable                        
20002360  _device                        
200023d8  _stream                        
20002428  __TI_ft_end                    
2000242c  __aeabi_stdin                  
20002430  __aeabi_stdout                 
20002434  __aeabi_stderr                 
20002438  __TI_cleanup_ptr               
2000243c  __TI_dtors_ptr                 
20002440  __TI_enable_exit_profile_output
20002450  _lock                          
20002454  _unlock                        
20002458  errno                          
20002464  __CIOBUF_                      
20002584  __TI_tmpnams                   
20002624  parmbuf                        
2000262c  uart_char_ptr                  
20002630  uart_event_ptr                 
ffffffff  __TI_pprof_out_hndl            
ffffffff  __TI_prof_data_size            
ffffffff  __TI_prof_data_start           
ffffffff  __binit__                      
ffffffff  __c_args__                     
ffffffff  binit                          
UNDEFED   __mpu_init                     
UNDEFED   _system_post_cinit             

[157 symbols]
