******************************************************************************
                  TI ARM Linker PC v18.1.2                     
******************************************************************************
>> Linked Thu Feb 14 11:55:42 2019

OUTPUT FILE NAME:   <Lab2.out>
ENTRY POINT SYMBOL: "_c_int00_noargs"  address: 000017d1


MEMORY CONFIGURATION

         name            origin    length      used     unused   attr    fill
----------------------  --------  ---------  --------  --------  ----  --------
  FLASH                 00000000   00040000  00001a3f  0003e5c1  R  X
  SRAM                  20000000   00008000  000022b0  00005d50  RW X


SEGMENT ALLOCATION MAP

run origin  load origin   length   init length attrs members
----------  ----------- ---------- ----------- ----- -------
00000000    00000000    00001a40   00001a40    r-x
  00000000    00000000    0000026c   0000026c    r-- .intvecs
  0000026c    0000026c    00001774   00001774    r-x .text
  000019e0    000019e0    0000000f   0000000f    r-- .const
  000019f0    000019f0    00000050   00000050    r-- .cinit
20000000    20000000    000022b4   00000000    rw-
  20000000    20000000    0000026c   00000000    rw- .vtable
  20000270    20000270    00001000   00000000    rw- .stack
  20001270    20001270    00001000   00000000    rw- .sysmem
  20002270    20002270    0000002c   00000000    rw- .data
  2000229c    2000229c    00000018   00000000    rw- .bss


SECTION ALLOCATION MAP

 output                                  attributes/
section   page    origin      length       input sections
--------  ----  ----------  ----------   ----------------
.intvecs   0    00000000    0000026c     
                  00000000    0000026c     tm4c123gh6pm_startup_ccs.obj (.intvecs)

.text      0    0000026c    00001774     
                  0000026c    00000a88     open_interface.obj (.text)
                  00000cf4    0000027c     movement.obj (.text)
                  00000f70    000001b6     rtsv7M4_T_le_v4SPD16_eabi.lib : fd_add_t2.asm.obj (.text)
                  00001126    00000002                                   : _lock.c.obj (.text:_nop)
                  00001128    00000158     timer.obj (.text)
                  00001280    00000136     rtsv7M4_T_le_v4SPD16_eabi.lib : fd_div_t2.asm.obj (.text)
                  000013b6    000000fc                                   : fd_mul_t2.asm.obj (.text)
                  000014b2    00000002     --HOLE-- [fill = 0]
                  000014b4    000000d8                                   : memory.c.obj (.text:free)
                  0000158c    0000009c                                   : memcpy_t2.asm.obj (.text)
                  00001628    00000078                                   : memory.c.obj (.text:malloc)
                  000016a0    00000068                                   : copy_decompress_lzss.c.obj (.text:decompress:lzss:__TI_decompress_lzss)
                  00001708    00000048                                   : fd_toi_t2.asm.obj (.text)
                  00001750    00000044                                   : autoinit.c.obj (.text:__TI_auto_init_nobinit_nopinit:__TI_auto_init_nobinit_nopinit)
                  00001794    0000003c                                   : memory.c.obj (.text:minsert)
                  000017d0    00000038                                   : boot_cortex_m.c.obj (.text:_c_int00_noargs:_c_int00_noargs)
                  00001808    00000038     l2_main.obj (.text)
                  00001840    00000038     rtsv7M4_T_le_v4SPD16_eabi.lib : memory.c.obj (.text:minit)
                  00001878    00000034     driverlib.lib : interrupt.obj (.text:IntRegister)
                  000018ac    00000034     triggers.obj (.text)
                  000018e0    0000002e     rtsv7M4_T_le_v4SPD16_eabi.lib : i_tofd_t2.asm.obj (.text)
                  0000190e    0000002a                                   : memory.c.obj (.text:calloc)
                  00001938    00000028                                   : memory.c.obj (.text:mremove)
                  00001960    00000018     open_interface.obj (.text:oi_parseInt)
                  00001978    00000018     rtsv7M4_T_le_v4SPD16_eabi.lib : strcmp.c.obj (.text:strcmp)
                  00001990    00000012                                   : copy_zero_init.c.obj (.text:decompress:ZI:__TI_zero_init_nomemset:__TI_zero_init_nomemset)
                  000019a2    00000010     driverlib.lib : interrupt.obj (.text:IntMasterEnable)
                  000019b2    0000000e     rtsv7M4_T_le_v4SPD16_eabi.lib : copy_decompress_none.c.obj (.text:decompress:none:__TI_decompress_none)
                  000019c0    0000000c     driverlib.lib : cpu.obj (.text:CPUcpsie)
                  000019cc    0000000c     tm4c123gh6pm_startup_ccs.obj (.text)
                  000019d8    00000004     rtsv7M4_T_le_v4SPD16_eabi.lib : pre_init.c.obj (.text:_system_pre_init)
                  000019dc    00000004                                   : exit.c.obj (.text:abort:abort)

.const     0    000019e0    0000000f     
                  000019e0    0000000f     open_interface.obj (.const:.string:$P$T0$3)

.cinit     0    000019f0    00000050     
                  000019f0    0000001c     (.cinit..data.load) [load image, compression = lzss]
                  00001a0c    0000000c     (__TI_handler_table)
                  00001a18    00000008     (.cinit..bss.load) [load image, compression = zero_init]
                  00001a20    00000008     (.cinit..vtable.load) [load image, compression = zero_init]
                  00001a28    00000018     (__TI_cinit_table)

.init_array 
*          0    00000000    00000000     UNINITIALIZED

.vtable    0    20000000    0000026c     UNINITIALIZED
                  20000000    0000026c     driverlib.lib : interrupt.obj (.vtable)

.stack     0    20000270    00001000     UNINITIALIZED
                  20000270    00000004     rtsv7M4_T_le_v4SPD16_eabi.lib : boot_cortex_m.c.obj (.stack)
                  20000274    00000ffc     --HOLE--

.sysmem    0    20001270    00001000     UNINITIALIZED
                  20001270    00000008     rtsv7M4_T_le_v4SPD16_eabi.lib : memory.c.obj (.sysmem)
                  20001278    00000ff8     --HOLE--

.data      0    20002270    0000002c     UNINITIALIZED
                  20002270    00000010     open_interface.obj (.data)
                  20002280    0000000c     rtsv7M4_T_le_v4SPD16_eabi.lib : memory.c.obj (.data:$O1$$)
                  2000228c    00000008                                   : _lock.c.obj (.data:$O1$$)
                  20002294    00000008     l2_main.obj (.data)

.bss       0    2000229c    00000018     UNINITIALIZED
                  2000229c    00000018     open_interface.obj (.bss:firmware$2)

MODULE SUMMARY

       Module                         code   ro data   rw data
       ------                         ----   -------   -------
    .\
       open_interface.obj             2720   15        40     
       movement.obj                   636    0         0      
       tm4c123gh6pm_startup_ccs.obj   12     620       0      
       timer.obj                      344    0         0      
       l2_main.obj                    56     0         8      
       triggers.obj                   52     0         0      
    +--+------------------------------+------+---------+---------+
       Total:                         3820   635       48     
                                                              
    C:/ti/TivaWare_C_Series-2.1.4.178/driverlib/ccs/Debug/driverlib.lib
       interrupt.obj                  68     0         620    
       cpu.obj                        12     0         0      
    +--+------------------------------+------+---------+---------+
       Total:                         80     0         620    
                                                              
    C:\ti\ccsv8\tools\compiler\ti-cgt-arm_18.1.2.LTS\lib\rtsv7M4_T_le_v4SPD16_eabi.lib
       memory.c.obj                   534    0         12     
       fd_add_t2.asm.obj              438    0         0      
       fd_div_t2.asm.obj              310    0         0      
       fd_mul_t2.asm.obj              252    0         0      
       memcpy_t2.asm.obj              156    0         0      
       copy_decompress_lzss.c.obj     104    0         0      
       fd_toi_t2.asm.obj              72     0         0      
       autoinit.c.obj                 68     0         0      
       boot_cortex_m.c.obj            56     0         0      
       i_tofd_t2.asm.obj              46     0         0      
       strcmp.c.obj                   24     0         0      
       copy_zero_init.c.obj           18     0         0      
       copy_decompress_none.c.obj     14     0         0      
       _lock.c.obj                    2      0         8      
       exit.c.obj                     4      0         0      
       pre_init.c.obj                 4      0         0      
    +--+------------------------------+------+---------+---------+
       Total:                         2102   0         20     
                                                              
       Heap:                          0      0         4096   
       Stack:                         0      0         4096   
       Linker Generated:              0      80        0      
    +--+------------------------------+------+---------+---------+
       Grand Total:                   6002   715       8880   


LINKER GENERATED COPY TABLES

__TI_cinit_table @ 00001a28 records: 3, size/record: 8, table size: 24
	.data: load addr=000019f0, load size=0000001c bytes, run addr=20002270, run size=0000002c bytes, compression=lzss
	.bss: load addr=00001a18, load size=00000008 bytes, run addr=2000229c, run size=00000018 bytes, compression=zero_init
	.vtable: load addr=00001a20, load size=00000008 bytes, run addr=20000000, run size=0000026c bytes, compression=zero_init


LINKER GENERATED HANDLER TABLE

__TI_handler_table @ 00001a0c records: 3, size/record: 4, table size: 12
	index: 0, handler: __TI_zero_init
	index: 1, handler: __TI_decompress_lzss
	index: 2, handler: __TI_decompress_none


GLOBAL SYMBOLS: SORTED ALPHABETICALLY BY Name 

address   name                          
-------   ----                          
000019dd  C$$EXIT                       
000019c1  CPUcpsie                      
00000b65  GPIOF_Handler                 
000019a3  IntMasterEnable               
00001879  IntRegister                   
000019cd  ResetISR                      
20001270  __STACK_END                   
00001000  __STACK_SIZE                  
20000470  __STACK_TOP                   
00001000  __SYSMEM_SIZE                 
00001a28  __TI_CINIT_Base               
00001a40  __TI_CINIT_Limit              
00001a0c  __TI_Handler_Table_Base       
00001a18  __TI_Handler_Table_Limit      
00001751  __TI_auto_init_nobinit_nopinit
000016a1  __TI_decompress_lzss          
000019b3  __TI_decompress_none          
ffffffff  __TI_pprof_out_hndl           
ffffffff  __TI_prof_data_size           
ffffffff  __TI_prof_data_start          
00000000  __TI_static_base__            
00001991  __TI_zero_init_nomemset       
00001709  __aeabi_d2iz                  
00000f7b  __aeabi_dadd                  
00001281  __aeabi_ddiv                  
000013b7  __aeabi_dmul                  
00000f71  __aeabi_dsub                  
000018e1  __aeabi_i2d                   
0000158d  __aeabi_memcpy                
0000158d  __aeabi_memcpy4               
0000158d  __aeabi_memcpy8               
ffffffff  __binit__                     
ffffffff  __c_args__                    
UNDEFED   __mpu_init                    
20000270  __stack                       
000017d1  _c_int00_noargs               
2000228c  _lock                         
00001127  _nop                          
20001270  _sys_memory                   
UNDEFED   _system_post_cinit            
000019d9  _system_pre_init              
20002290  _unlock                       
000019dd  abort                         
ffffffff  binit                         
000018ad  bump_left                     
000018c7  bump_right                    
0000190f  calloc                        
000014b5  free                          
20000000  g_pfnRAMVectors               
00000000  g_pfnVectors                  
00000b7f  getDegrees                    
00000921  go_charge                     
00000ebf  left_bump_avoidance           
20002294  left_wheel                    
00001809  main                          
00001629  malloc                        
0000158d  memcpy                        
00001841  minit                         
00000dab  move_backwards                
00000cf5  move_forward                  
00000dfb  move_turn_clockwise           
00000e5d  move_turn_counter_clockwise   
0000026d  oi_alloc                      
00000a4b  oi_checkFirmware              
000002c3  oi_close                      
00000279  oi_free                       
000002ad  oi_init                       
00000289  oi_init_noupdate              
000008b7  oi_loadSong                   
00001961  oi_parseInt                   
00000327  oi_parsePacket                
0000090d  oi_play_song                  
00000831  oi_setLeds                    
00000875  oi_setWheels                  
00000af3  oi_shutoff_init               
0000092f  oi_uartInit                   
000009d3  oi_uartReceive                
00000a19  oi_uartSendBuff               
000009b7  oi_uartSendChar               
000009fb  oi_uartSendStr                
000002d5  oi_update                     
00000f13  right_bump_avoidance          
20002298  right_wheel                   
00001979  strcmp                        
00001239  timer_getClock                
000011ed  timer_startClock              
00001187  timer_startTimer              
0000123f  timer_stopClock               
000011d7  timer_stopTimer               
0000115d  timer_waitMicros              
00001129  timer_waitMillis              


GLOBAL SYMBOLS: SORTED BY Symbol Address 

address   name                          
-------   ----                          
00000000  __TI_static_base__            
00000000  g_pfnVectors                  
0000026d  oi_alloc                      
00000279  oi_free                       
00000289  oi_init_noupdate              
000002ad  oi_init                       
000002c3  oi_close                      
000002d5  oi_update                     
00000327  oi_parsePacket                
00000831  oi_setLeds                    
00000875  oi_setWheels                  
000008b7  oi_loadSong                   
0000090d  oi_play_song                  
00000921  go_charge                     
0000092f  oi_uartInit                   
000009b7  oi_uartSendChar               
000009d3  oi_uartReceive                
000009fb  oi_uartSendStr                
00000a19  oi_uartSendBuff               
00000a4b  oi_checkFirmware              
00000af3  oi_shutoff_init               
00000b65  GPIOF_Handler                 
00000b7f  getDegrees                    
00000cf5  move_forward                  
00000dab  move_backwards                
00000dfb  move_turn_clockwise           
00000e5d  move_turn_counter_clockwise   
00000ebf  left_bump_avoidance           
00000f13  right_bump_avoidance          
00000f71  __aeabi_dsub                  
00000f7b  __aeabi_dadd                  
00001000  __STACK_SIZE                  
00001000  __SYSMEM_SIZE                 
00001127  _nop                          
00001129  timer_waitMillis              
0000115d  timer_waitMicros              
00001187  timer_startTimer              
000011d7  timer_stopTimer               
000011ed  timer_startClock              
00001239  timer_getClock                
0000123f  timer_stopClock               
00001281  __aeabi_ddiv                  
000013b7  __aeabi_dmul                  
000014b5  free                          
0000158d  __aeabi_memcpy                
0000158d  __aeabi_memcpy4               
0000158d  __aeabi_memcpy8               
0000158d  memcpy                        
00001629  malloc                        
000016a1  __TI_decompress_lzss          
00001709  __aeabi_d2iz                  
00001751  __TI_auto_init_nobinit_nopinit
000017d1  _c_int00_noargs               
00001809  main                          
00001841  minit                         
00001879  IntRegister                   
000018ad  bump_left                     
000018c7  bump_right                    
000018e1  __aeabi_i2d                   
0000190f  calloc                        
00001961  oi_parseInt                   
00001979  strcmp                        
00001991  __TI_zero_init_nomemset       
000019a3  IntMasterEnable               
000019b3  __TI_decompress_none          
000019c1  CPUcpsie                      
000019cd  ResetISR                      
000019d9  _system_pre_init              
000019dd  C$$EXIT                       
000019dd  abort                         
00001a0c  __TI_Handler_Table_Base       
00001a18  __TI_Handler_Table_Limit      
00001a28  __TI_CINIT_Base               
00001a40  __TI_CINIT_Limit              
20000000  g_pfnRAMVectors               
20000270  __stack                       
20000470  __STACK_TOP                   
20001270  __STACK_END                   
20001270  _sys_memory                   
2000228c  _lock                         
20002290  _unlock                       
20002294  left_wheel                    
20002298  right_wheel                   
ffffffff  __TI_pprof_out_hndl           
ffffffff  __TI_prof_data_size           
ffffffff  __TI_prof_data_start          
ffffffff  __binit__                     
ffffffff  __c_args__                    
ffffffff  binit                         
UNDEFED   __mpu_init                    
UNDEFED   _system_post_cinit            

[91 symbols]
