******************************************************************************
                  TI ARM Linker PC v18.1.2                     
******************************************************************************
>> Linked Tue Feb 26 21:40:11 2019

OUTPUT FILE NAME:   <Lab1.out>
ENTRY POINT SYMBOL: "_c_int00_noargs"  address: 00002441


MEMORY CONFIGURATION

         name            origin    length      used     unused   attr    fill
----------------------  --------  ---------  --------  --------  ----  --------
  FLASH                 00000000   00040000  000027c1  0003d83f  R  X
  SRAM                  20000000   00008000  00001058  00006fa8  RW X


SEGMENT ALLOCATION MAP

run origin  load origin   length   init length attrs members
----------  ----------- ---------- ----------- ----- -------
00000000    00000000    000027c8   000027c8    r-x
  00000000    00000000    0000026c   0000026c    r-- .intvecs
  0000026c    0000026c    000023b8   000023b8    r-x .text
  00002624    00002624    0000016d   0000016d    r-- .const
  00002798    00002798    00000030   00000030    r-- .cinit
20000000    20000000    00001058   00000000    rw-
  20000000    20000000    00001000   00000000    rw- .stack
  20001000    20001000    00000054   00000000    rw- .bss
  20001054    20001054    00000004   00000000    rw- .data


SECTION ALLOCATION MAP

 output                                  attributes/
section   page    origin      length       input sections
--------  ----  ----------  ----------   ----------------
.intvecs   0    00000000    0000026c     
                  00000000    0000026c     tm4c123gh6pm_startup_ccs.obj (.intvecs)

.text      0    0000026c    000023b8     
                  0000026c    00000a5e     rtsv7M4_T_le_v4SPD16_eabi.lib : _printfi.c.obj (.text:__TI_printfi)
                  00000cca    00000002                                   : div0.asm.obj (.text)
                  00000ccc    0000038c     lcd.obj (.text)
                  00001058    00000270     rtsv7M4_T_le_v4SPD16_eabi.lib : _printfi.c.obj (.text:_pconv_a)
                  000012c8    000001d0                                   : _printfi.c.obj (.text:_pconv_g)
                  00001498    000001b6                                   : fd_add_t2.asm.obj (.text)
                  0000164e    00000002     --HOLE-- [fill = 0]
                  00001650    00000158     timer.obj (.text)
                  000017a8    0000013c     rtsv7M4_T_le_v4SPD16_eabi.lib : _printfi.c.obj (.text:_pconv_e)
                  000018e4    00000136                                   : fd_div_t2.asm.obj (.text)
                  00001a1a    00000002     --HOLE-- [fill = 0]
                  00001a1c    00000120                                   : _printfi.c.obj (.text:fcvt)
                  00001b3c    00000110                                   : s_scalbn.c.obj (.text:scalbn)
                  00001c4c    000000fc                                   : fd_mul_t2.asm.obj (.text)
                  00001d48    000000b1                                   : _printfi.c.obj (.text:_ltostr)
                  00001df9    00000001     --HOLE-- [fill = 0]
                  00001dfa    0000009c                                   : memcpy_t2.asm.obj (.text)
                  00001e96    00000096                                   : ull_div_t2.asm.obj (.text)
                  00001f2c    00000086                                   : fd_cmp_t2.asm.obj (.text:__aeabi_cdcmple)
                  00001fb2    00000086                                   : fd_cmp_t2.asm.obj (.text:__aeabi_cdrcmple)
                  00002038    0000007a                                   : memset_t2.asm.obj (.text)
                  000020b2    0000006e                                   : _printfi.c.obj (.text:_mcpy)
                  00002120    00000068                                   : copy_decompress_lzss.c.obj (.text:decompress:lzss:__TI_decompress_lzss)
                  00002188    00000064                                   : s_frexp.c.obj (.text:frexp)
                  000021ec    00000056                                   : _printfi.c.obj (.text:_pconv_f)
                  00002242    00000054                                   : ltoa.c.obj (.text:ltoa)
                  00002296    00000052                                   : _printfi.c.obj (.text:_ecpy)
                  000022e8    0000004c                                   : atoi.c.obj (.text:atoi)
                  00002334    00000048                                   : fd_toi_t2.asm.obj (.text)
                  0000237c    00000044                                   : autoinit.c.obj (.text:__TI_auto_init_nobinit_nopinit:__TI_auto_init_nobinit_nopinit)
                  000023c0    00000040                                   : vsnprintf.c.obj (.text:vsnprintf)
                  00002400    0000003e                                   : _printfi.c.obj (.text:_fcpy)
                  0000243e    00000002     --HOLE-- [fill = 0]
                  00002440    00000038                                   : boot_cortex_m.c.obj (.text:_c_int00_noargs:_c_int00_noargs)
                  00002478    00000032     l1_main.obj (.text)
                  000024aa    00000030     rtsv7M4_T_le_v4SPD16_eabi.lib : vsnprintf.c.obj (.text:_outs)
                  000024da    0000002e                                   : i_tofd_t2.asm.obj (.text)
                  00002508    0000001e                                   : strcat.c.obj (.text:strcat)
                  00002526    0000001c                                   : memccpy.c.obj (.text:memccpy)
                  00002542    00000018                                   : vsnprintf.c.obj (.text:_outc)
                  0000255a    00000018                                   : strcmp.c.obj (.text:strcmp)
                  00002572    00000016                                   : strchr.c.obj (.text:strchr)
                  00002588    00000014                                   : s_copysign.c.obj (.text:copysign)
                  0000259c    00000014                                   : strcpy.c.obj (.text:strcpy)
                  000025b0    00000014                                   : strlen.c.obj (.text:strlen)
                  000025c4    00000012                                   : copy_zero_init.c.obj (.text:decompress:ZI:__TI_zero_init_nomemset:__TI_zero_init_nomemset)
                  000025d6    00000012                                   : wcslen.c.obj (.text:wcslen)
                  000025e8    00000010     lcd.obj (.text:lcd_clear)
                  000025f8    0000000e     rtsv7M4_T_le_v4SPD16_eabi.lib : copy_decompress_none.c.obj (.text:decompress:none:__TI_decompress_none)
                  00002606    0000000c     tm4c123gh6pm_startup_ccs.obj (.text)
                  00002612    00000002     --HOLE-- [fill = 0]
                  00002614    00000008     rtsv7M4_T_le_v4SPD16_eabi.lib : errno.c.obj (.text:__aeabi_errno_addr)
                  0000261c    00000004                                   : pre_init.c.obj (.text:_system_pre_init)
                  00002620    00000004                                   : exit.c.obj (.text:abort:abort)

.const     0    00002624    0000016d     
                  00002624    00000101     rtsv7M4_T_le_v4SPD16_eabi.lib : ctype.c.obj (.const:.string:_ctypes_)
                  00002725    00000064     lcd.obj (.const:.string:$P$T0$4)
                  00002789    00000004     lcd.obj (.const:.string:lineAddress$1)
                  0000278d    00000004     lcd.obj (.const:.string:lineAddresses$2)

.cinit     0    00002798    00000030     
                  00002798    0000000c     (__TI_handler_table)
                  000027a4    00000004     --HOLE-- [fill = 0]
                  000027a8    00000008     (.cinit..bss.load) [load image, compression = zero_init]
                  000027b0    00000007     (.cinit..data.load) [load image, compression = lzss]
                  000027b7    00000001     --HOLE-- [fill = 0]
                  000027b8    00000010     (__TI_cinit_table)

.init_array 
*          0    00000000    00000000     UNINITIALIZED

.bss       0    20001000    00000054     UNINITIALIZED
                  20001000    00000054     lcd.obj (.bss:lastbuffer$3)

.data      0    20001054    00000004     UNINITIALIZED
                  20001054    00000004     rtsv7M4_T_le_v4SPD16_eabi.lib : errno.c.obj (.data)

.stack     0    20000000    00001000     UNINITIALIZED
                  20000000    00000004     rtsv7M4_T_le_v4SPD16_eabi.lib : boot_cortex_m.c.obj (.stack)
                  20000004    00000ffc     --HOLE--

MODULE SUMMARY

       Module                         code   ro data   rw data
       ------                         ----   -------   -------
    .\
       lcd.obj                        924    108       84     
       tm4c123gh6pm_startup_ccs.obj   12     620       0      
       timer.obj                      344    0         0      
       l1_main.obj                    50     0         0      
    +--+------------------------------+------+---------+---------+
       Total:                         1330   728       84     
                                                              
    C:\ti\ccsv8\tools\compiler\ti-cgt-arm_18.1.2.LTS\lib\rtsv7M4_T_le_v4SPD16_eabi.lib
       _printfi.c.obj                 4863   0         0      
       fd_add_t2.asm.obj              438    0         0      
       fd_div_t2.asm.obj              310    0         0      
       s_scalbn.c.obj                 272    0         0      
       fd_cmp_t2.asm.obj              268    0         0      
       ctype.c.obj                    0      257       0      
       fd_mul_t2.asm.obj              252    0         0      
       memcpy_t2.asm.obj              156    0         0      
       ull_div_t2.asm.obj             150    0         0      
       vsnprintf.c.obj                136    0         0      
       memset_t2.asm.obj              122    0         0      
       copy_decompress_lzss.c.obj     104    0         0      
       s_frexp.c.obj                  100    0         0      
       ltoa.c.obj                     84     0         0      
       atoi.c.obj                     76     0         0      
       fd_toi_t2.asm.obj              72     0         0      
       autoinit.c.obj                 68     0         0      
       boot_cortex_m.c.obj            56     0         0      
       i_tofd_t2.asm.obj              46     0         0      
       strcat.c.obj                   30     0         0      
       memccpy.c.obj                  28     0         0      
       strcmp.c.obj                   24     0         0      
       strchr.c.obj                   22     0         0      
       s_copysign.c.obj               20     0         0      
       strcpy.c.obj                   20     0         0      
       strlen.c.obj                   20     0         0      
       copy_zero_init.c.obj           18     0         0      
       wcslen.c.obj                   18     0         0      
       copy_decompress_none.c.obj     14     0         0      
       errno.c.obj                    8      0         4      
       exit.c.obj                     4      0         0      
       pre_init.c.obj                 4      0         0      
       div0.asm.obj                   2      0         0      
    +--+------------------------------+------+---------+---------+
       Total:                         7805   257       4      
                                                              
       Stack:                         0      0         4096   
       Linker Generated:              0      43        0      
    +--+------------------------------+------+---------+---------+
       Grand Total:                   9135   1028      4184   


LINKER GENERATED COPY TABLES

__TI_cinit_table @ 000027b8 records: 2, size/record: 8, table size: 16
	.bss: load addr=000027a8, load size=00000008 bytes, run addr=20001000, run size=00000054 bytes, compression=zero_init
	.data: load addr=000027b0, load size=00000007 bytes, run addr=20001054, run size=00000004 bytes, compression=lzss


LINKER GENERATED HANDLER TABLE

__TI_handler_table @ 00002798 records: 3, size/record: 4, table size: 12
	index: 0, handler: __TI_decompress_lzss
	index: 1, handler: __TI_decompress_none
	index: 2, handler: __TI_zero_init


GLOBAL SYMBOLS: SORTED ALPHABETICALLY BY Name 

address   name                          
-------   ----                          
00002621  C$$EXIT                       
00002607  ResetISR                      
20001000  __STACK_END                   
00001000  __STACK_SIZE                  
20000200  __STACK_TOP                   
000027b8  __TI_CINIT_Base               
000027c8  __TI_CINIT_Limit              
00002798  __TI_Handler_Table_Base       
000027a4  __TI_Handler_Table_Limit      
0000237d  __TI_auto_init_nobinit_nopinit
00002121  __TI_decompress_lzss          
000025f9  __TI_decompress_none          
ffffffff  __TI_pprof_out_hndl           
0000026d  __TI_printfi                  
ffffffff  __TI_prof_data_size           
ffffffff  __TI_prof_data_start          
00000000  __TI_static_base__            
000025c5  __TI_zero_init_nomemset       
00001f2d  __aeabi_cdcmpeq               
00001f2d  __aeabi_cdcmple               
00001fb3  __aeabi_cdrcmple              
00002335  __aeabi_d2iz                  
000014a3  __aeabi_dadd                  
000018e5  __aeabi_ddiv                  
00001c4d  __aeabi_dmul                  
00001499  __aeabi_dsub                  
00002615  __aeabi_errno_addr            
000024db  __aeabi_i2d                   
00000ccb  __aeabi_idiv0                 
00000ccb  __aeabi_ldiv0                 
00002039  __aeabi_memclr                
00002039  __aeabi_memclr4               
00002039  __aeabi_memclr8               
00001dfb  __aeabi_memcpy                
00001dfb  __aeabi_memcpy4               
00001dfb  __aeabi_memcpy8               
0000203b  __aeabi_memset                
0000203b  __aeabi_memset4               
0000203b  __aeabi_memset8               
00001e97  __aeabi_uldivmod              
ffffffff  __binit__                     
ffffffff  __c_args__                    
UNDEFED   __mpu_init                    
20000000  __stack                       
00002441  _c_int00_noargs               
00002624  _ctypes_                      
UNDEFED   _system_post_cinit            
0000261d  _system_pre_init              
00002621  abort                         
000022e9  atoi                          
ffffffff  binit                         
00002589  copysign                      
00002589  copysignl                     
20001054  errno                         
00002189  frexp                         
00002189  frexpl                        
00000000  g_pfnVectors                  
000025e9  lcd_clear                     
00000e65  lcd_gotoLine                  
00000ccd  lcd_init                      
00000ecb  lcd_printf                    
00000d8d  lcd_putc                      
00000dc5  lcd_puts                      
00000fa9  lcd_rotatingBanner            
00000de3  lcd_sendCommand               
00000e21  lcd_sendNibble                
00000e8d  lcd_setCursorPos              
00001b3d  ldexp                         
00001b3d  ldexpl                        
00002243  ltoa                          
00002479  main                          
00002527  memccpy                       
00001dfb  memcpy                        
00002041  memset                        
00001b3d  scalbn                        
00001b3d  scalbnl                       
00002509  strcat                        
00002573  strchr                        
0000255b  strcmp                        
0000259d  strcpy                        
000025b1  strlen                        
00001761  timer_getClock                
00001715  timer_startClock              
000016af  timer_startTimer              
00001767  timer_stopClock               
000016ff  timer_stopTimer               
00001685  timer_waitMicros              
00001651  timer_waitMillis              
000023c1  vsnprintf                     
000025d7  wcslen                        


GLOBAL SYMBOLS: SORTED BY Symbol Address 

address   name                          
-------   ----                          
00000000  __TI_static_base__            
00000000  g_pfnVectors                  
0000026d  __TI_printfi                  
00000ccb  __aeabi_idiv0                 
00000ccb  __aeabi_ldiv0                 
00000ccd  lcd_init                      
00000d8d  lcd_putc                      
00000dc5  lcd_puts                      
00000de3  lcd_sendCommand               
00000e21  lcd_sendNibble                
00000e65  lcd_gotoLine                  
00000e8d  lcd_setCursorPos              
00000ecb  lcd_printf                    
00000fa9  lcd_rotatingBanner            
00001000  __STACK_SIZE                  
00001499  __aeabi_dsub                  
000014a3  __aeabi_dadd                  
00001651  timer_waitMillis              
00001685  timer_waitMicros              
000016af  timer_startTimer              
000016ff  timer_stopTimer               
00001715  timer_startClock              
00001761  timer_getClock                
00001767  timer_stopClock               
000018e5  __aeabi_ddiv                  
00001b3d  ldexp                         
00001b3d  ldexpl                        
00001b3d  scalbn                        
00001b3d  scalbnl                       
00001c4d  __aeabi_dmul                  
00001dfb  __aeabi_memcpy                
00001dfb  __aeabi_memcpy4               
00001dfb  __aeabi_memcpy8               
00001dfb  memcpy                        
00001e97  __aeabi_uldivmod              
00001f2d  __aeabi_cdcmpeq               
00001f2d  __aeabi_cdcmple               
00001fb3  __aeabi_cdrcmple              
00002039  __aeabi_memclr                
00002039  __aeabi_memclr4               
00002039  __aeabi_memclr8               
0000203b  __aeabi_memset                
0000203b  __aeabi_memset4               
0000203b  __aeabi_memset8               
00002041  memset                        
00002121  __TI_decompress_lzss          
00002189  frexp                         
00002189  frexpl                        
00002243  ltoa                          
000022e9  atoi                          
00002335  __aeabi_d2iz                  
0000237d  __TI_auto_init_nobinit_nopinit
000023c1  vsnprintf                     
00002441  _c_int00_noargs               
00002479  main                          
000024db  __aeabi_i2d                   
00002509  strcat                        
00002527  memccpy                       
0000255b  strcmp                        
00002573  strchr                        
00002589  copysign                      
00002589  copysignl                     
0000259d  strcpy                        
000025b1  strlen                        
000025c5  __TI_zero_init_nomemset       
000025d7  wcslen                        
000025e9  lcd_clear                     
000025f9  __TI_decompress_none          
00002607  ResetISR                      
00002615  __aeabi_errno_addr            
0000261d  _system_pre_init              
00002621  C$$EXIT                       
00002621  abort                         
00002624  _ctypes_                      
00002798  __TI_Handler_Table_Base       
000027a4  __TI_Handler_Table_Limit      
000027b8  __TI_CINIT_Base               
000027c8  __TI_CINIT_Limit              
20000000  __stack                       
20000200  __STACK_TOP                   
20001000  __STACK_END                   
20001054  errno                         
ffffffff  __TI_pprof_out_hndl           
ffffffff  __TI_prof_data_size           
ffffffff  __TI_prof_data_start          
ffffffff  __binit__                     
ffffffff  __c_args__                    
ffffffff  binit                         
UNDEFED   __mpu_init                    
UNDEFED   _system_post_cinit            

[90 symbols]
