******************************************************************************
                  TI ARM Linker PC v18.1.2                     
******************************************************************************
>> Linked Thu Mar 14 11:09:00 2019

OUTPUT FILE NAME:   <Lab6.out>
ENTRY POINT SYMBOL: "_c_int00_noargs"  address: 000042bd


MEMORY CONFIGURATION

         name            origin    length      used     unused   attr    fill
----------------------  --------  ---------  --------  --------  ----  --------
  FLASH                 00000000   00040000  000047f3  0003b80d  R  X
  SRAM                  20000000   00008000  000023dc  00005c24  RW X


SEGMENT ALLOCATION MAP

run origin  load origin   length   init length attrs members
----------  ----------- ---------- ----------- ----- -------
00000000    00000000    000047f8   000047f8    r-x
  00000000    00000000    0000026c   0000026c    r-- .intvecs
  0000026c    0000026c    00004380   00004380    r-x .text
  000045f0    000045f0    000001af   000001af    r-- .const
  000047a0    000047a0    00000058   00000058    r-- .cinit
20000000    20000000    000023e0   00000000    rw-
  20000000    20000000    0000026c   00000000    rw- .vtable
  20000270    20000270    00001000   00000000    rw- .stack
  20001270    20001270    00001000   00000000    rw- .sysmem
  20002270    20002270    00000118   00000000    rw- .bss
  20002388    20002388    00000058   00000000    rw- .data


SECTION ALLOCATION MAP

 output                                  attributes/
section   page    origin      length       input sections
--------  ----  ----------  ----------   ----------------
.intvecs   0    00000000    0000026c     
                  00000000    0000026c     tm4c123gh6pm_startup_ccs.obj (.intvecs)

.text      0    0000026c    00004380     
                  0000026c    00000a88     open_interface.obj (.text)
                  00000cf4    00000a5e     rtsv7M4_T_le_v4SPD16_eabi.lib : _printfi.c.obj (.text:__TI_printfi)
                  00001752    00000002                                   : _lock.c.obj (.text:_nop)
                  00001754    000009c0                                   : e_pow.c.obj (.text:pow)
                  00002114    0000038c     lcd.obj (.text)
                  000024a0    0000027c     movement.obj (.text)
                  0000271c    00000270     rtsv7M4_T_le_v4SPD16_eabi.lib : _printfi.c.obj (.text:_pconv_a)
                  0000298c    000001ec     uart.obj (.text)
                  00002b78    000001d0     rtsv7M4_T_le_v4SPD16_eabi.lib : _printfi.c.obj (.text:_pconv_g)
                  00002d48    000001b6                                   : fd_add_t2.asm.obj (.text)
                  00002efe    00000002                                   : div0.asm.obj (.text)
                  00002f00    00000158                                   : e_sqrt.c.obj (.text:sqrt)
                  00003058    00000158     timer.obj (.text)
                  000031b0    00000144     l6_main.obj (.text)
                  000032f4    0000013c     rtsv7M4_T_le_v4SPD16_eabi.lib : _printfi.c.obj (.text:_pconv_e)
                  00003430    00000136                                   : fd_div_t2.asm.obj (.text)
                  00003566    00000002     --HOLE-- [fill = 0]
                  00003568    00000120                                   : _printfi.c.obj (.text:fcvt)
                  00003688    00000110                                   : s_scalbn.c.obj (.text:scalbn)
                  00003798    000000fc                                   : fd_mul_t2.asm.obj (.text)
                  00003894    000000f4     adc.obj (.text)
                  00003988    000000d8     rtsv7M4_T_le_v4SPD16_eabi.lib : memory.c.obj (.text:free)
                  00003a60    000000b1                                   : _printfi.c.obj (.text:_ltostr)
                  00003b11    00000001     --HOLE-- [fill = 0]
                  00003b12    0000009c                                   : memcpy_t2.asm.obj (.text)
                  00003bae    00000096                                   : ull_div_t2.asm.obj (.text)
                  00003c44    00000086                                   : fd_cmp_t2.asm.obj (.text:__aeabi_cdcmple)
                  00003cca    00000086                                   : fd_cmp_t2.asm.obj (.text:__aeabi_cdrcmple)
                  00003d50    0000007a                                   : memset_t2.asm.obj (.text)
                  00003dca    00000002     --HOLE-- [fill = 0]
                  00003dcc    00000078                                   : memory.c.obj (.text:malloc)
                  00003e44    0000006e                                   : _printfi.c.obj (.text:_mcpy)
                  00003eb2    0000006e                                   : fd_tos_t2.asm.obj (.text)
                  00003f20    00000068                                   : copy_decompress_lzss.c.obj (.text:decompress:lzss:__TI_decompress_lzss)
                  00003f88    00000064                                   : s_frexp.c.obj (.text:frexp)
                  00003fec    00000056                                   : _printfi.c.obj (.text:_pconv_f)
                  00004042    00000054                                   : ltoa.c.obj (.text:ltoa)
                  00004096    00000052                                   : _printfi.c.obj (.text:_ecpy)
                  000040e8    0000004c                                   : atoi.c.obj (.text:atoi)
                  00004134    00000048                                   : fd_toi_t2.asm.obj (.text)
                  0000417c    00000044                                   : autoinit.c.obj (.text:__TI_auto_init_nobinit_nopinit:__TI_auto_init_nobinit_nopinit)
                  000041c0    00000040                                   : sprintf.c.obj (.text:sprintf)
                  00004200    00000040                                   : vsnprintf.c.obj (.text:vsnprintf)
                  00004240    0000003e                                   : _printfi.c.obj (.text:_fcpy)
                  0000427e    00000002     --HOLE-- [fill = 0]
                  00004280    0000003c                                   : memory.c.obj (.text:minsert)
                  000042bc    00000038                                   : boot_cortex_m.c.obj (.text:_c_int00_noargs:_c_int00_noargs)
                  000042f4    00000038                                   : memory.c.obj (.text:minit)
                  0000432c    00000038                                   : fs_tod_t2.asm.obj (.text)
                  00004364    00000034     driverlib.lib : interrupt.obj (.text:IntRegister)
                  00004398    00000034     triggers.obj (.text)
                  000043cc    00000030     rtsv7M4_T_le_v4SPD16_eabi.lib : vsnprintf.c.obj (.text:_outs)
                  000043fc    0000002e                                   : i_tofd_t2.asm.obj (.text)
                  0000442a    0000002a                                   : memory.c.obj (.text:calloc)
                  00004454    00000028                                   : memory.c.obj (.text:mremove)
                  0000447c    0000001e                                   : strcat.c.obj (.text:strcat)
                  0000449a    0000001c                                   : memccpy.c.obj (.text:memccpy)
                  000044b6    00000018                                   : vsnprintf.c.obj (.text:_outc)
                  000044ce    00000018                                   : sprintf.c.obj (.text:_outs)
                  000044e6    00000018     open_interface.obj (.text:oi_parseInt)
                  000044fe    00000018     rtsv7M4_T_le_v4SPD16_eabi.lib : strcmp.c.obj (.text:strcmp)
                  00004516    00000016                                   : strchr.c.obj (.text:strchr)
                  0000452c    00000014                                   : s_copysign.c.obj (.text:copysign)
                  00004540    00000014                                   : strcpy.c.obj (.text:strcpy)
                  00004554    00000014                                   : strlen.c.obj (.text:strlen)
                  00004568    00000012                                   : copy_zero_init.c.obj (.text:decompress:ZI:__TI_zero_init_nomemset:__TI_zero_init_nomemset)
                  0000457a    00000012                                   : wcslen.c.obj (.text:wcslen)
                  0000458c    00000010     driverlib.lib : interrupt.obj (.text:IntMasterEnable)
                  0000459c    00000010     lcd.obj (.text:lcd_clear)
                  000045ac    0000000e     rtsv7M4_T_le_v4SPD16_eabi.lib : copy_decompress_none.c.obj (.text:decompress:none:__TI_decompress_none)
                  000045ba    0000000c     driverlib.lib : cpu.obj (.text:CPUcpsie)
                  000045c6    0000000c     tm4c123gh6pm_startup_ccs.obj (.text)
                  000045d2    0000000a     rtsv7M4_T_le_v4SPD16_eabi.lib : sprintf.c.obj (.text:_outc)
                  000045dc    00000008                                   : errno.c.obj (.text:__aeabi_errno_addr)
                  000045e4    00000004                                   : pre_init.c.obj (.text:_system_pre_init)
                  000045e8    00000004                                   : exit.c.obj (.text:abort:abort)

.const     0    000045f0    000001af     
                  000045f0    00000101     rtsv7M4_T_le_v4SPD16_eabi.lib : ctype.c.obj (.const:.string:_ctypes_)
                  000046f1    00000064     lcd.obj (.const:.string:$P$T0$4)
                  00004755    00000003     --HOLE-- [fill = 0]
                  00004758    00000030     rtsv7M4_T_le_v4SPD16_eabi.lib : e_pow.c.obj (.const:$O1$$)
                  00004788    0000000f     open_interface.obj (.const:.string:$P$T0$3)
                  00004797    00000004     lcd.obj (.const:.string:lineAddress$1)
                  0000479b    00000004     lcd.obj (.const:.string:lineAddresses$2)

.cinit     0    000047a0    00000058     
                  000047a0    0000001f     (.cinit..data.load) [load image, compression = lzss]
                  000047bf    00000001     --HOLE-- [fill = 0]
                  000047c0    0000000c     (__TI_handler_table)
                  000047cc    00000004     --HOLE-- [fill = 0]
                  000047d0    00000008     (.cinit..bss.load) [load image, compression = zero_init]
                  000047d8    00000008     (.cinit..vtable.load) [load image, compression = zero_init]
                  000047e0    00000018     (__TI_cinit_table)

.init_array 
*          0    00000000    00000000     UNINITIALIZED

.vtable    0    20000000    0000026c     UNINITIALIZED
                  20000000    0000026c     driverlib.lib : interrupt.obj (.vtable)

.stack     0    20000270    00001000     UNINITIALIZED
                  20000270    00000004     rtsv7M4_T_le_v4SPD16_eabi.lib : boot_cortex_m.c.obj (.stack)
                  20000274    00000ffc     --HOLE--

.sysmem    0    20001270    00001000     UNINITIALIZED
                  20001270    00000008     rtsv7M4_T_le_v4SPD16_eabi.lib : memory.c.obj (.sysmem)
                  20001278    00000ff8     --HOLE--

.bss       0    20002270    00000118     UNINITIALIZED
                  20002270    000000a4     (.common:bonus_Readings_ADC)
                  20002314    00000054     lcd.obj (.bss:lastbuffer$3)
                  20002368    00000018     open_interface.obj (.bss:firmware$2)
                  20002380    00000004     (.common:uart_char_ptr)
                  20002384    00000004     (.common:uart_event_ptr)

.data      0    20002388    00000058     UNINITIALIZED
                  20002388    00000028     l6_main.obj (.data:sendstr)
                  200023b0    00000010     open_interface.obj (.data)
                  200023c0    0000000c     rtsv7M4_T_le_v4SPD16_eabi.lib : memory.c.obj (.data:$O1$$)
                  200023cc    00000008                                   : _lock.c.obj (.data:$O1$$)
                  200023d4    00000008     l6_main.obj (.data)
                  200023dc    00000004     rtsv7M4_T_le_v4SPD16_eabi.lib : errno.c.obj (.data)

MODULE SUMMARY

       Module                         code    ro data   rw data
       ------                         ----    -------   -------
    .\
       open_interface.obj             2720    15        40     
       lcd.obj                        924     108       84     
       movement.obj                   636     0         0      
       tm4c123gh6pm_startup_ccs.obj   12      620       0      
       l6_main.obj                    324     0         212    
       uart.obj                       492     0         8      
       timer.obj                      344     0         0      
       adc.obj                        244     0         0      
       triggers.obj                   52      0         0      
    +--+------------------------------+-------+---------+---------+
       Total:                         5748    743       344    
                                                               
    C:/ti/TivaWare_C_Series-2.1.4.178/driverlib/ccs/Debug/driverlib.lib
       interrupt.obj                  68      0         620    
       cpu.obj                        12      0         0      
    +--+------------------------------+-------+---------+---------+
       Total:                         80      0         620    
                                                               
    C:\ti\ccsv8\tools\compiler\ti-cgt-arm_18.1.2.LTS\lib\rtsv7M4_T_le_v4SPD16_eabi.lib
       _printfi.c.obj                 4863    0         0      
       e_pow.c.obj                    2496    48        0      
       memory.c.obj                   534     0         12     
       fd_add_t2.asm.obj              438     0         0      
       e_sqrt.c.obj                   344     0         0      
       fd_div_t2.asm.obj              310     0         0      
       s_scalbn.c.obj                 272     0         0      
       fd_cmp_t2.asm.obj              268     0         0      
       ctype.c.obj                    0       257       0      
       fd_mul_t2.asm.obj              252     0         0      
       memcpy_t2.asm.obj              156     0         0      
       ull_div_t2.asm.obj             150     0         0      
       vsnprintf.c.obj                136     0         0      
       memset_t2.asm.obj              122     0         0      
       fd_tos_t2.asm.obj              110     0         0      
       copy_decompress_lzss.c.obj     104     0         0      
       s_frexp.c.obj                  100     0         0      
       sprintf.c.obj                  98      0         0      
       ltoa.c.obj                     84      0         0      
       atoi.c.obj                     76      0         0      
       fd_toi_t2.asm.obj              72      0         0      
       autoinit.c.obj                 68      0         0      
       boot_cortex_m.c.obj            56      0         0      
       fs_tod_t2.asm.obj              56      0         0      
       i_tofd_t2.asm.obj              46      0         0      
       strcat.c.obj                   30      0         0      
       memccpy.c.obj                  28      0         0      
       strcmp.c.obj                   24      0         0      
       strchr.c.obj                   22      0         0      
       s_copysign.c.obj               20      0         0      
       strcpy.c.obj                   20      0         0      
       strlen.c.obj                   20      0         0      
       copy_zero_init.c.obj           18      0         0      
       wcslen.c.obj                   18      0         0      
       copy_decompress_none.c.obj     14      0         0      
       errno.c.obj                    8       0         4      
       _lock.c.obj                    2       0         8      
       exit.c.obj                     4       0         0      
       pre_init.c.obj                 4       0         0      
       div0.asm.obj                   2       0         0      
    +--+------------------------------+-------+---------+---------+
       Total:                         11445   305       24     
                                                               
       Heap:                          0       0         4096   
       Stack:                         0       0         4096   
       Linker Generated:              0       83        0      
    +--+------------------------------+-------+---------+---------+
       Grand Total:                   17273   1131      9180   


LINKER GENERATED COPY TABLES

__TI_cinit_table @ 000047e0 records: 3, size/record: 8, table size: 24
	.data: load addr=000047a0, load size=0000001f bytes, run addr=20002388, run size=00000058 bytes, compression=lzss
	.bss: load addr=000047d0, load size=00000008 bytes, run addr=20002270, run size=00000118 bytes, compression=zero_init
	.vtable: load addr=000047d8, load size=00000008 bytes, run addr=20000000, run size=0000026c bytes, compression=zero_init


LINKER GENERATED HANDLER TABLE

__TI_handler_table @ 000047c0 records: 3, size/record: 4, table size: 12
	index: 0, handler: __TI_zero_init
	index: 1, handler: __TI_decompress_lzss
	index: 2, handler: __TI_decompress_none


GLOBAL SYMBOLS: SORTED ALPHABETICALLY BY Name 

address   name                          
-------   ----                          
000045e9  C$$EXIT                       
000045bb  CPUcpsie                      
00000b65  GPIOF_Handler                 
0000458d  IntMasterEnable               
00004365  IntRegister                   
000045c7  ResetISR                      
00002ac1  UART1_Handler                 
20001270  __STACK_END                   
00001000  __STACK_SIZE                  
20000470  __STACK_TOP                   
00001000  __SYSMEM_SIZE                 
000047e0  __TI_CINIT_Base               
000047f8  __TI_CINIT_Limit              
000047c0  __TI_Handler_Table_Base       
000047cc  __TI_Handler_Table_Limit      
0000417d  __TI_auto_init_nobinit_nopinit
00003f21  __TI_decompress_lzss          
000045ad  __TI_decompress_none          
ffffffff  __TI_pprof_out_hndl           
00000cf5  __TI_printfi                  
ffffffff  __TI_prof_data_size           
ffffffff  __TI_prof_data_start          
00000000  __TI_static_base__            
00004569  __TI_zero_init_nomemset       
00003c45  __aeabi_cdcmpeq               
00003c45  __aeabi_cdcmple               
00003ccb  __aeabi_cdrcmple              
00003eb3  __aeabi_d2f                   
00004135  __aeabi_d2iz                  
00002d53  __aeabi_dadd                  
00003431  __aeabi_ddiv                  
00003799  __aeabi_dmul                  
00002d49  __aeabi_dsub                  
000045dd  __aeabi_errno_addr            
0000432d  __aeabi_f2d                   
000043fd  __aeabi_i2d                   
00002eff  __aeabi_idiv0                 
00002eff  __aeabi_ldiv0                 
00003d51  __aeabi_memclr                
00003d51  __aeabi_memclr4               
00003d51  __aeabi_memclr8               
00003b13  __aeabi_memcpy                
00003b13  __aeabi_memcpy4               
00003b13  __aeabi_memcpy8               
00003d53  __aeabi_memset                
00003d53  __aeabi_memset4               
00003d53  __aeabi_memset8               
00003baf  __aeabi_uldivmod              
ffffffff  __binit__                     
ffffffff  __c_args__                    
UNDEFED   __mpu_init                    
20000270  __stack                       
000042bd  _c_int00_noargs               
000045f0  _ctypes_                      
200023cc  _lock                         
00001753  _nop                          
20001270  _sys_memory                   
UNDEFED   _system_post_cinit            
000045e5  _system_pre_init              
200023d0  _unlock                       
000045e9  abort                         
00003895  adc_init                      
0000391f  adc_read                      
000040e9  atoi                          
ffffffff  binit                         
20002270  bonus_Readings_ADC            
00004399  bump_left                     
000043b3  bump_right                    
0000442b  calloc                        
0000452d  copysign                      
0000452d  copysignl                     
200023dc  errno                         
00003989  free                          
00003f89  frexp                         
00003f89  frexpl                        
20000000  g_pfnRAMVectors               
00000000  g_pfnVectors                  
00000b7f  getDegrees                    
000031b1  getDistance                   
00000921  go_charge                     
0000459d  lcd_clear                     
000022ad  lcd_gotoLine                  
00002115  lcd_init                      
00002313  lcd_printf                    
000021d5  lcd_putc                      
0000220d  lcd_puts                      
000023f1  lcd_rotatingBanner            
0000222b  lcd_sendCommand               
00002269  lcd_sendNibble                
000022d5  lcd_setCursorPos              
00003689  ldexp                         
00003689  ldexpl                        
0000266b  left_bump_avoidance           
200023d4  left_wheel                    
00004043  ltoa                          
000031e1  main                          
00003dcd  malloc                        
0000449b  memccpy                       
00003b13  memcpy                        
00003d59  memset                        
000042f5  minit                         
00002557  move_backwards                
000024a1  move_forward                  
000025a7  move_turn_clockwise           
00002609  move_turn_counter_clockwise   
0000026d  oi_alloc                      
00000a4b  oi_checkFirmware              
000002c3  oi_close                      
00000279  oi_free                       
000002ad  oi_init                       
00000289  oi_init_noupdate              
000008b7  oi_loadSong                   
000044e7  oi_parseInt                   
00000327  oi_parsePacket                
0000090d  oi_play_song                  
00000831  oi_setLeds                    
00000875  oi_setWheels                  
00000af3  oi_shutoff_init               
0000092f  oi_uartInit                   
000009d3  oi_uartReceive                
00000a19  oi_uartSendBuff               
000009b7  oi_uartSendChar               
000009fb  oi_uartSendStr                
000002d5  oi_update                     
00001755  pow                           
00001755  powl                          
000026bf  right_bump_avoidance          
200023d8  right_wheel                   
00003689  scalbn                        
00003689  scalbnl                       
20002388  sendstr                       
000041c1  sprintf                       
00002f01  sqrt                          
00002f01  sqrtl                         
0000447d  strcat                        
00004517  strchr                        
000044ff  strcmp                        
00004541  strcpy                        
00004555  strlen                        
00003169  timer_getClock                
0000311d  timer_startClock              
000030b7  timer_startTimer              
0000316f  timer_stopClock               
00003107  timer_stopTimer               
0000308d  timer_waitMicros              
00003059  timer_waitMillis              
20002380  uart_char_ptr                 
20002384  uart_event_ptr                
000029e3  uart_init                     
0000298d  uart_interrupts_init          
00002a9b  uart_receive                  
00002a77  uart_sendChar                 
00002afd  uart_sendStr                  
00004201  vsnprintf                     
0000457b  wcslen                        


GLOBAL SYMBOLS: SORTED BY Symbol Address 

address   name                          
-------   ----                          
00000000  __TI_static_base__            
00000000  g_pfnVectors                  
0000026d  oi_alloc                      
00000279  oi_free                       
00000289  oi_init_noupdate              
000002ad  oi_init                       
000002c3  oi_close                      
000002d5  oi_update                     
00000327  oi_parsePacket                
00000831  oi_setLeds                    
00000875  oi_setWheels                  
000008b7  oi_loadSong                   
0000090d  oi_play_song                  
00000921  go_charge                     
0000092f  oi_uartInit                   
000009b7  oi_uartSendChar               
000009d3  oi_uartReceive                
000009fb  oi_uartSendStr                
00000a19  oi_uartSendBuff               
00000a4b  oi_checkFirmware              
00000af3  oi_shutoff_init               
00000b65  GPIOF_Handler                 
00000b7f  getDegrees                    
00000cf5  __TI_printfi                  
00001000  __STACK_SIZE                  
00001000  __SYSMEM_SIZE                 
00001753  _nop                          
00001755  pow                           
00001755  powl                          
00002115  lcd_init                      
000021d5  lcd_putc                      
0000220d  lcd_puts                      
0000222b  lcd_sendCommand               
00002269  lcd_sendNibble                
000022ad  lcd_gotoLine                  
000022d5  lcd_setCursorPos              
00002313  lcd_printf                    
000023f1  lcd_rotatingBanner            
000024a1  move_forward                  
00002557  move_backwards                
000025a7  move_turn_clockwise           
00002609  move_turn_counter_clockwise   
0000266b  left_bump_avoidance           
000026bf  right_bump_avoidance          
0000298d  uart_interrupts_init          
000029e3  uart_init                     
00002a77  uart_sendChar                 
00002a9b  uart_receive                  
00002ac1  UART1_Handler                 
00002afd  uart_sendStr                  
00002d49  __aeabi_dsub                  
00002d53  __aeabi_dadd                  
00002eff  __aeabi_idiv0                 
00002eff  __aeabi_ldiv0                 
00002f01  sqrt                          
00002f01  sqrtl                         
00003059  timer_waitMillis              
0000308d  timer_waitMicros              
000030b7  timer_startTimer              
00003107  timer_stopTimer               
0000311d  timer_startClock              
00003169  timer_getClock                
0000316f  timer_stopClock               
000031b1  getDistance                   
000031e1  main                          
00003431  __aeabi_ddiv                  
00003689  ldexp                         
00003689  ldexpl                        
00003689  scalbn                        
00003689  scalbnl                       
00003799  __aeabi_dmul                  
00003895  adc_init                      
0000391f  adc_read                      
00003989  free                          
00003b13  __aeabi_memcpy                
00003b13  __aeabi_memcpy4               
00003b13  __aeabi_memcpy8               
00003b13  memcpy                        
00003baf  __aeabi_uldivmod              
00003c45  __aeabi_cdcmpeq               
00003c45  __aeabi_cdcmple               
00003ccb  __aeabi_cdrcmple              
00003d51  __aeabi_memclr                
00003d51  __aeabi_memclr4               
00003d51  __aeabi_memclr8               
00003d53  __aeabi_memset                
00003d53  __aeabi_memset4               
00003d53  __aeabi_memset8               
00003d59  memset                        
00003dcd  malloc                        
00003eb3  __aeabi_d2f                   
00003f21  __TI_decompress_lzss          
00003f89  frexp                         
00003f89  frexpl                        
00004043  ltoa                          
000040e9  atoi                          
00004135  __aeabi_d2iz                  
0000417d  __TI_auto_init_nobinit_nopinit
000041c1  sprintf                       
00004201  vsnprintf                     
000042bd  _c_int00_noargs               
000042f5  minit                         
0000432d  __aeabi_f2d                   
00004365  IntRegister                   
00004399  bump_left                     
000043b3  bump_right                    
000043fd  __aeabi_i2d                   
0000442b  calloc                        
0000447d  strcat                        
0000449b  memccpy                       
000044e7  oi_parseInt                   
000044ff  strcmp                        
00004517  strchr                        
0000452d  copysign                      
0000452d  copysignl                     
00004541  strcpy                        
00004555  strlen                        
00004569  __TI_zero_init_nomemset       
0000457b  wcslen                        
0000458d  IntMasterEnable               
0000459d  lcd_clear                     
000045ad  __TI_decompress_none          
000045bb  CPUcpsie                      
000045c7  ResetISR                      
000045dd  __aeabi_errno_addr            
000045e5  _system_pre_init              
000045e9  C$$EXIT                       
000045e9  abort                         
000045f0  _ctypes_                      
000047c0  __TI_Handler_Table_Base       
000047cc  __TI_Handler_Table_Limit      
000047e0  __TI_CINIT_Base               
000047f8  __TI_CINIT_Limit              
20000000  g_pfnRAMVectors               
20000270  __stack                       
20000470  __STACK_TOP                   
20001270  __STACK_END                   
20001270  _sys_memory                   
20002270  bonus_Readings_ADC            
20002380  uart_char_ptr                 
20002384  uart_event_ptr                
20002388  sendstr                       
200023cc  _lock                         
200023d0  _unlock                       
200023d4  left_wheel                    
200023d8  right_wheel                   
200023dc  errno                         
ffffffff  __TI_pprof_out_hndl           
ffffffff  __TI_prof_data_size           
ffffffff  __TI_prof_data_start          
ffffffff  __binit__                     
ffffffff  __c_args__                    
ffffffff  binit                         
UNDEFED   __mpu_init                    
UNDEFED   _system_post_cinit            

[155 symbols]
