******************************************************************************
                  TI ARM Linker PC v18.1.2                     
******************************************************************************
>> Linked Wed Mar 27 23:26:12 2019

OUTPUT FILE NAME:   <Lab7.out>
ENTRY POINT SYMBOL: "_c_int00_noargs"  address: 000036d9


MEMORY CONFIGURATION

         name            origin    length      used     unused   attr    fill
----------------------  --------  ---------  --------  --------  ----  --------
  FLASH                 00000000   00040000  00003b88  0003c478  R  X
  SRAM                  20000000   00008000  00002339  00005cc7  RW X


SEGMENT ALLOCATION MAP

run origin  load origin   length   init length attrs members
----------  ----------- ---------- ----------- ----- -------
00000000    00000000    00003b88   00003b88    r-x
  00000000    00000000    0000026c   0000026c    r-- .intvecs
  0000026c    0000026c    00003748   00003748    r-x .text
  000039b4    000039b4    0000017c   0000017c    r-- .const
  00003b30    00003b30    00000058   00000058    r-- .cinit
20000000    20000000    00002340   00000000    rw-
  20000000    20000000    0000026c   00000000    rw- .vtable
  20000270    20000270    00001000   00000000    rw- .stack
  20001270    20001270    00001000   00000000    rw- .sysmem
  20002270    20002270    0000008d   00000000    rw- .bss
  20002300    20002300    00000040   00000000    rw- .data


SECTION ALLOCATION MAP

 output                                  attributes/
section   page    origin      length       input sections
--------  ----  ----------  ----------   ----------------
.intvecs   0    00000000    0000026c     
                  00000000    0000026c     tm4c123gh6pm_startup_ccs.obj (.intvecs)

.text      0    0000026c    00003748     
                  0000026c    00000a88     open_interface.obj (.text)
                  00000cf4    00000a5e     rtsv7M4_T_le_v4SPD16_eabi.lib : _printfi.c.obj (.text:__TI_printfi)
                  00001752    00000002                                   : _lock.c.obj (.text:_nop)
                  00001754    0000038c     lcd.obj (.text)
                  00001ae0    00000280     ping.obj (.text)
                  00001d60    00000270     rtsv7M4_T_le_v4SPD16_eabi.lib : _printfi.c.obj (.text:_pconv_a)
                  00001fd0    000001ec     uart.obj (.text)
                  000021bc    000001d0     rtsv7M4_T_le_v4SPD16_eabi.lib : _printfi.c.obj (.text:_pconv_g)
                  0000238c    000001b6                                   : fd_add_t2.asm.obj (.text)
                  00002542    00000002                                   : div0.asm.obj (.text)
                  00002544    00000158     timer.obj (.text)
                  0000269c    0000013c     rtsv7M4_T_le_v4SPD16_eabi.lib : _printfi.c.obj (.text:_pconv_e)
                  000027d8    00000136                                   : fd_div_t2.asm.obj (.text)
                  0000290e    00000002     --HOLE-- [fill = 0]
                  00002910    00000120                                   : _printfi.c.obj (.text:fcvt)
                  00002a30    00000110                                   : s_scalbn.c.obj (.text:scalbn)
                  00002b40    000000fc                                   : fd_mul_t2.asm.obj (.text)
                  00002c3c    000000f4     adc.obj (.text)
                  00002d30    000000d8     rtsv7M4_T_le_v4SPD16_eabi.lib : memory.c.obj (.text:free)
                  00002e08    000000b4     l7_main.obj (.text)
                  00002ebc    000000b1     rtsv7M4_T_le_v4SPD16_eabi.lib : _printfi.c.obj (.text:_ltostr)
                  00002f6d    00000001     --HOLE-- [fill = 0]
                  00002f6e    0000009c                                   : memcpy_t2.asm.obj (.text)
                  0000300a    00000096                                   : ull_div_t2.asm.obj (.text)
                  000030a0    00000086                                   : fd_cmp_t2.asm.obj (.text:__aeabi_cdcmple)
                  00003126    00000086                                   : fd_cmp_t2.asm.obj (.text:__aeabi_cdrcmple)
                  000031ac    0000007a                                   : memset_t2.asm.obj (.text)
                  00003226    00000002     --HOLE-- [fill = 0]
                  00003228    00000078                                   : memory.c.obj (.text:malloc)
                  000032a0    0000006e                                   : _printfi.c.obj (.text:_mcpy)
                  0000330e    0000006e                                   : fd_tos_t2.asm.obj (.text)
                  0000337c    00000068                                   : copy_decompress_lzss.c.obj (.text:decompress:lzss:__TI_decompress_lzss)
                  000033e4    00000064                                   : s_frexp.c.obj (.text:frexp)
                  00003448    00000056                                   : _printfi.c.obj (.text:_pconv_f)
                  0000349e    00000054                                   : ltoa.c.obj (.text:ltoa)
                  000034f2    00000052                                   : _printfi.c.obj (.text:_ecpy)
                  00003544    0000004c                                   : atoi.c.obj (.text:atoi)
                  00003590    00000048                                   : fd_toi_t2.asm.obj (.text)
                  000035d8    00000044                                   : autoinit.c.obj (.text:__TI_auto_init_nobinit_nopinit:__TI_auto_init_nobinit_nopinit)
                  0000361c    00000040                                   : vsnprintf.c.obj (.text:vsnprintf)
                  0000365c    0000003e                                   : _printfi.c.obj (.text:_fcpy)
                  0000369a    00000002     --HOLE-- [fill = 0]
                  0000369c    0000003c                                   : memory.c.obj (.text:minsert)
                  000036d8    00000038                                   : boot_cortex_m.c.obj (.text:_c_int00_noargs:_c_int00_noargs)
                  00003710    00000038                                   : memory.c.obj (.text:minit)
                  00003748    00000038                                   : fs_tod_t2.asm.obj (.text)
                  00003780    00000034     driverlib.lib : interrupt.obj (.text:IntRegister)
                  000037b4    00000030     rtsv7M4_T_le_v4SPD16_eabi.lib : vsnprintf.c.obj (.text:_outs)
                  000037e4    0000002e                                   : i_tofd_t2.asm.obj (.text)
                  00003812    0000002a                                   : memory.c.obj (.text:calloc)
                  0000383c    00000028                                   : memory.c.obj (.text:mremove)
                  00003864    0000001e                                   : strcat.c.obj (.text:strcat)
                  00003882    0000001c                                   : memccpy.c.obj (.text:memccpy)
                  0000389e    00000018                                   : vsnprintf.c.obj (.text:_outc)
                  000038b6    00000018     open_interface.obj (.text:oi_parseInt)
                  000038ce    00000018     rtsv7M4_T_le_v4SPD16_eabi.lib : strcmp.c.obj (.text:strcmp)
                  000038e6    00000016                                   : strchr.c.obj (.text:strchr)
                  000038fc    00000014                                   : s_copysign.c.obj (.text:copysign)
                  00003910    00000014                                   : strcpy.c.obj (.text:strcpy)
                  00003924    00000014                                   : strlen.c.obj (.text:strlen)
                  00003938    00000012                                   : copy_zero_init.c.obj (.text:decompress:ZI:__TI_zero_init_nomemset:__TI_zero_init_nomemset)
                  0000394a    00000012                                   : wcslen.c.obj (.text:wcslen)
                  0000395c    00000010     driverlib.lib : interrupt.obj (.text:IntMasterEnable)
                  0000396c    00000010     lcd.obj (.text:lcd_clear)
                  0000397c    0000000e     rtsv7M4_T_le_v4SPD16_eabi.lib : copy_decompress_none.c.obj (.text:decompress:none:__TI_decompress_none)
                  0000398a    0000000c     driverlib.lib : cpu.obj (.text:CPUcpsie)
                  00003996    0000000c     tm4c123gh6pm_startup_ccs.obj (.text)
                  000039a2    00000002     --HOLE-- [fill = 0]
                  000039a4    00000008     rtsv7M4_T_le_v4SPD16_eabi.lib : errno.c.obj (.text:__aeabi_errno_addr)
                  000039ac    00000004                                   : pre_init.c.obj (.text:_system_pre_init)
                  000039b0    00000004                                   : exit.c.obj (.text:abort:abort)

.const     0    000039b4    0000017c     
                  000039b4    00000101     rtsv7M4_T_le_v4SPD16_eabi.lib : ctype.c.obj (.const:.string:_ctypes_)
                  00003ab5    00000064     lcd.obj (.const:.string:$P$T0$4)
                  00003b19    0000000f     open_interface.obj (.const:.string:$P$T0$3)
                  00003b28    00000004     lcd.obj (.const:.string:lineAddress$1)
                  00003b2c    00000004     lcd.obj (.const:.string:lineAddresses$2)

.cinit     0    00003b30    00000058     
                  00003b30    0000001e     (.cinit..data.load) [load image, compression = lzss]
                  00003b4e    00000002     --HOLE-- [fill = 0]
                  00003b50    0000000c     (__TI_handler_table)
                  00003b5c    00000004     --HOLE-- [fill = 0]
                  00003b60    00000008     (.cinit..bss.load) [load image, compression = zero_init]
                  00003b68    00000008     (.cinit..vtable.load) [load image, compression = zero_init]
                  00003b70    00000018     (__TI_cinit_table)

.init_array 
*          0    00000000    00000000     UNINITIALIZED

.vtable    0    20000000    0000026c     UNINITIALIZED
                  20000000    0000026c     driverlib.lib : interrupt.obj (.vtable)

.stack     0    20000270    00001000     UNINITIALIZED
                  20000270    00000004     rtsv7M4_T_le_v4SPD16_eabi.lib : boot_cortex_m.c.obj (.stack)
                  20000274    00000ffc     --HOLE--

.sysmem    0    20001270    00001000     UNINITIALIZED
                  20001270    00000008     rtsv7M4_T_le_v4SPD16_eabi.lib : memory.c.obj (.sysmem)
                  20001278    00000ff8     --HOLE--

.bss       0    20002270    0000008d     UNINITIALIZED
                  20002270    00000054     lcd.obj (.bss:lastbuffer$3)
                  200022c4    00000018     open_interface.obj (.bss:firmware$2)
                  200022dc    00000004     (.common:distance_ptr)
                  200022e0    00000004     (.common:falling_edge)
                  200022e4    00000004     (.common:overflow_ptr)
                  200022e8    00000004     (.common:pulse_ms_ptr)
                  200022ec    00000004     (.common:pulse_time_ptr)
                  200022f0    00000004     (.common:rising_edge)
                  200022f4    00000004     (.common:uart_char_ptr)
                  200022f8    00000004     (.common:uart_event_ptr)
                  200022fc    00000001     (.common:state)

.data      0    20002300    00000040     UNINITIALIZED
                  20002300    00000018     l7_main.obj (.data)
                  20002318    00000010     open_interface.obj (.data)
                  20002328    0000000c     rtsv7M4_T_le_v4SPD16_eabi.lib : memory.c.obj (.data:$O1$$)
                  20002334    00000008                                   : _lock.c.obj (.data:$O1$$)
                  2000233c    00000004                                   : errno.c.obj (.data)

MODULE SUMMARY

       Module                         code    ro data   rw data
       ------                         ----    -------   -------
    .\
       open_interface.obj             2720    15        40     
       lcd.obj                        924     108       84     
       ping.obj                       640     0         25     
       tm4c123gh6pm_startup_ccs.obj   12      620       0      
       uart.obj                       492     0         8      
       timer.obj                      344     0         0      
       adc.obj                        244     0         0      
       l7_main.obj                    180     0         24     
    +--+------------------------------+-------+---------+---------+
       Total:                         5556    743       181    
                                                               
    C:/ti/TivaWare_C_Series-2.1.4.178/driverlib/ccs/Debug/driverlib.lib
       interrupt.obj                  68      0         620    
       cpu.obj                        12      0         0      
    +--+------------------------------+-------+---------+---------+
       Total:                         80      0         620    
                                                               
    C:\ti\ccsv8\tools\compiler\ti-cgt-arm_18.1.2.LTS\lib\rtsv7M4_T_le_v4SPD16_eabi.lib
       _printfi.c.obj                 4863    0         0      
       memory.c.obj                   534     0         12     
       fd_add_t2.asm.obj              438     0         0      
       fd_div_t2.asm.obj              310     0         0      
       s_scalbn.c.obj                 272     0         0      
       fd_cmp_t2.asm.obj              268     0         0      
       ctype.c.obj                    0       257       0      
       fd_mul_t2.asm.obj              252     0         0      
       memcpy_t2.asm.obj              156     0         0      
       ull_div_t2.asm.obj             150     0         0      
       vsnprintf.c.obj                136     0         0      
       memset_t2.asm.obj              122     0         0      
       fd_tos_t2.asm.obj              110     0         0      
       copy_decompress_lzss.c.obj     104     0         0      
       s_frexp.c.obj                  100     0         0      
       ltoa.c.obj                     84      0         0      
       atoi.c.obj                     76      0         0      
       fd_toi_t2.asm.obj              72      0         0      
       autoinit.c.obj                 68      0         0      
       boot_cortex_m.c.obj            56      0         0      
       fs_tod_t2.asm.obj              56      0         0      
       i_tofd_t2.asm.obj              46      0         0      
       strcat.c.obj                   30      0         0      
       memccpy.c.obj                  28      0         0      
       strcmp.c.obj                   24      0         0      
       strchr.c.obj                   22      0         0      
       s_copysign.c.obj               20      0         0      
       strcpy.c.obj                   20      0         0      
       strlen.c.obj                   20      0         0      
       copy_zero_init.c.obj           18      0         0      
       wcslen.c.obj                   18      0         0      
       copy_decompress_none.c.obj     14      0         0      
       errno.c.obj                    8       0         4      
       _lock.c.obj                    2       0         8      
       exit.c.obj                     4       0         0      
       pre_init.c.obj                 4       0         0      
       div0.asm.obj                   2       0         0      
    +--+------------------------------+-------+---------+---------+
       Total:                         8507    257       24     
                                                               
       Heap:                          0       0         4096   
       Stack:                         0       0         4096   
       Linker Generated:              0       82        0      
    +--+------------------------------+-------+---------+---------+
       Grand Total:                   14143   1082      9017   


LINKER GENERATED COPY TABLES

__TI_cinit_table @ 00003b70 records: 3, size/record: 8, table size: 24
	.data: load addr=00003b30, load size=0000001e bytes, run addr=20002300, run size=00000040 bytes, compression=lzss
	.bss: load addr=00003b60, load size=00000008 bytes, run addr=20002270, run size=0000008d bytes, compression=zero_init
	.vtable: load addr=00003b68, load size=00000008 bytes, run addr=20000000, run size=0000026c bytes, compression=zero_init


LINKER GENERATED HANDLER TABLE

__TI_handler_table @ 00003b50 records: 3, size/record: 4, table size: 12
	index: 0, handler: __TI_zero_init
	index: 1, handler: __TI_decompress_lzss
	index: 2, handler: __TI_decompress_none


GLOBAL SYMBOLS: SORTED ALPHABETICALLY BY Name 

address   name                          
-------   ----                          
000039b1  C$$EXIT                       
0000398b  CPUcpsie                      
00000b65  GPIOF_Handler                 
0000395d  IntMasterEnable               
00003781  IntRegister                   
00003997  ResetISR                      
00002105  UART1_Handler                 
20001270  __STACK_END                   
00001000  __STACK_SIZE                  
20000470  __STACK_TOP                   
00001000  __SYSMEM_SIZE                 
00003b70  __TI_CINIT_Base               
00003b88  __TI_CINIT_Limit              
00003b50  __TI_Handler_Table_Base       
00003b5c  __TI_Handler_Table_Limit      
000035d9  __TI_auto_init_nobinit_nopinit
0000337d  __TI_decompress_lzss          
0000397d  __TI_decompress_none          
ffffffff  __TI_pprof_out_hndl           
00000cf5  __TI_printfi                  
ffffffff  __TI_prof_data_size           
ffffffff  __TI_prof_data_start          
00000000  __TI_static_base__            
00003939  __TI_zero_init_nomemset       
000030a1  __aeabi_cdcmpeq               
000030a1  __aeabi_cdcmple               
00003127  __aeabi_cdrcmple              
0000330f  __aeabi_d2f                   
00003591  __aeabi_d2iz                  
00002397  __aeabi_dadd                  
000027d9  __aeabi_ddiv                  
00002b41  __aeabi_dmul                  
0000238d  __aeabi_dsub                  
000039a5  __aeabi_errno_addr            
00003749  __aeabi_f2d                   
000037e5  __aeabi_i2d                   
00002543  __aeabi_idiv0                 
00002543  __aeabi_ldiv0                 
000031ad  __aeabi_memclr                
000031ad  __aeabi_memclr4               
000031ad  __aeabi_memclr8               
00002f6f  __aeabi_memcpy                
00002f6f  __aeabi_memcpy4               
00002f6f  __aeabi_memcpy8               
000031af  __aeabi_memset                
000031af  __aeabi_memset4               
000031af  __aeabi_memset8               
0000300b  __aeabi_uldivmod              
ffffffff  __binit__                     
ffffffff  __c_args__                    
UNDEFED   __mpu_init                    
20000270  __stack                       
000036d9  _c_int00_noargs               
000039b4  _ctypes_                      
20002334  _lock                         
00001753  _nop                          
20001270  _sys_memory                   
UNDEFED   _system_post_cinit            
000039ad  _system_pre_init              
20002338  _unlock                       
000039b1  abort                         
00002c3d  adc_init                      
00002cc7  adc_read                      
00003545  atoi                          
ffffffff  binit                         
00003813  calloc                        
000038fd  copysign                      
000038fd  copysignl                     
20002304  distance                      
200022dc  distance_ptr                  
2000233c  errno                         
200022e0  falling_edge                  
00002d31  free                          
000033e5  frexp                         
000033e5  frexpl                        
20000000  g_pfnRAMVectors               
00000000  g_pfnVectors                  
00000b7f  getDegrees                    
00000921  go_charge                     
0000396d  lcd_clear                     
000018ed  lcd_gotoLine                  
00001755  lcd_init                      
00001953  lcd_printf                    
00001815  lcd_putc                      
0000184d  lcd_puts                      
00001a31  lcd_rotatingBanner            
0000186b  lcd_sendCommand               
000018a9  lcd_sendNibble                
00001915  lcd_setCursorPos              
00002a31  ldexp                         
00002a31  ldexpl                        
20002310  left_wheel                    
0000349f  ltoa                          
00002e09  main                          
00003229  malloc                        
00003883  memccpy                       
00002f6f  memcpy                        
000031b5  memset                        
00003711  minit                         
0000026d  oi_alloc                      
00000a4b  oi_checkFirmware              
000002c3  oi_close                      
00000279  oi_free                       
000002ad  oi_init                       
00000289  oi_init_noupdate              
000008b7  oi_loadSong                   
000038b7  oi_parseInt                   
00000327  oi_parsePacket                
0000090d  oi_play_song                  
00000831  oi_setLeds                    
00000875  oi_setWheels                  
00000af3  oi_shutoff_init               
0000092f  oi_uartInit                   
000009d3  oi_uartReceive                
00000a19  oi_uartSendBuff               
000009b7  oi_uartSendChar               
000009fb  oi_uartSendStr                
000002d5  oi_update                     
20002300  overflow                      
200022e4  overflow_ptr                  
00001ae1  ping_TIMER3B_Handler          
00001b25  ping_init                     
00001c19  ping_read                     
00001bc3  ping_send                     
2000230c  pulse_ms                      
200022e8  pulse_ms_ptr                  
20002308  pulse_time                    
200022ec  pulse_time_ptr                
20002314  right_wheel                   
200022f0  rising_edge                   
00002a31  scalbn                        
00002a31  scalbnl                       
200022fc  state                         
00003865  strcat                        
000038e7  strchr                        
000038cf  strcmp                        
00003911  strcpy                        
00003925  strlen                        
00002655  timer_getClock                
00002609  timer_startClock              
000025a3  timer_startTimer              
0000265b  timer_stopClock               
000025f3  timer_stopTimer               
00002579  timer_waitMicros              
00002545  timer_waitMillis              
200022f4  uart_char_ptr                 
200022f8  uart_event_ptr                
00002027  uart_init                     
00001fd1  uart_interrupts_init          
000020df  uart_receive                  
000020bb  uart_sendChar                 
00002141  uart_sendStr                  
0000361d  vsnprintf                     
0000394b  wcslen                        


GLOBAL SYMBOLS: SORTED BY Symbol Address 

address   name                          
-------   ----                          
00000000  __TI_static_base__            
00000000  g_pfnVectors                  
0000026d  oi_alloc                      
00000279  oi_free                       
00000289  oi_init_noupdate              
000002ad  oi_init                       
000002c3  oi_close                      
000002d5  oi_update                     
00000327  oi_parsePacket                
00000831  oi_setLeds                    
00000875  oi_setWheels                  
000008b7  oi_loadSong                   
0000090d  oi_play_song                  
00000921  go_charge                     
0000092f  oi_uartInit                   
000009b7  oi_uartSendChar               
000009d3  oi_uartReceive                
000009fb  oi_uartSendStr                
00000a19  oi_uartSendBuff               
00000a4b  oi_checkFirmware              
00000af3  oi_shutoff_init               
00000b65  GPIOF_Handler                 
00000b7f  getDegrees                    
00000cf5  __TI_printfi                  
00001000  __STACK_SIZE                  
00001000  __SYSMEM_SIZE                 
00001753  _nop                          
00001755  lcd_init                      
00001815  lcd_putc                      
0000184d  lcd_puts                      
0000186b  lcd_sendCommand               
000018a9  lcd_sendNibble                
000018ed  lcd_gotoLine                  
00001915  lcd_setCursorPos              
00001953  lcd_printf                    
00001a31  lcd_rotatingBanner            
00001ae1  ping_TIMER3B_Handler          
00001b25  ping_init                     
00001bc3  ping_send                     
00001c19  ping_read                     
00001fd1  uart_interrupts_init          
00002027  uart_init                     
000020bb  uart_sendChar                 
000020df  uart_receive                  
00002105  UART1_Handler                 
00002141  uart_sendStr                  
0000238d  __aeabi_dsub                  
00002397  __aeabi_dadd                  
00002543  __aeabi_idiv0                 
00002543  __aeabi_ldiv0                 
00002545  timer_waitMillis              
00002579  timer_waitMicros              
000025a3  timer_startTimer              
000025f3  timer_stopTimer               
00002609  timer_startClock              
00002655  timer_getClock                
0000265b  timer_stopClock               
000027d9  __aeabi_ddiv                  
00002a31  ldexp                         
00002a31  ldexpl                        
00002a31  scalbn                        
00002a31  scalbnl                       
00002b41  __aeabi_dmul                  
00002c3d  adc_init                      
00002cc7  adc_read                      
00002d31  free                          
00002e09  main                          
00002f6f  __aeabi_memcpy                
00002f6f  __aeabi_memcpy4               
00002f6f  __aeabi_memcpy8               
00002f6f  memcpy                        
0000300b  __aeabi_uldivmod              
000030a1  __aeabi_cdcmpeq               
000030a1  __aeabi_cdcmple               
00003127  __aeabi_cdrcmple              
000031ad  __aeabi_memclr                
000031ad  __aeabi_memclr4               
000031ad  __aeabi_memclr8               
000031af  __aeabi_memset                
000031af  __aeabi_memset4               
000031af  __aeabi_memset8               
000031b5  memset                        
00003229  malloc                        
0000330f  __aeabi_d2f                   
0000337d  __TI_decompress_lzss          
000033e5  frexp                         
000033e5  frexpl                        
0000349f  ltoa                          
00003545  atoi                          
00003591  __aeabi_d2iz                  
000035d9  __TI_auto_init_nobinit_nopinit
0000361d  vsnprintf                     
000036d9  _c_int00_noargs               
00003711  minit                         
00003749  __aeabi_f2d                   
00003781  IntRegister                   
000037e5  __aeabi_i2d                   
00003813  calloc                        
00003865  strcat                        
00003883  memccpy                       
000038b7  oi_parseInt                   
000038cf  strcmp                        
000038e7  strchr                        
000038fd  copysign                      
000038fd  copysignl                     
00003911  strcpy                        
00003925  strlen                        
00003939  __TI_zero_init_nomemset       
0000394b  wcslen                        
0000395d  IntMasterEnable               
0000396d  lcd_clear                     
0000397d  __TI_decompress_none          
0000398b  CPUcpsie                      
00003997  ResetISR                      
000039a5  __aeabi_errno_addr            
000039ad  _system_pre_init              
000039b1  C$$EXIT                       
000039b1  abort                         
000039b4  _ctypes_                      
00003b50  __TI_Handler_Table_Base       
00003b5c  __TI_Handler_Table_Limit      
00003b70  __TI_CINIT_Base               
00003b88  __TI_CINIT_Limit              
20000000  g_pfnRAMVectors               
20000270  __stack                       
20000470  __STACK_TOP                   
20001270  __STACK_END                   
20001270  _sys_memory                   
200022dc  distance_ptr                  
200022e0  falling_edge                  
200022e4  overflow_ptr                  
200022e8  pulse_ms_ptr                  
200022ec  pulse_time_ptr                
200022f0  rising_edge                   
200022f4  uart_char_ptr                 
200022f8  uart_event_ptr                
200022fc  state                         
20002300  overflow                      
20002304  distance                      
20002308  pulse_time                    
2000230c  pulse_ms                      
20002310  left_wheel                    
20002314  right_wheel                   
20002334  _lock                         
20002338  _unlock                       
2000233c  errno                         
ffffffff  __TI_pprof_out_hndl           
ffffffff  __TI_prof_data_size           
ffffffff  __TI_prof_data_start          
ffffffff  __binit__                     
ffffffff  __c_args__                    
ffffffff  binit                         
UNDEFED   __mpu_init                    
UNDEFED   _system_post_cinit            

[154 symbols]
