******************************************************************************
                  TI ARM Linker PC v18.1.2                     
******************************************************************************
>> Linked Thu Apr  4 09:30:45 2019

OUTPUT FILE NAME:   <Lab8.out>
ENTRY POINT SYMBOL: "_c_int00_noargs"  address: 00002891


MEMORY CONFIGURATION

         name            origin    length      used     unused   attr    fill
----------------------  --------  ---------  --------  --------  ----  --------
  FLASH                 00000000   00040000  00002c61  0003d39f  R  X
  SRAM                  20000000   00008000  000022d9  00005d27  RW X


SEGMENT ALLOCATION MAP

run origin  load origin   length   init length attrs members
----------  ----------- ---------- ----------- ----- -------
00000000    00000000    00002c68   00002c68    r-x
  00000000    00000000    0000026c   0000026c    r-- .intvecs
  0000026c    0000026c    00002840   00002840    r-x .text
  00002aac    00002aac    0000016d   0000016d    r-- .const
  00002c20    00002c20    00000048   00000048    r-- .cinit
20000000    20000000    000022e1   00000000    rw-
  20000000    20000000    0000026c   00000000    rw- .vtable
  20000270    20000270    00001000   00000000    rw- .stack
  20001270    20001270    00001000   00000000    rw- .sysmem
  20002270    20002270    0000005c   00000000    rw- .bss
  200022d0    200022d0    00000011   00000000    rw- .data


SECTION ALLOCATION MAP

 output                                  attributes/
section   page    origin      length       input sections
--------  ----  ----------  ----------   ----------------
.intvecs   0    00000000    0000026c     
                  00000000    0000026c     tm4c123gh6pm_startup_ccs.obj (.intvecs)

.text      0    0000026c    00002840     
                  0000026c    00000a5e     rtsv7M4_T_le_v4SPD16_eabi.lib : _printfi.c.obj (.text:__TI_printfi)
                  00000cca    00000002                                   : div0.asm.obj (.text)
                  00000ccc    0000038c     lcd.obj (.text)
                  00001058    00000270     rtsv7M4_T_le_v4SPD16_eabi.lib : _printfi.c.obj (.text:_pconv_a)
                  000012c8    000001d0                                   : _printfi.c.obj (.text:_pconv_g)
                  00001498    000001b6                                   : fd_add_t2.asm.obj (.text)
                  0000164e    00000002     --HOLE-- [fill = 0]
                  00001650    00000194     l8_main.obj (.text)
                  000017e4    00000158     timer.obj (.text)
                  0000193c    0000013c     rtsv7M4_T_le_v4SPD16_eabi.lib : _printfi.c.obj (.text:_pconv_e)
                  00001a78    00000136                                   : fd_div_t2.asm.obj (.text)
                  00001bae    00000002     --HOLE-- [fill = 0]
                  00001bb0    00000128     button.obj (.text)
                  00001cd8    00000124     servo.obj (.text)
                  00001dfc    00000120     rtsv7M4_T_le_v4SPD16_eabi.lib : _printfi.c.obj (.text:fcvt)
                  00001f1c    00000110                                   : s_scalbn.c.obj (.text:scalbn)
                  0000202c    000000fc                                   : fd_mul_t2.asm.obj (.text)
                  00002128    000000b1                                   : _printfi.c.obj (.text:_ltostr)
                  000021d9    00000001     --HOLE-- [fill = 0]
                  000021da    0000009c                                   : memcpy_t2.asm.obj (.text)
                  00002276    00000096                                   : ull_div_t2.asm.obj (.text)
                  0000230c    00000086                                   : fd_cmp_t2.asm.obj (.text:__aeabi_cdcmple)
                  00002392    00000086                                   : fd_cmp_t2.asm.obj (.text:__aeabi_cdrcmple)
                  00002418    0000007a                                   : memset_t2.asm.obj (.text)
                  00002492    0000006e                                   : _printfi.c.obj (.text:_mcpy)
                  00002500    0000006e                                   : fd_tos_t2.asm.obj (.text)
                  0000256e    00000068                                   : copy_decompress_lzss.c.obj (.text:decompress:lzss:__TI_decompress_lzss)
                  000025d6    00000002     --HOLE-- [fill = 0]
                  000025d8    00000064                                   : s_frexp.c.obj (.text:frexp)
                  0000263c    00000056                                   : _printfi.c.obj (.text:_pconv_f)
                  00002692    00000054                                   : ltoa.c.obj (.text:ltoa)
                  000026e6    00000052                                   : _printfi.c.obj (.text:_ecpy)
                  00002738    0000004c                                   : atoi.c.obj (.text:atoi)
                  00002784    00000048                                   : fd_toi_t2.asm.obj (.text)
                  000027cc    00000044                                   : autoinit.c.obj (.text:__TI_auto_init_nobinit_nopinit:__TI_auto_init_nobinit_nopinit)
                  00002810    00000040                                   : vsnprintf.c.obj (.text:vsnprintf)
                  00002850    0000003e                                   : _printfi.c.obj (.text:_fcpy)
                  0000288e    00000002     --HOLE-- [fill = 0]
                  00002890    00000038                                   : boot_cortex_m.c.obj (.text:_c_int00_noargs:_c_int00_noargs)
                  000028c8    00000038                                   : fs_tod_t2.asm.obj (.text)
                  00002900    00000034     driverlib.lib : interrupt.obj (.text:IntRegister)
                  00002934    00000030     rtsv7M4_T_le_v4SPD16_eabi.lib : vsnprintf.c.obj (.text:_outs)
                  00002964    0000002e                                   : i_tofd_t2.asm.obj (.text)
                  00002992    0000001e                                   : strcat.c.obj (.text:strcat)
                  000029b0    0000001c                                   : memccpy.c.obj (.text:memccpy)
                  000029cc    00000018                                   : vsnprintf.c.obj (.text:_outc)
                  000029e4    00000018                                   : strcmp.c.obj (.text:strcmp)
                  000029fc    00000016                                   : strchr.c.obj (.text:strchr)
                  00002a12    00000014                                   : s_copysign.c.obj (.text:copysign)
                  00002a26    00000014                                   : strcpy.c.obj (.text:strcpy)
                  00002a3a    00000014                                   : strlen.c.obj (.text:strlen)
                  00002a4e    00000012                                   : copy_zero_init.c.obj (.text:decompress:ZI:__TI_zero_init_nomemset:__TI_zero_init_nomemset)
                  00002a60    00000012                                   : wcslen.c.obj (.text:wcslen)
                  00002a72    00000010     lcd.obj (.text:lcd_clear)
                  00002a82    0000000e     rtsv7M4_T_le_v4SPD16_eabi.lib : copy_decompress_none.c.obj (.text:decompress:none:__TI_decompress_none)
                  00002a90    0000000c     tm4c123gh6pm_startup_ccs.obj (.text)
                  00002a9c    00000008     rtsv7M4_T_le_v4SPD16_eabi.lib : errno.c.obj (.text:__aeabi_errno_addr)
                  00002aa4    00000004                                   : pre_init.c.obj (.text:_system_pre_init)
                  00002aa8    00000004                                   : exit.c.obj (.text:abort:abort)

.const     0    00002aac    0000016d     
                  00002aac    00000101     rtsv7M4_T_le_v4SPD16_eabi.lib : ctype.c.obj (.const:.string:_ctypes_)
                  00002bad    00000064     lcd.obj (.const:.string:$P$T0$4)
                  00002c11    00000004     lcd.obj (.const:.string:lineAddress$1)
                  00002c15    00000004     lcd.obj (.const:.string:lineAddresses$2)

.cinit     0    00002c20    00000048     
                  00002c20    00000011     (.cinit..data.load) [load image, compression = lzss]
                  00002c31    00000003     --HOLE-- [fill = 0]
                  00002c34    0000000c     (__TI_handler_table)
                  00002c40    00000008     (.cinit..bss.load) [load image, compression = zero_init]
                  00002c48    00000008     (.cinit..vtable.load) [load image, compression = zero_init]
                  00002c50    00000018     (__TI_cinit_table)

.init_array 
*          0    00000000    00000000     UNINITIALIZED

.vtable    0    20000000    0000026c     UNINITIALIZED
                  20000000    0000026c     driverlib.lib : interrupt.obj (.vtable)

.stack     0    20000270    00001000     UNINITIALIZED
                  20000270    00000004     rtsv7M4_T_le_v4SPD16_eabi.lib : boot_cortex_m.c.obj (.stack)
                  20000274    00000ffc     --HOLE--

.sysmem    0    20001270    00001000     UNINITIALIZED
                  20001270    00000008     rtsv7M4_T_le_v4SPD16_eabi.lib : memory.c.obj (.sysmem)
                  20001278    00000ff8     --HOLE--

.bss       0    20002270    0000005c     UNINITIALIZED
                  20002270    00000054     lcd.obj (.bss:lastbuffer$3)
                  200022c4    00000004     (.common:button_event_ptr)
                  200022c8    00000004     (.common:button_num_ptr)

.data      0    200022d0    00000011     UNINITIALIZED
                  200022d0    0000000c     servo.obj (.data)
                  200022dc    00000004     rtsv7M4_T_le_v4SPD16_eabi.lib : errno.c.obj (.data)
                  200022e0    00000001     button.obj (.data)

MODULE SUMMARY

       Module                         code    ro data   rw data
       ------                         ----    -------   -------
    .\
       lcd.obj                        924     108       84     
       tm4c123gh6pm_startup_ccs.obj   12      620       0      
       l8_main.obj                    404     0         0      
       timer.obj                      344     0         0      
       button.obj                     296     0         9      
       servo.obj                      292     0         12     
    +--+------------------------------+-------+---------+---------+
       Total:                         2272    728       105    
                                                               
    C:/ti/TivaWare_C_Series-2.1.4.178/driverlib/ccs/Debug/driverlib.lib
       interrupt.obj                  52      0         620    
    +--+------------------------------+-------+---------+---------+
       Total:                         52      0         620    
                                                               
    C:\ti\ccsv8\tools\compiler\ti-cgt-arm_18.1.2.LTS\lib\rtsv7M4_T_le_v4SPD16_eabi.lib
       _printfi.c.obj                 4863    0         0      
       fd_add_t2.asm.obj              438     0         0      
       fd_div_t2.asm.obj              310     0         0      
       s_scalbn.c.obj                 272     0         0      
       fd_cmp_t2.asm.obj              268     0         0      
       ctype.c.obj                    0       257       0      
       fd_mul_t2.asm.obj              252     0         0      
       memcpy_t2.asm.obj              156     0         0      
       ull_div_t2.asm.obj             150     0         0      
       vsnprintf.c.obj                136     0         0      
       memset_t2.asm.obj              122     0         0      
       fd_tos_t2.asm.obj              110     0         0      
       copy_decompress_lzss.c.obj     104     0         0      
       s_frexp.c.obj                  100     0         0      
       ltoa.c.obj                     84      0         0      
       atoi.c.obj                     76      0         0      
       fd_toi_t2.asm.obj              72      0         0      
       autoinit.c.obj                 68      0         0      
       boot_cortex_m.c.obj            56      0         0      
       fs_tod_t2.asm.obj              56      0         0      
       i_tofd_t2.asm.obj              46      0         0      
       strcat.c.obj                   30      0         0      
       memccpy.c.obj                  28      0         0      
       strcmp.c.obj                   24      0         0      
       strchr.c.obj                   22      0         0      
       s_copysign.c.obj               20      0         0      
       strcpy.c.obj                   20      0         0      
       strlen.c.obj                   20      0         0      
       copy_zero_init.c.obj           18      0         0      
       wcslen.c.obj                   18      0         0      
       copy_decompress_none.c.obj     14      0         0      
       errno.c.obj                    8       0         4      
       exit.c.obj                     4       0         0      
       pre_init.c.obj                 4       0         0      
       div0.asm.obj                   2       0         0      
    +--+------------------------------+-------+---------+---------+
       Total:                         7971    257       4      
                                                               
       Heap:                          0       0         4096   
       Stack:                         0       0         4096   
       Linker Generated:              0       69        0      
    +--+------------------------------+-------+---------+---------+
       Grand Total:                   10295   1054      8921   


LINKER GENERATED COPY TABLES

__TI_cinit_table @ 00002c50 records: 3, size/record: 8, table size: 24
	.data: load addr=00002c20, load size=00000011 bytes, run addr=200022d0, run size=00000011 bytes, compression=lzss
	.bss: load addr=00002c40, load size=00000008 bytes, run addr=20002270, run size=0000005c bytes, compression=zero_init
	.vtable: load addr=00002c48, load size=00000008 bytes, run addr=20000000, run size=0000026c bytes, compression=zero_init


LINKER GENERATED HANDLER TABLE

__TI_handler_table @ 00002c34 records: 3, size/record: 4, table size: 12
	index: 0, handler: __TI_zero_init
	index: 1, handler: __TI_decompress_lzss
	index: 2, handler: __TI_decompress_none


GLOBAL SYMBOLS: SORTED ALPHABETICALLY BY Name 

address   name                          
-------   ----                          
00002aa9  C$$EXIT                       
00002901  IntRegister                   
00002a91  ResetISR                      
20001270  __STACK_END                   
00001000  __STACK_SIZE                  
20000470  __STACK_TOP                   
00001000  __SYSMEM_SIZE                 
00002c50  __TI_CINIT_Base               
00002c68  __TI_CINIT_Limit              
00002c34  __TI_Handler_Table_Base       
00002c40  __TI_Handler_Table_Limit      
000027cd  __TI_auto_init_nobinit_nopinit
0000256f  __TI_decompress_lzss          
00002a83  __TI_decompress_none          
ffffffff  __TI_pprof_out_hndl           
0000026d  __TI_printfi                  
ffffffff  __TI_prof_data_size           
ffffffff  __TI_prof_data_start          
00000000  __TI_static_base__            
00002a4f  __TI_zero_init_nomemset       
0000230d  __aeabi_cdcmpeq               
0000230d  __aeabi_cdcmple               
00002393  __aeabi_cdrcmple              
00002501  __aeabi_d2f                   
00002785  __aeabi_d2iz                  
000014a3  __aeabi_dadd                  
00001a79  __aeabi_ddiv                  
0000202d  __aeabi_dmul                  
00001499  __aeabi_dsub                  
00002a9d  __aeabi_errno_addr            
000028c9  __aeabi_f2d                   
00002965  __aeabi_i2d                   
00000ccb  __aeabi_idiv0                 
00000ccb  __aeabi_ldiv0                 
00002419  __aeabi_memclr                
00002419  __aeabi_memclr4               
00002419  __aeabi_memclr8               
000021db  __aeabi_memcpy                
000021db  __aeabi_memcpy4               
000021db  __aeabi_memcpy8               
0000241b  __aeabi_memset                
0000241b  __aeabi_memset4               
0000241b  __aeabi_memset8               
00002277  __aeabi_uldivmod              
ffffffff  __binit__                     
ffffffff  __c_args__                    
UNDEFED   __mpu_init                    
20000270  __stack                       
00002891  _c_int00_noargs               
00002aac  _ctypes_                      
20001270  _sys_memory                   
UNDEFED   _system_post_cinit            
00002aa5  _system_pre_init              
00002aa9  abort                         
00002739  atoi                          
ffffffff  binit                         
00001c4d  button_checkButtons           
200022c4  button_event_ptr              
00001c57  button_getButton              
00001bb1  button_init                   
200022c8  button_num_ptr                
00002a13  copysign                      
00002a13  copysignl                     
200022dc  errno                         
000025d9  frexp                         
000025d9  frexpl                        
20000000  g_pfnRAMVectors               
00000000  g_pfnVectors                  
00001c31  gpioe_handler                 
00001bdd  init_button_interrupts        
00002a73  lcd_clear                     
00000e65  lcd_gotoLine                  
00000ccd  lcd_init                      
00000ecb  lcd_printf                    
00000d8d  lcd_putc                      
00000dc5  lcd_puts                      
00000fa9  lcd_rotatingBanner            
00000de3  lcd_sendCommand               
00000e21  lcd_sendNibble                
00000e8d  lcd_setCursorPos              
00001f1d  ldexp                         
00001f1d  ldexpl                        
00002693  ltoa                          
00001651  main                          
000029b1  memccpy                       
000021db  memcpy                        
00002421  memset                        
200022d0  modifier                      
00001f1d  scalbn                        
00001f1d  scalbnl                       
00001cd9  servo_init                    
00001d5d  servo_move                    
200022d8  start                         
00002993  strcat                        
000029fd  strchr                        
000029e5  strcmp                        
00002a27  strcpy                        
00002a3b  strlen                        
000018f5  timer_getClock                
000018a9  timer_startClock              
00001843  timer_startTimer              
000018fb  timer_stopClock               
00001893  timer_stopTimer               
00001819  timer_waitMicros              
000017e5  timer_waitMillis              
00002811  vsnprintf                     
00002a61  wcslen                        


GLOBAL SYMBOLS: SORTED BY Symbol Address 

address   name                          
-------   ----                          
00000000  __TI_static_base__            
00000000  g_pfnVectors                  
0000026d  __TI_printfi                  
00000ccb  __aeabi_idiv0                 
00000ccb  __aeabi_ldiv0                 
00000ccd  lcd_init                      
00000d8d  lcd_putc                      
00000dc5  lcd_puts                      
00000de3  lcd_sendCommand               
00000e21  lcd_sendNibble                
00000e65  lcd_gotoLine                  
00000e8d  lcd_setCursorPos              
00000ecb  lcd_printf                    
00000fa9  lcd_rotatingBanner            
00001000  __STACK_SIZE                  
00001000  __SYSMEM_SIZE                 
00001499  __aeabi_dsub                  
000014a3  __aeabi_dadd                  
00001651  main                          
000017e5  timer_waitMillis              
00001819  timer_waitMicros              
00001843  timer_startTimer              
00001893  timer_stopTimer               
000018a9  timer_startClock              
000018f5  timer_getClock                
000018fb  timer_stopClock               
00001a79  __aeabi_ddiv                  
00001bb1  button_init                   
00001bdd  init_button_interrupts        
00001c31  gpioe_handler                 
00001c4d  button_checkButtons           
00001c57  button_getButton              
00001cd9  servo_init                    
00001d5d  servo_move                    
00001f1d  ldexp                         
00001f1d  ldexpl                        
00001f1d  scalbn                        
00001f1d  scalbnl                       
0000202d  __aeabi_dmul                  
000021db  __aeabi_memcpy                
000021db  __aeabi_memcpy4               
000021db  __aeabi_memcpy8               
000021db  memcpy                        
00002277  __aeabi_uldivmod              
0000230d  __aeabi_cdcmpeq               
0000230d  __aeabi_cdcmple               
00002393  __aeabi_cdrcmple              
00002419  __aeabi_memclr                
00002419  __aeabi_memclr4               
00002419  __aeabi_memclr8               
0000241b  __aeabi_memset                
0000241b  __aeabi_memset4               
0000241b  __aeabi_memset8               
00002421  memset                        
00002501  __aeabi_d2f                   
0000256f  __TI_decompress_lzss          
000025d9  frexp                         
000025d9  frexpl                        
00002693  ltoa                          
00002739  atoi                          
00002785  __aeabi_d2iz                  
000027cd  __TI_auto_init_nobinit_nopinit
00002811  vsnprintf                     
00002891  _c_int00_noargs               
000028c9  __aeabi_f2d                   
00002901  IntRegister                   
00002965  __aeabi_i2d                   
00002993  strcat                        
000029b1  memccpy                       
000029e5  strcmp                        
000029fd  strchr                        
00002a13  copysign                      
00002a13  copysignl                     
00002a27  strcpy                        
00002a3b  strlen                        
00002a4f  __TI_zero_init_nomemset       
00002a61  wcslen                        
00002a73  lcd_clear                     
00002a83  __TI_decompress_none          
00002a91  ResetISR                      
00002a9d  __aeabi_errno_addr            
00002aa5  _system_pre_init              
00002aa9  C$$EXIT                       
00002aa9  abort                         
00002aac  _ctypes_                      
00002c34  __TI_Handler_Table_Base       
00002c40  __TI_Handler_Table_Limit      
00002c50  __TI_CINIT_Base               
00002c68  __TI_CINIT_Limit              
20000000  g_pfnRAMVectors               
20000270  __stack                       
20000470  __STACK_TOP                   
20001270  __STACK_END                   
20001270  _sys_memory                   
200022c4  button_event_ptr              
200022c8  button_num_ptr                
200022d0  modifier                      
200022d8  start                         
200022dc  errno                         
ffffffff  __TI_pprof_out_hndl           
ffffffff  __TI_prof_data_size           
ffffffff  __TI_prof_data_start          
ffffffff  __binit__                     
ffffffff  __c_args__                    
ffffffff  binit                         
UNDEFED   __mpu_init                    
UNDEFED   _system_post_cinit            

[107 symbols]
